gthr-default.h:229:1:int __gthread_key_delete(__gthread_key_t)	16	static
atomic_base.h:99:3:constexpr std::memory_order std::operator&(std::memory_order, std::__memory_order_modifier)	16	static
Lab9ex1.cpp:35:5:int generateRandDelay()	32	static
Lab9ex1.cpp:46:13:void prvSetupHardware()	8	static
Lab9ex1.cpp:55:13:void vTask1(void*)	32	static
Lab9ex1.cpp:73:13:void vTask2(void*)	72	static
Lab9ex1.cpp:93:13:void vTask3(void*)	72	static
Lab9ex1.cpp:113:13:void vTask4(void*)	72	static
Lab9ex1.cpp:141:6:void vConfigureTimerForRunTimeStats()	8	static
Lab9ex1.cpp:151:5:int main()	24	static
random.h:271:7:std::linear_congruential_engine<_UIntType, __a, __c, __m>::linear_congruential_engine() [with _UIntType = unsigned int; _UIntType __a = 16807; _UIntType __c = 0; _UIntType __m = 2147483647]	16	static
uniform_int_dist.h:112:7:std::uniform_int_distribution<_IntType>::uniform_int_distribution(_IntType, _IntType) [with _IntType = int]	24	static
std_mutex.h:158:16:std::lock_guard<_Mutex>::lock_guard(std::lock_guard<_Mutex>::mutex_type&) [with _Mutex = Fmutex]	16	static
std_mutex.h:164:7:std::lock_guard<_Mutex>::~lock_guard() [with _Mutex = Fmutex]	16	static
uniform_int_dist.h:172:2:std::uniform_int_distribution<_IntType>::result_type std::uniform_int_distribution<_IntType>::operator()(_UniformRandomNumberGenerator&) [with _UniformRandomNumberGenerator = std::linear_congruential_engine<unsigned int, 16807, 0, 2147483647>; _IntType = int]	16	static
atomic_base.h:295:7:std::__atomic_base<_IntTp>::__int_type std::__atomic_base<_IntTp>::operator=(std::__atomic_base<_IntTp>::__int_type) volatile [with _ITp = long unsigned int]	32	static
atomic_base.h:284:7:std::__atomic_base<_IntTp>::operator std::__atomic_base<_IntTp>::__int_type() const volatile [with _ITp = long unsigned int]	24	static
random.h:282:7:std::linear_congruential_engine<_UIntType, __a, __c, __m>::linear_congruential_engine(std::linear_congruential_engine<_UIntType, __a, __c, __m>::result_type) [with _UIntType = unsigned int; _UIntType __a = 16807; _UIntType __c = 0; _UIntType __m = 2147483647]	16	static
uniform_int_dist.h:74:2:std::uniform_int_distribution<_IntType>::param_type::param_type(_IntType, _IntType) [with _IntType = int]	24	static
uniform_int_dist.h:225:7:std::uniform_int_distribution<_IntType>::result_type std::uniform_int_distribution<_IntType>::operator()(_UniformRandomNumberGenerator&, const std::uniform_int_distribution<_IntType>::param_type&) [with _UniformRandomNumberGenerator = std::linear_congruential_engine<unsigned int, 16807, 0, 2147483647>; _IntType = int]	80	static
random.tcc:116:5:void std::linear_congruential_engine<_UIntType, __a, __c, __m>::seed(std::linear_congruential_engine<_UIntType, __a, __c, __m>::result_type) [with _UIntType = unsigned int; _UIntType __a = 16807; _UIntType __c = 0; _UIntType __m = 2147483647]	16	static
uniform_int_dist.h:86:2:std::uniform_int_distribution<_IntType>::result_type std::uniform_int_distribution<_IntType>::param_type::b() const [with _IntType = int]	16	static
uniform_int_dist.h:82:2:std::uniform_int_distribution<_IntType>::result_type std::uniform_int_distribution<_IntType>::param_type::a() const [with _IntType = int]	16	static
random.h:347:7:std::linear_congruential_engine<_UIntType, __a, __c, __m>::result_type std::linear_congruential_engine<_UIntType, __a, __c, __m>::operator()() [with _UIntType = unsigned int; _UIntType __a = 16807; _UIntType __c = 0; _UIntType __m = 2147483647]	16	static
random.h:146:7:_Tp std::__detail::__mod(_Tp) [with _Tp = unsigned int; _Tp __m = 2147483647; _Tp __a = 1; _Tp __c = 0]	16	static
random.h:146:7:_Tp std::__detail::__mod(_Tp) [with _Tp = unsigned int; _Tp __m = 2147483647; _Tp __a = 16807; _Tp __c = 0]	16	static
random.h:135:2:static _Tp std::__detail::_Mod<_Tp, __m, __a, __c, true, __s>::__calc(_Tp) [with _Tp = unsigned int; _Tp __m = 2147483647; _Tp __a = 1; _Tp __c = 0; bool __s = true]	24	static
random.tcc:52:7:static _Tp std::__detail::_Mod<_Tp, __m, __a, __c, false, true>::__calc(_Tp) [with _Tp = unsigned int; _Tp __m = 2147483647; _Tp __a = 16807; _Tp __c = 0]	24	static
Lab9ex1.cpp:181:1:void __static_initialization_and_destruction_0(int, int)	16	static
Lab9ex1.cpp:181:1:cpp)	8	static
