core_cm3.h:1323:22:void NVIC_EnableIRQ(IRQn_Type)	16	static
core_cm3.h:1375:22:void NVIC_ClearPendingIRQ(IRQn_Type)	16	static
core_cm3.h:1405:22:void NVIC_SetPriority(IRQn_Type, uint32_t)	16	static
sysctl_15xx.h:185:20:void Chip_SYSCTL_PeriphReset(CHIP_SYSCTL_PERIPH_RESET_T)	16	static
pinint_15xx.h:79:20:void Chip_PININT_Init(LPC_PIN_INT_T*)	16	static
pinint_15xx.h:101:20:void Chip_PININT_SetPinModeEdge(LPC_PIN_INT_T*, uint32_t)	16	static
pinint_15xx.h:171:20:void Chip_PININT_EnableIntLow(LPC_PIN_INT_T*, uint32_t)	16	static
pinint_15xx.h:245:20:void Chip_PININT_ClearIntStatus(LPC_PIN_INT_T*, uint32_t)	16	static
inmux_15xx.h:221:20:void Chip_INMUX_PinIntSel(uint8_t, uint8_t, uint8_t)	16	static
main.cpp:14:13:void setup()	8	static
main.cpp:26:6:void PIN_INT4_IRQHandler()	16	static
main.cpp:35:13:void vTask1(void*)	640	static
main.cpp:178:5:int main()	16	static
main.cpp:194:1:void __static_initialization_and_destruction_0(int, int)	16	static
main.cpp:194:1:cpp)	8	static
