Archive member included to satisfy reference by file (symbol)

C:\Users\David\Desktop\MCUxpresso Projects\workspace\lpc_board_nxp_lpcxpresso_1549\Debug\liblpc_board_nxp_lpcxpresso_1549.a(board_sysinit.o)
                              ./src/sysinit.o (Board_SystemInit)
C:\Users\David\Desktop\MCUxpresso Projects\workspace\lpc_chip_15xx\Debug\liblpc_chip_15xx.a(clock_15xx.o)
                              ./src/LpcUart.o (Chip_Clock_GetMainClockRate)
C:\Users\David\Desktop\MCUxpresso Projects\workspace\lpc_chip_15xx\Debug\liblpc_chip_15xx.a(iocon_15xx.o)
                              C:\Users\David\Desktop\MCUxpresso Projects\workspace\lpc_board_nxp_lpcxpresso_1549\Debug\liblpc_board_nxp_lpcxpresso_1549.a(board_sysinit.o) (Chip_IOCON_SetPinMuxing)
C:\Users\David\Desktop\MCUxpresso Projects\workspace\lpc_chip_15xx\Debug\liblpc_chip_15xx.a(ring_buffer.o)
                              ./src/LpcUart.o (RingBuffer_Init)
C:\Users\David\Desktop\MCUxpresso Projects\workspace\lpc_chip_15xx\Debug\liblpc_chip_15xx.a(swm_15xx.o)
                              ./src/ITM_write.o (Chip_SWM_MovablePinAssign)
C:\Users\David\Desktop\MCUxpresso Projects\workspace\lpc_chip_15xx\Debug\liblpc_chip_15xx.a(sysctl_15xx.o)
                              C:\Users\David\Desktop\MCUxpresso Projects\workspace\lpc_board_nxp_lpcxpresso_1549\Debug\liblpc_board_nxp_lpcxpresso_1549.a(board_sysinit.o) (Chip_SYSCTL_AssertPeriphReset)
C:\Users\David\Desktop\MCUxpresso Projects\workspace\lpc_chip_15xx\Debug\liblpc_chip_15xx.a(sysinit_15xx.o)
                              C:\Users\David\Desktop\MCUxpresso Projects\workspace\lpc_board_nxp_lpcxpresso_1549\Debug\liblpc_board_nxp_lpcxpresso_1549.a(board_sysinit.o) (Chip_SetupXtalClocking)
C:\Users\David\Desktop\MCUxpresso Projects\workspace\lpc_chip_15xx\Debug\liblpc_chip_15xx.a(uart_15xx.o)
                              ./src/LpcUart.o (Chip_UART_Init)
C:\Users\David\Desktop\MCUxpresso Projects\workspace\FreeRTOS\Debug\libFreeRTOS.a(queue.o)
                              ./src/BinarySemaphore.o (xQueueGenericCreate)
C:\Users\David\Desktop\MCUxpresso Projects\workspace\FreeRTOS\Debug\libFreeRTOS.a(tasks.o)
                              C:\Users\David\Desktop\MCUxpresso Projects\workspace\FreeRTOS\Debug\libFreeRTOS.a(queue.o) (vTaskSuspendAll)
C:\Users\David\Desktop\MCUxpresso Projects\workspace\FreeRTOS\Debug\libFreeRTOS.a(heap_3.o)
                              C:\Users\David\Desktop\MCUxpresso Projects\workspace\FreeRTOS\Debug\libFreeRTOS.a(queue.o) (pvPortMalloc)
C:\Users\David\Desktop\MCUxpresso Projects\workspace\FreeRTOS\Debug\libFreeRTOS.a(port.o)
                              C:\Users\David\Desktop\MCUxpresso Projects\workspace\FreeRTOS\Debug\libFreeRTOS.a(tasks.o) (pxPortInitialiseStack)
C:\Users\David\Desktop\MCUxpresso Projects\workspace\FreeRTOS\Debug\libFreeRTOS.a(FreeRTOSCommonHooks.o)
                              C:\Users\David\Desktop\MCUxpresso Projects\workspace\FreeRTOS\Debug\libFreeRTOS.a(heap_3.o) (vApplicationMallocFailedHook)
C:\Users\David\Desktop\MCUxpresso Projects\workspace\FreeRTOS\Debug\libFreeRTOS.a(list.o)
                              C:\Users\David\Desktop\MCUxpresso Projects\workspace\FreeRTOS\Debug\libFreeRTOS.a(queue.o) (vListInitialise)
c:/nxp/mcuxpressoide_11.2.0_4120/ide/plugins/com.nxp.mcuxpresso.tools.win32_11.2.0.202001021529/tools/bin/../lib/gcc/arm-none-eabi/9.2.1/thumb/v7-m/nofp\libgcc.a(_aeabi_uldivmod.o)
                              C:\Users\David\Desktop\MCUxpresso Projects\workspace\lpc_chip_15xx\Debug\liblpc_chip_15xx.a(clock_15xx.o) (__aeabi_uldivmod)
c:/nxp/mcuxpressoide_11.2.0_4120/ide/plugins/com.nxp.mcuxpresso.tools.win32_11.2.0.202001021529/tools/bin/../lib/gcc/arm-none-eabi/9.2.1/thumb/v7-m/nofp\libgcc.a(_udivmoddi4.o)
                              c:/nxp/mcuxpressoide_11.2.0_4120/ide/plugins/com.nxp.mcuxpresso.tools.win32_11.2.0.202001021529/tools/bin/../lib/gcc/arm-none-eabi/9.2.1/thumb/v7-m/nofp\libgcc.a(_aeabi_uldivmod.o) (__udivmoddi4)
c:/nxp/mcuxpressoide_11.2.0_4120/ide/plugins/com.nxp.mcuxpresso.tools.win32_11.2.0.202001021529/tools/bin/../lib/gcc/arm-none-eabi/9.2.1/thumb/v7-m/nofp\libgcc.a(_dvmd_tls.o)
                              c:/nxp/mcuxpressoide_11.2.0_4120/ide/plugins/com.nxp.mcuxpresso.tools.win32_11.2.0.202001021529/tools/bin/../lib/gcc/arm-none-eabi/9.2.1/thumb/v7-m/nofp\libgcc.a(_aeabi_uldivmod.o) (__aeabi_ldiv0)
c:/nxp/mcuxpressoide_11.2.0_4120/ide/plugins/com.nxp.mcuxpresso.tools.win32_11.2.0.202001021529/tools/bin/../lib/gcc/arm-none-eabi/9.2.1/../../../../arm-none-eabi/lib/thumb/v7-m/nofp\libc.a(lib_a-impure.o)
                              C:\Users\David\Desktop\MCUxpresso Projects\workspace\FreeRTOS\Debug\libFreeRTOS.a(tasks.o) (_impure_ptr)
c:/nxp/mcuxpressoide_11.2.0_4120/ide/plugins/com.nxp.mcuxpresso.tools.win32_11.2.0.202001021529/tools/bin/../lib/gcc/arm-none-eabi/9.2.1/../../../../arm-none-eabi/lib/thumb/v7-m/nofp\libc.a(lib_a-init.o)
[...]
Memory Configuration

Name             Origin             Length             Attributes
MFlash256        0x00000000         0x00040000         xr
Ram0_16_32       0x02000000         0x00008000         xrw
Ram2_4           0x02008000         0x00001000         xrw
*default*        0x00000000         0xffffffff

Linker script and memory map

LOAD ./src/BinarySemaphore.o
LOAD ./src/CountingSemaphore.o
LOAD ./src/DigitalIoPin.o
LOAD ./src/Fmutex.o
LOAD ./src/GCodeItem.o
LOAD ./src/ITM_write.o
LOAD ./src/LpcUart.o
LOAD ./src/cr_cpp_config.o
LOAD ./src/cr_startup_lpc15xx.o
LOAD ./src/crp.o
LOAD ./src/main.o
LOAD ./src/sysinit.o
LOAD C:\Users\David\Desktop\MCUxpresso Projects\workspace\lpc_board_nxp_lpcxpresso_1549\Debug\liblpc_board_nxp_lpcxpresso_1549.a
LOAD C:\Users\David\Desktop\MCUxpresso Projects\workspace\lpc_chip_15xx\Debug\liblpc_chip_15xx.a
LOAD C:\Users\David\Desktop\MCUxpresso Projects\workspace\FreeRTOS\Debug\libFreeRTOS.a
START GROUP
LOAD c:/nxp/mcuxpressoide_11.2.0_4120/ide/plugins/com.nxp.mcuxpresso.tools.win32_11.2.0.202001021529/tools/bin/../lib/gcc/arm-none-eabi/9.2.1/thumb/v7-m/nofp\libgcc.a
LOAD c:/nxp/mcuxpressoide_11.2.0_4120/ide/plugins/com.nxp.mcuxpresso.tools.win32_11.2.0.202001021529/tools/bin/../lib/gcc/arm-none-eabi/9.2.1/../../../../arm-none-eabi/lib/thumb/v7-m/nofp\libc.a
LOAD c:/nxp/mcuxpressoide_11.2.0_4120/ide/plugins/com.nxp.mcuxpresso.tools.win32_11.2.0.202001021529/tools/bin/../lib/gcc/arm-none-eabi/9.2.1/../../../../arm-none-eabi/lib/thumb/v7-m/nofp\libstdc++.a
LOAD c:/nxp/mcuxpressoide_11.2.0_4120/ide/plugins/com.nxp.mcuxpresso.tools.win32_11.2.0.202001021529/tools/bin/../lib/gcc/arm-none-eabi/9.2.1/../../../../arm-none-eabi/lib/thumb/v7-m/nofp\libm.a
LOAD c:/nxp/mcuxpressoide_11.2.0_4120/ide/plugins/com.nxp.mcuxpresso.tools.win32_11.2.0.202001021529/tools/bin/../lib/gcc/arm-none-eabi/9.2.1/../../../../arm-none-eabi/lib/thumb/v7-m/nofp\libcr_newlib_nohost.a
LOAD c:/nxp/mcuxpressoide_11.2.0_4120/ide/plugins/com.nxp.mcuxpresso.tools.win32_11.2.0.202001021529/tools/bin/../lib/gcc/arm-none-eabi/9.2.1/thumb/v7-m/nofp\crti.o
LOAD c:/nxp/mcuxpressoide_11.2.0_4120/ide/plugins/com.nxp.mcuxpresso.tools.win32_11.2.0.202001021529/tools/bin/../lib/gcc/arm-none-eabi/9.2.1/thumb/v7-m/nofp\crtn.o
LOAD c:/nxp/mcuxpressoide_11.2.0_4120/ide/plugins/com.nxp.mcuxpresso.tools.win32_11.2.0.202001021529/tools/bin/../lib/gcc/arm-none-eabi/9.2.1/thumb/v7-m/nofp\crtbegin.o
LOAD c:/nxp/mcuxpressoide_11.2.0_4120/ide/plugins/com.nxp.mcuxpresso.tools.win32_11.2.0.202001021529/tools/bin/../lib/gcc/arm-none-eabi/9.2.1/thumb/v7-m/nofp\crtend.o
END GROUP
                0x00000000                __base_MFlash256 = 0x0
                0x00000000                __base_Flash = 0x0
                0x00040000                __top_MFlash256 = 0x40000
                0x00040000                __top_Flash = 0x40000
                0x02000000                __base_Ram0_16_32 = 0x2000000
                0x02000000                __base_RAM = 0x2000000
                0x02008000                __top_Ram0_16_32 = 0x2008000
                0x02008000                __top_RAM = 0x2008000
                0x02008000                __base_Ram2_4 = 0x2008000
                0x02008000                __base_RAM2 = 0x2008000
                0x02009000                __top_Ram2_4 = 0x2009000
                0x02009000                __top_RAM2 = 0x2009000

.text           0x00000000     0x1334
 FILL mask 0xff
                0x00000000                __vectors_start__ = ABSOLUTE (.)
 *(.isr_vector)
 .isr_vector    0x00000000       0xfc ./src/cr_startup_lpc15xx.o
                0x00000000                g_pfnVectors
                0x000000fc                . = ALIGN (0x4)
                0x000000fc                __section_table_start = .
                0x000000fc                __data_section_table = .
                0x000000fc        0x4 LONG 0x1334 LOADADDR (.data)
                0x00000100        0x4 LONG 0x2000000 ADDR (.data)
                0x00000104        0x4 LONG 0x430 SIZEOF (.data)
                0x00000108        0x4 LONG 0x1334 LOADADDR (.data_RAM2)
                0x0000010c        0x4 LONG 0x2008000 ADDR (.data_RAM2)
                0x00000110        0x4 LONG 0x0 SIZEOF (.data_RAM2)
                0x00000114                __data_section_table_end = .
                0x00000114                __bss_section_table = .
                0x00000114        0x4 LONG 0x2000430 ADDR (.bss)
                0x00000118        0x4 LONG 0x104 SIZEOF (.bss)
                0x0000011c        0x4 LONG 0x2008000 ADDR (.bss_RAM2)
                0x00000120        0x4 LONG 0x0 SIZEOF (.bss_RAM2)
                0x00000124                __bss_section_table_end = .
                0x00000124                __section_table_end = .
 *(.after_vectors*)
 .after_vectors
                0x00000124      0x140 ./src/cr_startup_lpc15xx.o
                0x00000124                data_init(unsigned int, unsigned int, unsigned int)
                0x00000166                bss_init(unsigned int, unsigned int)
                0x0000019c                ResetISR
                0x00000228                NMI_Handler
                0x0000022e                HardFault_Handler
                0x00000234                MemManage_Handler
                0x0000023a                BusFault_Handler
                0x00000240                UsageFault_Handler
                0x0000024c                DebugMon_Handler
                0x0000025e                RTC_WAKE_IRQHandler
                0x0000025e                MRT_IRQHandler
                0x0000025e                ADC1_THCMP_IRQHandler
                0x0000025e                SPI1_IRQHandler
                0x0000025e                PIN_INT6_IRQHandler
                0x0000025e                IntDefaultHandler
                0x0000025e                PIN_INT4_IRQHandler
                0x0000025e                CAN_IRQHandler
                0x0000025e                RTC_ALARM_IRQHandler
                0x0000025e                ADC1B_IRQHandler
                0x0000025e                ADC1_OVR_IRQHandler
                0x0000025e                USBWakeup_IRQHandler
                0x0000025e                PIN_INT5_IRQHandler
                0x0000025e                SCT1_IRQHandler
                0x0000025e                PIN_INT2_IRQHandler
                0x0000025e                USB_FIQHandler
                0x0000025e                ADC0_OVR_IRQHandler
                0x0000025e                PIN_INT7_IRQHandler
                0x0000025e                SCT0_IRQHandler
                0x0000025e                PIN_INT1_IRQHandler
                0x0000025e                USB_IRQHandler
                0x0000025e                BOD_IRQHandler
                0x0000025e                ADC0B_IRQHandler
                0x0000025e                ACMP0_IRQHandler
                0x0000025e                I2C0_IRQHandler
                0x0000025e                RIT_IRQHandler
                0x0000025e                WDT_IRQHandler
                0x0000025e                PIN_INT0_IRQHandler
                0x0000025e                QEI_IRQHandler
                0x0000025e                ACMP3_IRQHandler
                0x0000025e                GINT0_IRQHandler
                0x0000025e                DAC_IRQHandler
                0x0000025e                SPI0_IRQHandler
                0x0000025e                EEPROM_IRQHandler
                0x0000025e                ACMP2_IRQHandler
                0x0000025e                SCT2_IRQHandler
                0x0000025e                ADC1A_IRQHandler
                0x0000025e                DMA_IRQHandler
                0x0000025e                PIN_INT3_IRQHandler
                0x0000025e                ACMP1_IRQHandler
                0x0000025e                SCT3_IRQHandler
                0x0000025e                ADC0A_IRQHandler
                0x0000025e                FMC_IRQHandler
                0x0000025e                GINT1_IRQHandler
                0x0000025e                ADC0_THCMP_IRQHandler
 *(.text*)
 .text.Chip_UART_GetIntStatus
                0x00000264       0x16 ./src/LpcUart.o
 *fill*         0x0000027a        0x2 ff
 .text.UART0_IRQHandler
                0x0000027c       0x48 ./src/LpcUart.o
                0x0000027c                UART0_IRQHandler
 .text.UART1_IRQHandler
                0x000002c4       0x48 ./src/LpcUart.o
                0x000002c4                UART1_IRQHandler
 .text.UART2_IRQHandler
                0x0000030c       0x48 ./src/LpcUart.o
                0x0000030c                UART2_IRQHandler
 .text._ZN7LpcUart3isrEPl
                0x00000354       0x92 ./src/LpcUart.o
                0x00000354                LpcUart::isr(long*)
 .text.main     0x000003e6        0xe ./src/main.o
                0x000003e6                main
 .text.SystemInit
                0x000003f4        0xc ./src/sysinit.o
                0x000003f4                SystemInit
 .text.Chip_SYSCTL_PeriphReset
                0x00000400       0x22 C:\Users\David\Desktop\MCUxpresso Projects\workspace\lpc_board_nxp_lpcxpresso_1549\Debug\liblpc_board_nxp_lpcxpresso_1549.a(board_sysinit.o)
 *fill*         0x00000422        0x2 ff
 .text.Chip_Clock_SetUSBPLLSource
                0x00000424       0x20 C:\Users\David\Desktop\MCUxpresso Projects\workspace\lpc_board_nxp_lpcxpresso_1549\Debug\liblpc_board_nxp_lpcxpresso_1549.a(board_sysinit.o)
 .text.Chip_Clock_SetupUSBPLL
                0x00000444       0x34 C:\Users\David\Desktop\MCUxpresso Projects\workspace\lpc_board_nxp_lpcxpresso_1549\Debug\liblpc_board_nxp_lpcxpresso_1549.a(board_sysinit.o)
 .text.Chip_Clock_IsUSBPLLLocked
                0x00000478       0x24 C:\Users\David\Desktop\MCUxpresso Projects\workspace\lpc_board_nxp_lpcxpresso_1549\Debug\liblpc_board_nxp_lpcxpresso_1549.a(board_sysinit.o)
 .text.Chip_Clock_SetSysTickClockDiv
                0x0000049c       0x20 C:\Users\David\Desktop\MCUxpresso Projects\workspace\lpc_board_nxp_lpcxpresso_1549\Debug\liblpc_board_nxp_lpcxpresso_1549.a(board_sysinit.o)
 .text.Chip_SWM_MovablePortPinAssign
                0x000004bc       0x30 C:\Users\David\Desktop\MCUxpresso Projects\workspace\lpc_board_nxp_lpcxpresso_1549\Debug\liblpc_board_nxp_lpcxpresso_1549.a(board_sysinit.o)
 .text.Board_SetupMuxing
                0x000004ec       0x84 C:\Users\David\Desktop\MCUxpresso Projects\workspace\lpc_board_nxp_lpcxpresso_1549\Debug\liblpc_board_nxp_lpcxpresso_1549.a(board_sysinit.o)
                0x000004ec                Board_SetupMuxing
 .text.Board_SetupClocking
                0x00000570       0x3a C:\Users\David\Desktop\MCUxpresso Projects\workspace\lpc_board_nxp_lpcxpresso_1549\Debug\liblpc_board_nxp_lpcxpresso_1549.a(board_sysinit.o)
                0x00000570                Board_SetupClocking
 *fill*         0x000005aa        0x2 ff
 .text.Board_SystemInit
                0x000005ac       0x1c C:\Users\David\Desktop\MCUxpresso Projects\workspace\lpc_board_nxp_lpcxpresso_1549\Debug\liblpc_board_nxp_lpcxpresso_1549.a(board_sysinit.o)
                0x000005ac                Board_SystemInit
 .text.Chip_Clock_SetMain_A_ClockSource
                0x000005c8       0x20 C:\Users\David\Desktop\MCUxpresso Projects\workspace\lpc_chip_15xx\Debug\liblpc_chip_15xx.a(clock_15xx.o)
 .text.Chip_Clock_SetMain_B_ClockSource
                0x000005e8       0x20 C:\Users\David\Desktop\MCUxpresso Projects\workspace\lpc_chip_15xx\Debug\liblpc_chip_15xx.a(clock_15xx.o)
 .text.Chip_Clock_SetMainClockSource
                0x00000608       0x3c C:\Users\David\Desktop\MCUxpresso Projects\workspace\lpc_chip_15xx\Debug\liblpc_chip_15xx.a(clock_15xx.o)
                0x00000608                Chip_Clock_SetMainClockSource
 .text.Chip_Clock_EnablePeriphClock
                0x00000644       0x58 C:\Users\David\Desktop\MCUxpresso Projects\workspace\lpc_chip_15xx\Debug\liblpc_chip_15xx.a(clock_15xx.o)
                0x00000644                Chip_Clock_EnablePeriphClock
 .text.Chip_IOCON_PinMuxSet
                0x0000069c       0x2c C:\Users\David\Desktop\MCUxpresso Projects\workspace\lpc_chip_15xx\Debug\liblpc_chip_15xx.a(iocon_15xx.o)
 .text.Chip_IOCON_SetPinMuxing
                0x000006c8       0x50 C:\Users\David\Desktop\MCUxpresso Projects\workspace\lpc_chip_15xx\Debug\liblpc_chip_15xx.a(iocon_15xx.o)
                0x000006c8                Chip_IOCON_SetPinMuxing
 .text.RingBuffer_GetCount
                0x00000718       0x20 C:\Users\David\Desktop\MCUxpresso Projects\workspace\lpc_chip_15xx\Debug\liblpc_chip_15xx.a(ring_buffer.o)
 .text.RingBuffer_IsFull
                0x00000738       0x26 C:\Users\David\Desktop\MCUxpresso Projects\workspace\lpc_chip_15xx\Debug\liblpc_chip_15xx.a(ring_buffer.o)
 .text.RingBuffer_IsEmpty
                0x0000075e       0x28 C:\Users\David\Desktop\MCUxpresso Projects\workspace\lpc_chip_15xx\Debug\liblpc_chip_15xx.a(ring_buffer.o)
 .text.RingBuffer_Insert
                0x00000786       0x5c C:\Users\David\Desktop\MCUxpresso Projects\workspace\lpc_chip_15xx\Debug\liblpc_chip_15xx.a(ring_buffer.o)
                0x00000786                RingBuffer_Insert
 .text.RingBuffer_Pop
                0x000007e2       0x5c C:\Users\David\Desktop\MCUxpresso Projects\workspace\lpc_chip_15xx\Debug\liblpc_chip_15xx.a(ring_buffer.o)
                0x000007e2                RingBuffer_Pop
 *fill*         0x0000083e        0x2 ff
 .text.Chip_SWM_MovablePinAssign
                0x00000840       0x5c C:\Users\David\Desktop\MCUxpresso Projects\workspace\lpc_chip_15xx\Debug\liblpc_chip_15xx.a(swm_15xx.o)
                0x00000840                Chip_SWM_MovablePinAssign
 .text.Chip_SYSCTL_AssertPeriphReset
                0x0000089c       0x4c C:\Users\David\Desktop\MCUxpresso Projects\workspace\lpc_chip_15xx\Debug\liblpc_chip_15xx.a(sysctl_15xx.o)
                0x0000089c                Chip_SYSCTL_AssertPeriphReset
 .text.Chip_SYSCTL_DeassertPeriphReset
                0x000008e8       0x50 C:\Users\David\Desktop\MCUxpresso Projects\workspace\lpc_chip_15xx\Debug\liblpc_chip_15xx.a(sysctl_15xx.o)
                0x000008e8                Chip_SYSCTL_DeassertPeriphReset
 .text.Chip_SYSCTL_PowerDown
                0x00000938       0x40 C:\Users\David\Desktop\MCUxpresso Projects\workspace\lpc_chip_15xx\Debug\liblpc_chip_15xx.a(sysctl_15xx.o)
                0x00000938                Chip_SYSCTL_PowerDown
 .text.Chip_SYSCTL_PowerUp
                0x00000978       0x40 C:\Users\David\Desktop\MCUxpresso Projects\workspace\lpc_chip_15xx\Debug\liblpc_chip_15xx.a(sysctl_15xx.o)
                0x00000978                Chip_SYSCTL_PowerUp
 .text.Chip_FMC_SetFLASHAccess
                0x000009b8       0x38 C:\Users\David\Desktop\MCUxpresso Projects\workspace\lpc_chip_15xx\Debug\liblpc_chip_15xx.a(sysinit_15xx.o)
 .text.Chip_Clock_SetSystemPLLSource
                0x000009f0       0x20 C:\Users\David\Desktop\MCUxpresso Projects\workspace\lpc_chip_15xx\Debug\liblpc_chip_15xx.a(sysinit_15xx.o)
 .text.Chip_Clock_SetupSystemPLL
                0x00000a10       0x34 C:\Users\David\Desktop\MCUxpresso Projects\workspace\lpc_chip_15xx\Debug\liblpc_chip_15xx.a(sysinit_15xx.o)
 .text.Chip_Clock_IsSystemPLLLocked
                0x00000a44       0x24 C:\Users\David\Desktop\MCUxpresso Projects\workspace\lpc_chip_15xx\Debug\liblpc_chip_15xx.a(sysinit_15xx.o)
 .text.Chip_Clock_SetSysClockDiv
                0x00000a68       0x20 C:\Users\David\Desktop\MCUxpresso Projects\workspace\lpc_chip_15xx\Debug\liblpc_chip_15xx.a(sysinit_15xx.o)
 .text.Chip_SetupXtalClocking
                0x00000a88       0x6c C:\Users\David\Desktop\MCUxpresso Projects\workspace\lpc_chip_15xx\Debug\liblpc_chip_15xx.a(sysinit_15xx.o)
                0x00000a88                Chip_SetupXtalClocking
 .text.RingBuffer_IsEmpty
                0x00000af4       0x28 C:\Users\David\Desktop\MCUxpresso Projects\workspace\lpc_chip_15xx\Debug\liblpc_chip_15xx.a(uart_15xx.o)
 .text.Chip_UART_SendByte
                0x00000b1c       0x1c C:\Users\David\Desktop\MCUxpresso Projects\workspace\lpc_chip_15xx\Debug\liblpc_chip_15xx.a(uart_15xx.o)
 .text.Chip_UART_ReadByte
                0x00000b38       0x1a C:\Users\David\Desktop\MCUxpresso Projects\workspace\lpc_chip_15xx\Debug\liblpc_chip_15xx.a(uart_15xx.o)
 .text.Chip_UART_IntDisable
                0x00000b52       0x1a C:\Users\David\Desktop\MCUxpresso Projects\workspace\lpc_chip_15xx\Debug\liblpc_chip_15xx.a(uart_15xx.o)
 .text.Chip_UART_GetStatus
                0x00000b6c       0x16 C:\Users\David\Desktop\MCUxpresso Projects\workspace\lpc_chip_15xx\Debug\liblpc_chip_15xx.a(uart_15xx.o)
 .text.Chip_UART_RXIntHandlerRB
                0x00000b82       0x3e C:\Users\David\Desktop\MCUxpresso Projects\workspace\lpc_chip_15xx\Debug\liblpc_chip_15xx.a(uart_15xx.o)
                0x00000b82                Chip_UART_RXIntHandlerRB
 .text.Chip_UART_TXIntHandlerRB
                0x00000bc0       0x40 C:\Users\David\Desktop\MCUxpresso Projects\workspace\lpc_chip_15xx\Debug\liblpc_chip_15xx.a(uart_15xx.o)
                0x00000bc0                Chip_UART_TXIntHandlerRB
 .text.Chip_UART_IRQRBHandler
                0x00000c00       0x48 C:\Users\David\Desktop\MCUxpresso Projects\workspace\lpc_chip_15xx\Debug\liblpc_chip_15xx.a(uart_15xx.o)
                0x00000c00                Chip_UART_IRQRBHandler
 .text.xTaskIncrementTick
                0x00000c48      0x150 C:\Users\David\Desktop\MCUxpresso Projects\workspace\FreeRTOS\Debug\libFreeRTOS.a(tasks.o)
                0x00000c48                xTaskIncrementTick
 .text.vTaskSwitchContext
                0x00000d98       0xe4 C:\Users\David\Desktop\MCUxpresso Projects\workspace\FreeRTOS\Debug\libFreeRTOS.a(tasks.o)
                0x00000d98                vTaskSwitchContext
 .text.prvResetNextTaskUnblockTime
                0x00000e7c       0x40 C:\Users\David\Desktop\MCUxpresso Projects\workspace\FreeRTOS\Debug\libFreeRTOS.a(tasks.o)
 .text.vTaskNotifyGiveFromISR
                0x00000ebc       0xe8 C:\Users\David\Desktop\MCUxpresso Projects\workspace\FreeRTOS\Debug\libFreeRTOS.a(tasks.o)
                0x00000ebc                vTaskNotifyGiveFromISR
 *fill*         0x00000fa4        0xc ff
 .text.SVC_Handler
                0x00000fb0       0x28 C:\Users\David\Desktop\MCUxpresso Projects\workspace\FreeRTOS\Debug\libFreeRTOS.a(port.o)
                0x00000fb0                SVC_Handler
 *fill*         0x00000fd8        0x8 ff
 .text.PendSV_Handler
                0x00000fe0       0x48 C:\Users\David\Desktop\MCUxpresso Projects\workspace\FreeRTOS\Debug\libFreeRTOS.a(port.o)
                0x00000fe0                PendSV_Handler
 .text.SysTick_Handler
                0x00001028       0x44 C:\Users\David\Desktop\MCUxpresso Projects\workspace\FreeRTOS\Debug\libFreeRTOS.a(port.o)
                0x00001028                SysTick_Handler
 .text.vApplicationStackOverflowHook
                0x0000106c       0x22 C:\Users\David\Desktop\MCUxpresso Projects\workspace\FreeRTOS\Debug\libFreeRTOS.a(FreeRTOSCommonHooks.o)
                0x0000106c                vApplicationStackOverflowHook
 .text.vListInsertEnd
                0x0000108e       0x46 C:\Users\David\Desktop\MCUxpresso Projects\workspace\FreeRTOS\Debug\libFreeRTOS.a(list.o)
                0x0000108e                vListInsertEnd
 .text.uxListRemove
                0x000010d4       0x52 C:\Users\David\Desktop\MCUxpresso Projects\workspace\FreeRTOS\Debug\libFreeRTOS.a(list.o)
                0x000010d4                uxListRemove
 *fill*         0x00001126        0x2 ff
 .text.__libc_init_array
                0x00001128       0x48 c:/nxp/mcuxpressoide_11.2.0_4120/ide/plugins/com.nxp.mcuxpresso.tools.win32_11.2.0.202001021529/tools/bin/../lib/gcc/arm-none-eabi/9.2.1/../../../../arm-none-eabi/lib/thumb/v7-m/nofp\libc.a(lib_a-init.o)
                0x00001128                __libc_init_array
 .text          0x00001170       0xec c:/nxp/mcuxpressoide_11.2.0_4120/ide/plugins/com.nxp.mcuxpresso.tools.win32_11.2.0.202001021529/tools/bin/../lib/gcc/arm-none-eabi/9.2.1/../../../../arm-none-eabi/lib/thumb/v7-m/nofp\libc.a(lib_a-memcpy.o)
                0x00001170                memcpy
 .text          0x0000125c       0x40 c:/nxp/mcuxpressoide_11.2.0_4120/ide/plugins/com.nxp.mcuxpresso.tools.win32_11.2.0.202001021529/tools/bin/../lib/gcc/arm-none-eabi/9.2.1/thumb/v7-m/nofp\crtbegin.o
 *(.rodata .rodata.* .constdata .constdata.*)
 .rodata.ioconSetup
                0x0000129c       0x74 C:\Users\David\Desktop\MCUxpresso Projects\workspace\lpc_board_nxp_lpcxpresso_1549\Debug\liblpc_board_nxp_lpcxpresso_1549.a(board_sysinit.o)
 .rodata.swmSetup
                0x00001310        0x6 C:\Users\David\Desktop\MCUxpresso Projects\workspace\lpc_board_nxp_lpcxpresso_1549\Debug\liblpc_board_nxp_lpcxpresso_1549.a(board_sysinit.o)
                0x00001318                . = ALIGN (0x4)
 *fill*         0x00001316        0x2 ff
                0x00001318                . = ALIGN (0x4)
 *(.init)
 .init          0x00001318        0x4 c:/nxp/mcuxpressoide_11.2.0_4120/ide/plugins/com.nxp.mcuxpresso.tools.win32_11.2.0.202001021529/tools/bin/../lib/gcc/arm-none-eabi/9.2.1/thumb/v7-m/nofp\crti.o
                0x00001318                _init
 .init          0x0000131c        0x8 c:/nxp/mcuxpressoide_11.2.0_4120/ide/plugins/com.nxp.mcuxpresso.tools.win32_11.2.0.202001021529/tools/bin/../lib/gcc/arm-none-eabi/9.2.1/thumb/v7-m/nofp\crtn.o
                0x00001324                . = ALIGN (0x4)
                0x00001324                __preinit_array_start = .
 *(.preinit_array)
                0x00001324                __preinit_array_end = .
                0x00001324                . = ALIGN (0x4)
                0x00001324                __init_array_start = .
 *(SORT_BY_NAME(.init_array.*))
 *(.init_array)
 .init_array    0x00001324        0x4 c:/nxp/mcuxpressoide_11.2.0_4120/ide/plugins/com.nxp.mcuxpresso.tools.win32_11.2.0.202001021529/tools/bin/../lib/gcc/arm-none-eabi/9.2.1/thumb/v7-m/nofp\crtbegin.o
                0x00001328                __init_array_end = .
 *(.fini)
 .fini          0x00001328        0x4 c:/nxp/mcuxpressoide_11.2.0_4120/ide/plugins/com.nxp.mcuxpresso.tools.win32_11.2.0.202001021529/tools/bin/../lib/gcc/arm-none-eabi/9.2.1/thumb/v7-m/nofp\crti.o
                0x00001328                _fini
 .fini          0x0000132c        0x8 c:/nxp/mcuxpressoide_11.2.0_4120/ide/plugins/com.nxp.mcuxpresso.tools.win32_11.2.0.202001021529/tools/bin/../lib/gcc/arm-none-eabi/9.2.1/thumb/v7-m/nofp\crtn.o
                0x00001334                . = ALIGN (0x4)
 *crtbegin.o(.ctors)
 *(EXCLUDE_FILE(*crtend.o) .ctors)
 *(SORT_BY_NAME(.ctors.*))
 *crtend.o(.ctors)
                0x00001334                . = ALIGN (0x4)
 *crtbegin.o(.dtors)
 *(EXCLUDE_FILE(*crtend.o) .dtors)
 *(SORT_BY_NAME(.dtors.*))
 *crtend.o(.dtors)
                0x00001334                . = ALIGN (0x4)

.glue_7         0x00001334        0x0
 .glue_7        0x00001334        0x0 linker stubs

.glue_7t        0x00001334        0x0
 .glue_7t       0x00001334        0x0 linker stubs

.vfp11_veneer   0x00001334        0x0
 .vfp11_veneer  0x00001334        0x0 linker stubs

.v4_bx          0x00001334        0x0
 .v4_bx         0x00001334        0x0 linker stubs

.iplt           0x00001334        0x0
 .iplt          0x00001334        0x0 ./src/LpcUart.o

.rel.dyn        0x00001334        0x0
 .rel.iplt      0x00001334        0x0 ./src/LpcUart.o

.eh_frame       0x00001334        0x0
 .eh_frame      0x00001334        0x0 c:/nxp/mcuxpressoide_11.2.0_4120/ide/plugins/com.nxp.mcuxpresso.tools.win32_11.2.0.202001021529/tools/bin/../lib/gcc/arm-none-eabi/9.2.1/thumb/v7-m/nofp\crtbegin.o

.ARM.extab
 *(.ARM.extab* .gnu.linkonce.armextab.*)

.ARM.exidx      0x00001334        0x0
                0x00001334                __exidx_start = .
 *(.ARM.exidx* .gnu.linkonce.armexidx.*)
                0x00001334                __exidx_end = .
                0x00001334                _etext = .

.data_RAM2      0x02008000        0x0 load address 0x00001334
 FILL mask 0xff
                [!provide]                PROVIDE (__start_data_RAM2 = .)
                [!provide]                PROVIDE (__start_data_Ram2_4 = .)
 *(.ramfunc.$RAM2)
 *(.ramfunc.$Ram2_4)
 *(.data.$RAM2)
 *(.data.$Ram2_4)
 *(.data.$RAM2.*)
 *(.data.$Ram2_4.*)
                0x02008000                . = ALIGN (0x4)
                [!provide]                PROVIDE (__end_data_RAM2 = .)
                [!provide]                PROVIDE (__end_data_Ram2_4 = .)

.uninit_RESERVED
                0x02000000        0x0
                0x02000000                _start_uninit_RESERVED = .
 *(.bss.$RESERVED*)
                0x02000000                . = ALIGN (0x4)
                0x02000000                _end_uninit_RESERVED = .

.data           0x02000000      0x430 load address 0x00001334
 FILL mask 0xff
                0x02000000                _data = .
                [!provide]                PROVIDE (__start_data_RAM = .)
                [!provide]                PROVIDE (__start_data_Ram0_16_32 = .)
 *(vtable)
 *(.ramfunc*)
 *(CodeQuickAccess)
 *(DataQuickAccess)
 *(RamFunction)
 *(.data*)
 .data._impure_ptr
                0x02000000        0x4 c:/nxp/mcuxpressoide_11.2.0_4120/ide/plugins/com.nxp.mcuxpresso.tools.win32_11.2.0.202001021529/tools/bin/../lib/gcc/arm-none-eabi/9.2.1/../../../../arm-none-eabi/lib/thumb/v7-m/nofp\libc.a(lib_a-impure.o)
                0x02000000                _impure_ptr
 *fill*         0x02000004        0x4 ff
 .data.impure_data
                0x02000008      0x428 c:/nxp/mcuxpressoide_11.2.0_4120/ide/plugins/com.nxp.mcuxpresso.tools.win32_11.2.0.202001021529/tools/bin/../lib/gcc/arm-none-eabi/9.2.1/../../../../arm-none-eabi/lib/thumb/v7-m/nofp\libc.a(lib_a-impure.o)
                0x02000430                . = ALIGN (0x4)
                0x02000430                _edata = .
                [!provide]                PROVIDE (__end_data_RAM = .)
                [!provide]                PROVIDE (__end_data_Ram0_16_32 = .)

.igot.plt       0x02000430        0x0 load address 0x00001764
 .igot.plt      0x02000430        0x0 ./src/LpcUart.o

.bss_RAM2       0x02008000        0x0
                [!provide]                PROVIDE (__start_bss_RAM2 = .)
                [!provide]                PROVIDE (__start_bss_Ram2_4 = .)
 *(.bss.$RAM2)
 *(.bss.$Ram2_4)
 *(.bss.$RAM2.*)
 *(.bss.$Ram2_4.*)
                0x02008000                . = ALIGN ((. != 0x0)?0x4:0x1)
                [!provide]                PROVIDE (__end_bss_RAM2 = .)
                [!provide]                PROVIDE (__end_bss_Ram2_4 = .)

.bss            0x02000430      0x104
                0x02000430                _bss = .
                [!provide]                PROVIDE (__start_bss_RAM = .)
                [!provide]                PROVIDE (__start_bss_Ram0_16_32 = .)
 *(.bss*)
 .bss._ZL2u0    0x02000430        0x4 ./src/LpcUart.o
 .bss._ZL2u1    0x02000434        0x4 ./src/LpcUart.o
 .bss._ZL2u2    0x02000438        0x4 ./src/LpcUart.o
 .bss.pxCurrentTCB
                0x0200043c        0x4 C:\Users\David\Desktop\MCUxpresso Projects\workspace\FreeRTOS\Debug\libFreeRTOS.a(tasks.o)
                0x0200043c                pxCurrentTCB
 .bss.pxReadyTasksLists
                0x02000440       0xa0 C:\Users\David\Desktop\MCUxpresso Projects\workspace\FreeRTOS\Debug\libFreeRTOS.a(tasks.o)
 .bss.pxDelayedTaskList
                0x020004e0        0x4 C:\Users\David\Desktop\MCUxpresso Projects\workspace\FreeRTOS\Debug\libFreeRTOS.a(tasks.o)
 .bss.pxOverflowDelayedTaskList
                0x020004e4        0x4 C:\Users\David\Desktop\MCUxpresso Projects\workspace\FreeRTOS\Debug\libFreeRTOS.a(tasks.o)
 .bss.xPendingReadyList
                0x020004e8       0x14 C:\Users\David\Desktop\MCUxpresso Projects\workspace\FreeRTOS\Debug\libFreeRTOS.a(tasks.o)
 .bss.xTickCount
                0x020004fc        0x4 C:\Users\David\Desktop\MCUxpresso Projects\workspace\FreeRTOS\Debug\libFreeRTOS.a(tasks.o)
 .bss.uxTopReadyPriority
                0x02000500        0x4 C:\Users\David\Desktop\MCUxpresso Projects\workspace\FreeRTOS\Debug\libFreeRTOS.a(tasks.o)
 .bss.uxPendedTicks
                0x02000504        0x4 C:\Users\David\Desktop\MCUxpresso Projects\workspace\FreeRTOS\Debug\libFreeRTOS.a(tasks.o)
 .bss.xYieldPending
                0x02000508        0x4 C:\Users\David\Desktop\MCUxpresso Projects\workspace\FreeRTOS\Debug\libFreeRTOS.a(tasks.o)
 .bss.xNumOfOverflows
                0x0200050c        0x4 C:\Users\David\Desktop\MCUxpresso Projects\workspace\FreeRTOS\Debug\libFreeRTOS.a(tasks.o)
 .bss.xNextTaskUnblockTime
                0x02000510        0x4 C:\Users\David\Desktop\MCUxpresso Projects\workspace\FreeRTOS\Debug\libFreeRTOS.a(tasks.o)
 .bss.uxSchedulerSuspended
                0x02000514        0x4 C:\Users\David\Desktop\MCUxpresso Projects\workspace\FreeRTOS\Debug\libFreeRTOS.a(tasks.o)
 .bss           0x02000518       0x1c c:/nxp/mcuxpressoide_11.2.0_4120/ide/plugins/com.nxp.mcuxpresso.tools.win32_11.2.0.202001021529/tools/bin/../lib/gcc/arm-none-eabi/9.2.1/thumb/v7-m/nofp\crtbegin.o
 *(COMMON)
                0x02000534                . = ALIGN (0x4)
                0x02000534                _ebss = .
                [!provide]                PROVIDE (__end_bss_RAM = .)
                [!provide]                PROVIDE (__end_bss_Ram0_16_32 = .)
                [!provide]                PROVIDE (end = .)

.noinit_RAM2    0x02008000        0x0
                [!provide]                PROVIDE (__start_noinit_RAM2 = .)
                [!provide]                PROVIDE (__start_noinit_Ram2_4 = .)
 *(.noinit.$RAM2)
 *(.noinit.$Ram2_4)
 *(.noinit.$RAM2.*)
 *(.noinit.$Ram2_4.*)
                0x02008000                . = ALIGN (0x4)
                [!provide]                PROVIDE (__end_noinit_RAM2 = .)
                [!provide]                PROVIDE (__end_noinit_Ram2_4 = .)

.noinit         0x02000534        0x0
                0x02000534                _noinit = .
                [!provide]                PROVIDE (__start_noinit_RAM = .)
                [!provide]                PROVIDE (__start_noinit_Ram0_16_32 = .)
 *(.noinit*)
                0x02000534                . = ALIGN (0x4)
                0x02000534                _end_noinit = .
                [!provide]                PROVIDE (__end_noinit_RAM = .)
                [!provide]                PROVIDE (__end_noinit_Ram0_16_32 = .)
                0x02000534                PROVIDE (_pvHeapStart = DEFINED (__user_heap_base)?__user_heap_base:.)
                0x02008000                PROVIDE (_vStackTop = DEFINED (__user_stack_top)?__user_stack_top:(__top_Ram0_16_32 - 0x0))
                0xfdff735a                PROVIDE (__valid_user_code_checksum = (0x0 - ((((((_vStackTop + (ResetISR + 0x1)) + (NMI_Handler + 0x1)) + (HardFault_Handler + 0x1)) + (DEFINED (MemManage_Handler)?MemManage_Handler:0x0 + 0x1)) + (DEFINED (BusFault_Handler)?BusFault_Handler:0x0 + 0x1)) + (DEFINED (UsageFault_Handler)?UsageFault_Handler:0x0 + 0x1))))
                0x00000000                _image_start = LOADADDR (.text)
                0x00001764                _image_end = (LOADADDR (.data) + SIZEOF (.data))
                0x00001764                _image_size = (_image_end - _image_start)
OUTPUT(Labs2020.axf elf32-littlearm)

.debug_info     0x00000000    0x11994
 .debug_info    0x00000000     0x6d1f ./src/LpcUart.o
 .debug_info    0x00006d1f      0x2a0 ./src/cr_startup_lpc15xx.o
 .debug_info    0x00006fbf       0x63 ./src/main.o
 .debug_info    0x00007022      0x9fc ./src/sysinit.o
 .debug_info    0x00007a1e     0x1606 C:\Users\David\Desktop\MCUxpresso Projects\workspace\lpc_board_nxp_lpcxpresso_1549\Debug\liblpc_board_nxp_lpcxpresso_1549.a(board_sysinit.o)
 .debug_info    0x00009024      0xe46 C:\Users\David\Desktop\MCUxpresso Projects\workspace\lpc_chip_15xx\Debug\liblpc_chip_15xx.a(clock_15xx.o)
 .debug_info    0x00009e6a      0x29c C:\Users\David\Desktop\MCUxpresso Projects\workspace\lpc_chip_15xx\Debug\liblpc_chip_15xx.a(iocon_15xx.o)
 .debug_info    0x0000a106      0xc28 C:\Users\David\Desktop\MCUxpresso Projects\workspace\lpc_chip_15xx\Debug\liblpc_chip_15xx.a(ring_buffer.o)
 .debug_info    0x0000ad2e      0x69b C:\Users\David\Desktop\MCUxpresso Projects\workspace\lpc_chip_15xx\Debug\liblpc_chip_15xx.a(swm_15xx.o)
 .debug_info    0x0000b3c9      0x802 C:\Users\David\Desktop\MCUxpresso Projects\workspace\lpc_chip_15xx\Debug\liblpc_chip_15xx.a(sysctl_15xx.o)
 .debug_info    0x0000bbcb      0x7ee C:\Users\David\Desktop\MCUxpresso Projects\workspace\lpc_chip_15xx\Debug\liblpc_chip_15xx.a(sysinit_15xx.o)
 .debug_info    0x0000c3b9      0x9ce C:\Users\David\Desktop\MCUxpresso Projects\workspace\lpc_chip_15xx\Debug\liblpc_chip_15xx.a(uart_15xx.o)
 .debug_info    0x0000cd87     0x278d C:\Users\David\Desktop\MCUxpresso Projects\workspace\FreeRTOS\Debug\libFreeRTOS.a(tasks.o)
 .debug_info    0x0000f514      0xd35 C:\Users\David\Desktop\MCUxpresso Projects\workspace\FreeRTOS\Debug\libFreeRTOS.a(port.o)
 .debug_info    0x00010249      0xb1c C:\Users\David\Desktop\MCUxpresso Projects\workspace\FreeRTOS\Debug\libFreeRTOS.a(FreeRTOSCommonHooks.o)
 .debug_info    0x00010d65      0xc2f C:\Users\David\Desktop\MCUxpresso Projects\workspace\FreeRTOS\Debug\libFreeRTOS.a(list.o)

.debug_abbrev   0x00000000     0x2ad3
 .debug_abbrev  0x00000000      0xa98 ./src/LpcUart.o
 .debug_abbrev  0x00000a98      0x11a ./src/cr_startup_lpc15xx.o
 .debug_abbrev  0x00000bb2       0x47 ./src/main.o
 .debug_abbrev  0x00000bf9      0x1d9 ./src/sysinit.o
 .debug_abbrev  0x00000dd2      0x344 C:\Users\David\Desktop\MCUxpresso Projects\workspace\lpc_board_nxp_lpcxpresso_1549\Debug\liblpc_board_nxp_lpcxpresso_1549.a(board_sysinit.o)
 .debug_abbrev  0x00001116      0x2e8 C:\Users\David\Desktop\MCUxpresso Projects\workspace\lpc_chip_15xx\Debug\liblpc_chip_15xx.a(clock_15xx.o)
 .debug_abbrev  0x000013fe      0x160 C:\Users\David\Desktop\MCUxpresso Projects\workspace\lpc_chip_15xx\Debug\liblpc_chip_15xx.a(iocon_15xx.o)
 .debug_abbrev  0x0000155e      0x27c C:\Users\David\Desktop\MCUxpresso Projects\workspace\lpc_chip_15xx\Debug\liblpc_chip_15xx.a(ring_buffer.o)
 .debug_abbrev  0x000017da      0x183 C:\Users\David\Desktop\MCUxpresso Projects\workspace\lpc_chip_15xx\Debug\liblpc_chip_15xx.a(swm_15xx.o)
 .debug_abbrev  0x0000195d      0x154 C:\Users\David\Desktop\MCUxpresso Projects\workspace\lpc_chip_15xx\Debug\liblpc_chip_15xx.a(sysctl_15xx.o)
 .debug_abbrev  0x00001ab1      0x1dd C:\Users\David\Desktop\MCUxpresso Projects\workspace\lpc_chip_15xx\Debug\liblpc_chip_15xx.a(sysinit_15xx.o)
 .debug_abbrev  0x00001c8e      0x224 C:\Users\David\Desktop\MCUxpresso Projects\workspace\lpc_chip_15xx\Debug\liblpc_chip_15xx.a(uart_15xx.o)
 .debug_abbrev  0x00001eb2      0x3ec C:\Users\David\Desktop\MCUxpresso Projects\workspace\FreeRTOS\Debug\libFreeRTOS.a(tasks.o)
 .debug_abbrev  0x0000229e      0x35e C:\Users\David\Desktop\MCUxpresso Projects\workspace\FreeRTOS\Debug\libFreeRTOS.a(port.o)
 .debug_abbrev  0x000025fc      0x2a2 C:\Users\David\Desktop\MCUxpresso Projects\workspace\FreeRTOS\Debug\libFreeRTOS.a(FreeRTOSCommonHooks.o)
 .debug_abbrev  0x0000289e      0x235 C:\Users\David\Desktop\MCUxpresso Projects\workspace\FreeRTOS\Debug\libFreeRTOS.a(list.o)

.debug_aranges  0x00000000      0x890
 .debug_aranges
                0x00000000      0x130 ./src/LpcUart.o
 .debug_aranges
                0x00000130       0x80 ./src/cr_startup_lpc15xx.o
 .debug_aranges
                0x000001b0       0x20 ./src/main.o
 .debug_aranges
                0x000001d0       0x20 ./src/sysinit.o
 .debug_aranges
                0x000001f0       0x60 C:\Users\David\Desktop\MCUxpresso Projects\workspace\lpc_board_nxp_lpcxpresso_1549\Debug\liblpc_board_nxp_lpcxpresso_1549.a(board_sysinit.o)
 .debug_aranges
                0x00000250      0x128 C:\Users\David\Desktop\MCUxpresso Projects\workspace\lpc_chip_15xx\Debug\liblpc_chip_15xx.a(clock_15xx.o)
 .debug_aranges
                0x00000378       0x28 C:\Users\David\Desktop\MCUxpresso Projects\workspace\lpc_chip_15xx\Debug\liblpc_chip_15xx.a(iocon_15xx.o)
 .debug_aranges
                0x000003a0       0x60 C:\Users\David\Desktop\MCUxpresso Projects\workspace\lpc_chip_15xx\Debug\liblpc_chip_15xx.a(ring_buffer.o)
 .debug_aranges
                0x00000400       0x40 C:\Users\David\Desktop\MCUxpresso Projects\workspace\lpc_chip_15xx\Debug\liblpc_chip_15xx.a(swm_15xx.o)
 .debug_aranges
                0x00000440       0x50 C:\Users\David\Desktop\MCUxpresso Projects\workspace\lpc_chip_15xx\Debug\liblpc_chip_15xx.a(sysctl_15xx.o)
 .debug_aranges
                0x00000490       0x58 C:\Users\David\Desktop\MCUxpresso Projects\workspace\lpc_chip_15xx\Debug\liblpc_chip_15xx.a(sysinit_15xx.o)
 .debug_aranges
                0x000004e8       0xc8 C:\Users\David\Desktop\MCUxpresso Projects\workspace\lpc_chip_15xx\Debug\liblpc_chip_15xx.a(uart_15xx.o)
 .debug_aranges
                0x000005b0      0x1f0 C:\Users\David\Desktop\MCUxpresso Projects\workspace\FreeRTOS\Debug\libFreeRTOS.a(tasks.o)
 .debug_aranges
                0x000007a0       0x70 C:\Users\David\Desktop\MCUxpresso Projects\workspace\FreeRTOS\Debug\libFreeRTOS.a(port.o)
 .debug_aranges
                0x00000810       0x40 C:\Users\David\Desktop\MCUxpresso Projects\workspace\FreeRTOS\Debug\libFreeRTOS.a(FreeRTOSCommonHooks.o)
 .debug_aranges
                0x00000850       0x40 C:\Users\David\Desktop\MCUxpresso Projects\workspace\FreeRTOS\Debug\libFreeRTOS.a(list.o)

.debug_ranges   0x00000000      0x7a8
 .debug_ranges  0x00000000      0x138 ./src/LpcUart.o
 .debug_ranges  0x00000138       0x70 ./src/cr_startup_lpc15xx.o
 .debug_ranges  0x000001a8       0x10 ./src/main.o
 .debug_ranges  0x000001b8       0x10 ./src/sysinit.o
 .debug_ranges  0x000001c8       0x50 C:\Users\David\Desktop\MCUxpresso Projects\workspace\lpc_board_nxp_lpcxpresso_1549\Debug\liblpc_board_nxp_lpcxpresso_1549.a(board_sysinit.o)
 .debug_ranges  0x00000218      0x118 C:\Users\David\Desktop\MCUxpresso Projects\workspace\lpc_chip_15xx\Debug\liblpc_chip_15xx.a(clock_15xx.o)
 .debug_ranges  0x00000330       0x18 C:\Users\David\Desktop\MCUxpresso Projects\workspace\lpc_chip_15xx\Debug\liblpc_chip_15xx.a(iocon_15xx.o)
 .debug_ranges  0x00000348       0x50 C:\Users\David\Desktop\MCUxpresso Projects\workspace\lpc_chip_15xx\Debug\liblpc_chip_15xx.a(ring_buffer.o)
 .debug_ranges  0x00000398       0x30 C:\Users\David\Desktop\MCUxpresso Projects\workspace\lpc_chip_15xx\Debug\liblpc_chip_15xx.a(swm_15xx.o)
 .debug_ranges  0x000003c8       0x40 C:\Users\David\Desktop\MCUxpresso Projects\workspace\lpc_chip_15xx\Debug\liblpc_chip_15xx.a(sysctl_15xx.o)
 .debug_ranges  0x00000408       0x48 C:\Users\David\Desktop\MCUxpresso Projects\workspace\lpc_chip_15xx\Debug\liblpc_chip_15xx.a(sysinit_15xx.o)
 .debug_ranges  0x00000450       0xb8 C:\Users\David\Desktop\MCUxpresso Projects\workspace\lpc_chip_15xx\Debug\liblpc_chip_15xx.a(uart_15xx.o)
 .debug_ranges  0x00000508      0x1e0 C:\Users\David\Desktop\MCUxpresso Projects\workspace\FreeRTOS\Debug\libFreeRTOS.a(tasks.o)
 .debug_ranges  0x000006e8       0x60 C:\Users\David\Desktop\MCUxpresso Projects\workspace\FreeRTOS\Debug\libFreeRTOS.a(port.o)
 .debug_ranges  0x00000748       0x30 C:\Users\David\Desktop\MCUxpresso Projects\workspace\FreeRTOS\Debug\libFreeRTOS.a(FreeRTOSCommonHooks.o)
 .debug_ranges  0x00000778       0x30 C:\Users\David\Desktop\MCUxpresso Projects\workspace\FreeRTOS\Debug\libFreeRTOS.a(list.o)

.debug_macro    0x00000000     0x59d9
 .debug_macro   0x00000000      0x8b3 ./src/LpcUart.o
 .debug_macro   0x000008b3       0x28 ./src/LpcUart.o
 .debug_macro   0x000008db       0x1f ./src/LpcUart.o
 .debug_macro   0x000008fa       0x12 ./src/LpcUart.o
 .debug_macro   0x0000090c       0x1c ./src/LpcUart.o
 .debug_macro   0x00000928       0x10 ./src/LpcUart.o
 .debug_macro   0x00000938       0x18 ./src/LpcUart.o
 .debug_macro   0x00000950       0x6e ./src/LpcUart.o
 .debug_macro   0x000009be       0x2e ./src/LpcUart.o
 .debug_macro   0x000009ec       0x12 ./src/LpcUart.o
 .debug_macro   0x000009fe       0x88 ./src/LpcUart.o
 .debug_macro   0x00000a86       0x12 ./src/LpcUart.o
 .debug_macro   0x00000a98       0x22 ./src/LpcUart.o
 .debug_macro   0x00000aba       0x3c ./src/LpcUart.o
 .debug_macro   0x00000af6       0x3f ./src/LpcUart.o
 .debug_macro   0x00000b35      0x173 ./src/LpcUart.o
 .debug_macro   0x00000ca8      0x1d1 ./src/LpcUart.o
 .debug_macro   0x00000e79       0x17 ./src/LpcUart.o
 .debug_macro   0x00000e90       0x10 ./src/LpcUart.o
 .debug_macro   0x00000ea0       0x2e ./src/LpcUart.o
 .debug_macro   0x00000ece       0x16 ./src/LpcUart.o
 .debug_macro   0x00000ee4       0x46 ./src/LpcUart.o
 .debug_macro   0x00000f2a       0x5e ./src/LpcUart.o
 .debug_macro   0x00000f88       0x11 ./src/LpcUart.o
 .debug_macro   0x00000f99       0x2f ./src/LpcUart.o
 .debug_macro   0x00000fc8       0x16 ./src/LpcUart.o
 .debug_macro   0x00000fde       0x10 ./src/LpcUart.o
 .debug_macro   0x00000fee       0x10 ./src/LpcUart.o
 .debug_macro   0x00000ffe       0x16 ./src/LpcUart.o
 .debug_macro   0x00001014       0x22 ./src/LpcUart.o
 .debug_macro   0x00001036       0x1c ./src/LpcUart.o
 .debug_macro   0x00001052       0xde ./src/LpcUart.o
 .debug_macro   0x00001130      0x10d ./src/LpcUart.o
 .debug_macro   0x0000123d       0x10 ./src/LpcUart.o
 .debug_macro   0x0000124d      0x241 ./src/LpcUart.o
 .debug_macro   0x0000148e       0x17 ./src/LpcUart.o
 .debug_macro   0x000014a5       0xf6 ./src/LpcUart.o
 .debug_macro   0x0000159b       0x16 ./src/LpcUart.o
 .debug_macro   0x000015b1       0x10 ./src/LpcUart.o
 .debug_macro   0x000015c1       0x10 ./src/LpcUart.o
 .debug_macro   0x000015d1       0x2e ./src/LpcUart.o
 .debug_macro   0x000015ff       0x40 ./src/LpcUart.o
 .debug_macro   0x0000163f       0x12 ./src/LpcUart.o
 .debug_macro   0x00001651       0x22 ./src/LpcUart.o
 .debug_macro   0x00001673       0x3a ./src/LpcUart.o
 .debug_macro   0x000016ad       0x23 ./src/cr_startup_lpc15xx.o
 .debug_macro   0x000016d0       0x1b ./src/main.o
 .debug_macro   0x000016eb      0x376 ./src/sysinit.o
 .debug_macro   0x00001a61       0x34 ./src/sysinit.o
 .debug_macro   0x00001a95       0x97 ./src/sysinit.o
 .debug_macro   0x00001b2c      0x339 ./src/sysinit.o
 .debug_macro   0x00001e65       0xfd ./src/sysinit.o
 .debug_macro   0x00001f62       0x43 ./src/sysinit.o
 .debug_macro   0x00001fa5      0x129 ./src/sysinit.o
 .debug_macro   0x000020ce      0x414 C:\Users\David\Desktop\MCUxpresso Projects\workspace\lpc_board_nxp_lpcxpresso_1549\Debug\liblpc_board_nxp_lpcxpresso_1549.a(board_sysinit.o)
 .debug_macro   0x000024e2      0xaae C:\Users\David\Desktop\MCUxpresso Projects\workspace\lpc_board_nxp_lpcxpresso_1549\Debug\liblpc_board_nxp_lpcxpresso_1549.a(board_sysinit.o)
 .debug_macro   0x00002f90       0x8e C:\Users\David\Desktop\MCUxpresso Projects\workspace\lpc_board_nxp_lpcxpresso_1549\Debug\liblpc_board_nxp_lpcxpresso_1549.a(board_sysinit.o)
 .debug_macro   0x0000301e       0x1c C:\Users\David\Desktop\MCUxpresso Projects\workspace\lpc_board_nxp_lpcxpresso_1549\Debug\liblpc_board_nxp_lpcxpresso_1549.a(board_sysinit.o)
 .debug_macro   0x0000303a       0x52 C:\Users\David\Desktop\MCUxpresso Projects\workspace\lpc_board_nxp_lpcxpresso_1549\Debug\liblpc_board_nxp_lpcxpresso_1549.a(board_sysinit.o)
 .debug_macro   0x0000308c       0x40 C:\Users\David\Desktop\MCUxpresso Projects\workspace\lpc_board_nxp_lpcxpresso_1549\Debug\liblpc_board_nxp_lpcxpresso_1549.a(board_sysinit.o)
 .debug_macro   0x000030cc       0x10 C:\Users\David\Desktop\MCUxpresso Projects\workspace\lpc_board_nxp_lpcxpresso_1549\Debug\liblpc_board_nxp_lpcxpresso_1549.a(board_sysinit.o)
 .debug_macro   0x000030dc       0x40 C:\Users\David\Desktop\MCUxpresso Projects\workspace\lpc_board_nxp_lpcxpresso_1549\Debug\liblpc_board_nxp_lpcxpresso_1549.a(board_sysinit.o)
 .debug_macro   0x0000311c       0xd7 C:\Users\David\Desktop\MCUxpresso Projects\workspace\lpc_board_nxp_lpcxpresso_1549\Debug\liblpc_board_nxp_lpcxpresso_1549.a(board_sysinit.o)
 .debug_macro   0x000031f3       0x1c C:\Users\David\Desktop\MCUxpresso Projects\workspace\lpc_board_nxp_lpcxpresso_1549\Debug\liblpc_board_nxp_lpcxpresso_1549.a(board_sysinit.o)
 .debug_macro   0x0000320f       0x3d C:\Users\David\Desktop\MCUxpresso Projects\workspace\lpc_board_nxp_lpcxpresso_1549\Debug\liblpc_board_nxp_lpcxpresso_1549.a(board_sysinit.o)
 .debug_macro   0x0000324c      0x16f C:\Users\David\Desktop\MCUxpresso Projects\workspace\lpc_board_nxp_lpcxpresso_1549\Debug\liblpc_board_nxp_lpcxpresso_1549.a(board_sysinit.o)
 .debug_macro   0x000033bb       0x16 C:\Users\David\Desktop\MCUxpresso Projects\workspace\lpc_board_nxp_lpcxpresso_1549\Debug\liblpc_board_nxp_lpcxpresso_1549.a(board_sysinit.o)
 .debug_macro   0x000033d1       0x35 C:\Users\David\Desktop\MCUxpresso Projects\workspace\lpc_board_nxp_lpcxpresso_1549\Debug\liblpc_board_nxp_lpcxpresso_1549.a(board_sysinit.o)
 .debug_macro   0x00003406      0x260 C:\Users\David\Desktop\MCUxpresso Projects\workspace\lpc_chip_15xx\Debug\liblpc_chip_15xx.a(clock_15xx.o)
 .debug_macro   0x00003666      0x260 C:\Users\David\Desktop\MCUxpresso Projects\workspace\lpc_chip_15xx\Debug\liblpc_chip_15xx.a(iocon_15xx.o)
 .debug_macro   0x000038c6      0x151 C:\Users\David\Desktop\MCUxpresso Projects\workspace\lpc_chip_15xx\Debug\liblpc_chip_15xx.a(ring_buffer.o)
 .debug_macro   0x00003a17       0x94 C:\Users\David\Desktop\MCUxpresso Projects\workspace\lpc_chip_15xx\Debug\liblpc_chip_15xx.a(ring_buffer.o)
 .debug_macro   0x00003aab      0x174 C:\Users\David\Desktop\MCUxpresso Projects\workspace\lpc_chip_15xx\Debug\liblpc_chip_15xx.a(ring_buffer.o)
 .debug_macro   0x00003c1f       0x10 C:\Users\David\Desktop\MCUxpresso Projects\workspace\lpc_chip_15xx\Debug\liblpc_chip_15xx.a(ring_buffer.o)
 .debug_macro   0x00003c2f      0x26c C:\Users\David\Desktop\MCUxpresso Projects\workspace\lpc_chip_15xx\Debug\liblpc_chip_15xx.a(swm_15xx.o)
 .debug_macro   0x00003e9b      0x278 C:\Users\David\Desktop\MCUxpresso Projects\workspace\lpc_chip_15xx\Debug\liblpc_chip_15xx.a(sysctl_15xx.o)
 .debug_macro   0x00004113      0x260 C:\Users\David\Desktop\MCUxpresso Projects\workspace\lpc_chip_15xx\Debug\liblpc_chip_15xx.a(sysinit_15xx.o)
 .debug_macro   0x00004373      0x260 C:\Users\David\Desktop\MCUxpresso Projects\workspace\lpc_chip_15xx\Debug\liblpc_chip_15xx.a(uart_15xx.o)
 .debug_macro   0x000045d3      0x56d C:\Users\David\Desktop\MCUxpresso Projects\workspace\FreeRTOS\Debug\libFreeRTOS.a(tasks.o)
 .debug_macro   0x00004b40       0x91 C:\Users\David\Desktop\MCUxpresso Projects\workspace\FreeRTOS\Debug\libFreeRTOS.a(tasks.o)
 .debug_macro   0x00004bd1       0x10 C:\Users\David\Desktop\MCUxpresso Projects\workspace\FreeRTOS\Debug\libFreeRTOS.a(tasks.o)
 .debug_macro   0x00004be1       0x16 C:\Users\David\Desktop\MCUxpresso Projects\workspace\FreeRTOS\Debug\libFreeRTOS.a(tasks.o)
 .debug_macro   0x00004bf7      0x4ff C:\Users\David\Desktop\MCUxpresso Projects\workspace\FreeRTOS\Debug\libFreeRTOS.a(port.o)
 .debug_macro   0x000050f6      0x46d C:\Users\David\Desktop\MCUxpresso Projects\workspace\FreeRTOS\Debug\libFreeRTOS.a(FreeRTOSCommonHooks.o)
 .debug_macro   0x00005563      0x476 C:\Users\David\Desktop\MCUxpresso Projects\workspace\FreeRTOS\Debug\libFreeRTOS.a(list.o)

.debug_line     0x00000000     0x9a90
 .debug_line    0x00000000     0x18fc ./src/LpcUart.o
 .debug_line    0x000018fc      0x172 ./src/cr_startup_lpc15xx.o
 .debug_line    0x00001a6e       0x56 ./src/main.o
 .debug_line    0x00001ac4      0x717 ./src/sysinit.o
 .debug_line    0x000021db      0x913 C:\Users\David\Desktop\MCUxpresso Projects\workspace\lpc_board_nxp_lpcxpresso_1549\Debug\liblpc_board_nxp_lpcxpresso_1549.a(board_sysinit.o)
 .debug_line    0x00002aee      0xaee C:\Users\David\Desktop\MCUxpresso Projects\workspace\lpc_chip_15xx\Debug\liblpc_chip_15xx.a(clock_15xx.o)
 .debug_line    0x000035dc      0x64a C:\Users\David\Desktop\MCUxpresso Projects\workspace\lpc_chip_15xx\Debug\liblpc_chip_15xx.a(iocon_15xx.o)
 .debug_line    0x00003c26      0x5fa C:\Users\David\Desktop\MCUxpresso Projects\workspace\lpc_chip_15xx\Debug\liblpc_chip_15xx.a(ring_buffer.o)
 .debug_line    0x00004220      0x6b5 C:\Users\David\Desktop\MCUxpresso Projects\workspace\lpc_chip_15xx\Debug\liblpc_chip_15xx.a(swm_15xx.o)
 .debug_line    0x000048d5      0x70a C:\Users\David\Desktop\MCUxpresso Projects\workspace\lpc_chip_15xx\Debug\liblpc_chip_15xx.a(sysctl_15xx.o)
 .debug_line    0x00004fdf      0x72b C:\Users\David\Desktop\MCUxpresso Projects\workspace\lpc_chip_15xx\Debug\liblpc_chip_15xx.a(sysinit_15xx.o)
 .debug_line    0x0000570a      0x935 C:\Users\David\Desktop\MCUxpresso Projects\workspace\lpc_chip_15xx\Debug\liblpc_chip_15xx.a(uart_15xx.o)
 .debug_line    0x0000603f     0x1bc7 C:\Users\David\Desktop\MCUxpresso Projects\workspace\FreeRTOS\Debug\libFreeRTOS.a(tasks.o)
 .debug_line    0x00007c06      0xac6 C:\Users\David\Desktop\MCUxpresso Projects\workspace\FreeRTOS\Debug\libFreeRTOS.a(port.o)
 .debug_line    0x000086cc      0x9b1 C:\Users\David\Desktop\MCUxpresso Projects\workspace\FreeRTOS\Debug\libFreeRTOS.a(FreeRTOSCommonHooks.o)
 .debug_line    0x0000907d      0xa13 C:\Users\David\Desktop\MCUxpresso Projects\workspace\FreeRTOS\Debug\libFreeRTOS.a(list.o)

.debug_str      0x00000000    0x26b30
 .debug_str     0x00000000    0x210d3 ./src/LpcUart.o
                              0x21a72 (size before relaxing)
 .debug_str     0x000210d3      0x1f2 ./src/cr_startup_lpc15xx.o
                               0x335b (size before relaxing)
 .debug_str     0x000212c5       0x23 ./src/main.o
                               0x316c (size before relaxing)
 .debug_str     0x000212e8      0x384 ./src/sysinit.o
                              0x129c3 (size before relaxing)
 .debug_str     0x0002166c     0x17c9 C:\Users\David\Desktop\MCUxpresso Projects\workspace\lpc_board_nxp_lpcxpresso_1549\Debug\liblpc_board_nxp_lpcxpresso_1549.a(board_sysinit.o)
                              0x14598 (size before relaxing)
 .debug_str     0x00022e35      0x8dd C:\Users\David\Desktop\MCUxpresso Projects\workspace\lpc_chip_15xx\Debug\liblpc_chip_15xx.a(clock_15xx.o)
                              0x101ed (size before relaxing)
 .debug_str     0x00023712       0x41 C:\Users\David\Desktop\MCUxpresso Projects\workspace\lpc_chip_15xx\Debug\liblpc_chip_15xx.a(iocon_15xx.o)
                               0xf3ac (size before relaxing)
 .debug_str     0x00023753      0x114 C:\Users\David\Desktop\MCUxpresso Projects\workspace\lpc_chip_15xx\Debug\liblpc_chip_15xx.a(ring_buffer.o)
                               0x6fdb (size before relaxing)
 .debug_str     0x00023867      0x55d C:\Users\David\Desktop\MCUxpresso Projects\workspace\lpc_chip_15xx\Debug\liblpc_chip_15xx.a(swm_15xx.o)
                               0xfdb4 (size before relaxing)
 .debug_str     0x00023dc4      0x183 C:\Users\David\Desktop\MCUxpresso Projects\workspace\lpc_chip_15xx\Debug\liblpc_chip_15xx.a(sysctl_15xx.o)
                               0xf89a (size before relaxing)
 .debug_str     0x00023f47      0x13f C:\Users\David\Desktop\MCUxpresso Projects\workspace\lpc_chip_15xx\Debug\liblpc_chip_15xx.a(sysinit_15xx.o)
                               0xf888 (size before relaxing)
 .debug_str     0x00024086      0x1a6 C:\Users\David\Desktop\MCUxpresso Projects\workspace\lpc_chip_15xx\Debug\liblpc_chip_15xx.a(uart_15xx.o)
                               0xf9eb (size before relaxing)
 .debug_str     0x0002422c     0x218a C:\Users\David\Desktop\MCUxpresso Projects\workspace\FreeRTOS\Debug\libFreeRTOS.a(tasks.o)
                              0x19409 (size before relaxing)
 .debug_str     0x000263b6      0x5fe C:\Users\David\Desktop\MCUxpresso Projects\workspace\FreeRTOS\Debug\libFreeRTOS.a(port.o)
                              0x178b0 (size before relaxing)
 .debug_str     0x000269b4       0xe1 C:\Users\David\Desktop\MCUxpresso Projects\workspace\FreeRTOS\Debug\libFreeRTOS.a(FreeRTOSCommonHooks.o)
                              0x17135 (size before relaxing)
 .debug_str     0x00026a95       0x9b C:\Users\David\Desktop\MCUxpresso Projects\workspace\FreeRTOS\Debug\libFreeRTOS.a(list.o)
                              0x16bb9 (size before relaxing)

.comment        0x00000000       0x79
 .comment       0x00000000       0x79 ./src/LpcUart.o
                                 0x7a (size before relaxing)
 .comment       0x00000079       0x7a ./src/cr_startup_lpc15xx.o
 .comment       0x00000079       0x7a ./src/main.o
 .comment       0x00000079       0x7a ./src/sysinit.o
 .comment       0x00000079       0x7a C:\Users\David\Desktop\MCUxpresso Projects\workspace\lpc_board_nxp_lpcxpresso_1549\Debug\liblpc_board_nxp_lpcxpresso_1549.a(board_sysinit.o)
 .comment       0x00000079       0x7a C:\Users\David\Desktop\MCUxpresso Projects\workspace\lpc_chip_15xx\Debug\liblpc_chip_15xx.a(clock_15xx.o)
 .comment       0x00000079       0x7a C:\Users\David\Desktop\MCUxpresso Projects\workspace\lpc_chip_15xx\Debug\liblpc_chip_15xx.a(iocon_15xx.o)
 .comment       0x00000079       0x7a C:\Users\David\Desktop\MCUxpresso Projects\workspace\lpc_chip_15xx\Debug\liblpc_chip_15xx.a(ring_buffer.o)
 .comment       0x00000079       0x7a C:\Users\David\Desktop\MCUxpresso Projects\workspace\lpc_chip_15xx\Debug\liblpc_chip_15xx.a(swm_15xx.o)
 .comment       0x00000079       0x7a C:\Users\David\Desktop\MCUxpresso Projects\workspace\lpc_chip_15xx\Debug\liblpc_chip_15xx.a(sysctl_15xx.o)
 .comment       0x00000079       0x7a C:\Users\David\Desktop\MCUxpresso Projects\workspace\lpc_chip_15xx\Debug\liblpc_chip_15xx.a(sysinit_15xx.o)
 .comment       0x00000079       0x7a C:\Users\David\Desktop\MCUxpresso Projects\workspace\lpc_chip_15xx\Debug\liblpc_chip_15xx.a(uart_15xx.o)
 .comment       0x00000079       0x7a C:\Users\David\Desktop\MCUxpresso Projects\workspace\FreeRTOS\Debug\libFreeRTOS.a(tasks.o)
 .comment       0x00000079       0x7a C:\Users\David\Desktop\MCUxpresso Projects\workspace\FreeRTOS\Debug\libFreeRTOS.a(port.o)
 .comment       0x00000079       0x7a C:\Users\David\Desktop\MCUxpresso Projects\workspace\FreeRTOS\Debug\libFreeRTOS.a(FreeRTOSCommonHooks.o)
 .comment       0x00000079       0x7a C:\Users\David\Desktop\MCUxpresso Projects\workspace\FreeRTOS\Debug\libFreeRTOS.a(list.o)

.ARM.attributes
                0x00000000       0x2b
 .ARM.attributes
                0x00000000       0x2d ./src/LpcUart.o
 .ARM.attributes
                0x0000002d       0x2d ./src/cr_startup_lpc15xx.o
 .ARM.attributes
                0x0000005a       0x2d ./src/main.o
 .ARM.attributes
                0x00000087       0x2d ./src/sysinit.o
 .ARM.attributes
                0x000000b4       0x2d C:\Users\David\Desktop\MCUxpresso Projects\workspace\lpc_board_nxp_lpcxpresso_1549\Debug\liblpc_board_nxp_lpcxpresso_1549.a(board_sysinit.o)
 .ARM.attributes
                0x000000e1       0x2d C:\Users\David\Desktop\MCUxpresso Projects\workspace\lpc_chip_15xx\Debug\liblpc_chip_15xx.a(clock_15xx.o)
 .ARM.attributes
                0x0000010e       0x2d C:\Users\David\Desktop\MCUxpresso Projects\workspace\lpc_chip_15xx\Debug\liblpc_chip_15xx.a(iocon_15xx.o)
 .ARM.attributes
                0x0000013b       0x2d C:\Users\David\Desktop\MCUxpresso Projects\workspace\lpc_chip_15xx\Debug\liblpc_chip_15xx.a(ring_buffer.o)
 .ARM.attributes
                0x00000168       0x2d C:\Users\David\Desktop\MCUxpresso Projects\workspace\lpc_chip_15xx\Debug\liblpc_chip_15xx.a(swm_15xx.o)
 .ARM.attributes
                0x00000195       0x2d C:\Users\David\Desktop\MCUxpresso Projects\workspace\lpc_chip_15xx\Debug\liblpc_chip_15xx.a(sysctl_15xx.o)
 .ARM.attributes
                0x000001c2       0x2d C:\Users\David\Desktop\MCUxpresso Projects\workspace\lpc_chip_15xx\Debug\liblpc_chip_15xx.a(sysinit_15xx.o)
 .ARM.attributes
                0x000001ef       0x2d C:\Users\David\Desktop\MCUxpresso Projects\workspace\lpc_chip_15xx\Debug\liblpc_chip_15xx.a(uart_15xx.o)
 .ARM.attributes
                0x0000021c       0x2d C:\Users\David\Desktop\MCUxpresso Projects\workspace\FreeRTOS\Debug\libFreeRTOS.a(tasks.o)
 .ARM.attributes
                0x00000249       0x2d C:\Users\David\Desktop\MCUxpresso Projects\workspace\FreeRTOS\Debug\libFreeRTOS.a(port.o)
 .ARM.attributes
                0x00000276       0x2d C:\Users\David\Desktop\MCUxpresso Projects\workspace\FreeRTOS\Debug\libFreeRTOS.a(FreeRTOSCommonHooks.o)
 .ARM.attributes
                0x000002a3       0x2d C:\Users\David\Desktop\MCUxpresso Projects\workspace\FreeRTOS\Debug\libFreeRTOS.a(list.o)
 .ARM.attributes
                0x000002d0       0x2d c:/nxp/mcuxpressoide_11.2.0_4120/ide/plugins/com.nxp.mcuxpresso.tools.win32_11.2.0.202001021529/tools/bin/../lib/gcc/arm-none-eabi/9.2.1/../../../../arm-none-eabi/lib/thumb/v7-m/nofp\libc.a(lib_a-impure.o)
 .ARM.attributes
                0x000002fd       0x2d c:/nxp/mcuxpressoide_11.2.0_4120/ide/plugins/com.nxp.mcuxpresso.tools.win32_11.2.0.202001021529/tools/bin/../lib/gcc/arm-none-eabi/9.2.1/../../../../arm-none-eabi/lib/thumb/v7-m/nofp\libc.a(lib_a-init.o)
 .ARM.attributes
                0x0000032a       0x1b c:/nxp/mcuxpressoide_11.2.0_4120/ide/plugins/com.nxp.mcuxpresso.tools.win32_11.2.0.202001021529/tools/bin/../lib/gcc/arm-none-eabi/9.2.1/../../../../arm-none-eabi/lib/thumb/v7-m/nofp\libc.a(lib_a-memcpy.o)
 .ARM.attributes
                0x00000345       0x1d c:/nxp/mcuxpressoide_11.2.0_4120/ide/plugins/com.nxp.mcuxpresso.tools.win32_11.2.0.202001021529/tools/bin/../lib/gcc/arm-none-eabi/9.2.1/thumb/v7-m/nofp\crti.o
 .ARM.attributes
                0x00000362       0x1d c:/nxp/mcuxpressoide_11.2.0_4120/ide/plugins/com.nxp.mcuxpresso.tools.win32_11.2.0.202001021529/tools/bin/../lib/gcc/arm-none-eabi/9.2.1/thumb/v7-m/nofp\crtn.o
 .ARM.attributes
                0x0000037f       0x2d c:/nxp/mcuxpressoide_11.2.0_4120/ide/plugins/com.nxp.mcuxpresso.tools.win32_11.2.0.202001021529/tools/bin/../lib/gcc/arm-none-eabi/9.2.1/thumb/v7-m/nofp\crtbegin.o

.debug_frame    0x00000000     0x20cc
 .debug_frame   0x00000000      0x554 ./src/LpcUart.o
 .debug_frame   0x00000554      0x170 ./src/cr_startup_lpc15xx.o
 .debug_frame   0x000006c4       0x30 ./src/main.o
 .debug_frame   0x000006f4       0x2c ./src/sysinit.o
 .debug_frame   0x00000720      0x14c C:\Users\David\Desktop\MCUxpresso Projects\workspace\lpc_board_nxp_lpcxpresso_1549\Debug\liblpc_board_nxp_lpcxpresso_1549.a(board_sysinit.o)
 .debug_frame   0x0000086c      0x4a8 C:\Users\David\Desktop\MCUxpresso Projects\workspace\lpc_chip_15xx\Debug\liblpc_chip_15xx.a(clock_15xx.o)
 .debug_frame   0x00000d14       0x5c C:\Users\David\Desktop\MCUxpresso Projects\workspace\lpc_chip_15xx\Debug\liblpc_chip_15xx.a(iocon_15xx.o)
 .debug_frame   0x00000d70      0x164 C:\Users\David\Desktop\MCUxpresso Projects\workspace\lpc_chip_15xx\Debug\liblpc_chip_15xx.a(ring_buffer.o)
 .debug_frame   0x00000ed4       0xd4 C:\Users\David\Desktop\MCUxpresso Projects\workspace\lpc_chip_15xx\Debug\liblpc_chip_15xx.a(swm_15xx.o)
 .debug_frame   0x00000fa8      0x124 C:\Users\David\Desktop\MCUxpresso Projects\workspace\lpc_chip_15xx\Debug\liblpc_chip_15xx.a(sysctl_15xx.o)
 .debug_frame   0x000010cc      0x134 C:\Users\David\Desktop\MCUxpresso Projects\workspace\lpc_chip_15xx\Debug\liblpc_chip_15xx.a(sysinit_15xx.o)
 .debug_frame   0x00001200      0x340 C:\Users\David\Desktop\MCUxpresso Projects\workspace\lpc_chip_15xx\Debug\liblpc_chip_15xx.a(uart_15xx.o)
 .debug_frame   0x00001540      0x87c C:\Users\David\Desktop\MCUxpresso Projects\workspace\FreeRTOS\Debug\libFreeRTOS.a(tasks.o)
 .debug_frame   0x00001dbc      0x160 C:\Users\David\Desktop\MCUxpresso Projects\workspace\FreeRTOS\Debug\libFreeRTOS.a(port.o)
 .debug_frame   0x00001f1c       0xac C:\Users\David\Desktop\MCUxpresso Projects\workspace\FreeRTOS\Debug\libFreeRTOS.a(FreeRTOSCommonHooks.o)
 .debug_frame   0x00001fc8       0xd8 C:\Users\David\Desktop\MCUxpresso Projects\workspace\FreeRTOS\Debug\libFreeRTOS.a(list.o)
 .debug_frame   0x000020a0       0x2c c:/nxp/mcuxpressoide_11.2.0_4120/ide/plugins/com.nxp.mcuxpresso.tools.win32_11.2.0.202001021529/tools/bin/../lib/gcc/arm-none-eabi/9.2.1/../../../../arm-none-eabi/lib/thumb/v7-m/nofp\libc.a(lib_a-init.o)

Cross Reference Table

Symbol                                            File
ACMP0_IRQHandler                                  ./src/cr_startup_lpc15xx.o
ACMP1_IRQHandler                                  ./src/cr_startup_lpc15xx.o
ACMP2_IRQHandler                                  ./src/cr_startup_lpc15xx.o
ACMP3_IRQHandler                                  ./src/cr_startup_lpc15xx.o
ADC0A_IRQHandler                                  ./src/cr_startup_lpc15xx.o
ADC0B_IRQHandler                                  ./src/cr_startup_lpc15xx.o
ADC0_OVR_IRQHandler                               ./src/cr_startup_lpc15xx.o
ADC0_THCMP_IRQHandler                             ./src/cr_startup_lpc15xx.o
ADC1A_IRQHandler                                  ./src/cr_startup_lpc15xx.o
ADC1B_IRQHandler                                  ./src/cr_startup_lpc15xx.o
ADC1_OVR_IRQHandler                               ./src/cr_startup_lpc15xx.o
ADC1_THCMP_IRQHandler                             ./src/cr_startup_lpc15xx.o
BOD_IRQHandler                                    ./src/cr_startup_lpc15xx.o
BinarySemaphore::BinarySemaphore()                ./src/BinarySemaphore.o
BinarySemaphore::BinarySemaphore()                ./src/BinarySemaphore.o
BinarySemaphore::give()                           ./src/BinarySemaphore.o
BinarySemaphore::giveFromISR(long*)               ./src/BinarySemaphore.o
BinarySemaphore::take()                           ./src/BinarySemaphore.o
BinarySemaphore::~BinarySemaphore()               ./src/BinarySemaphore.o
BinarySemaphore::~BinarySemaphore()               ./src/BinarySemaphore.o
BinarySemaphore::~BinarySemaphore()               ./src/BinarySemaphore.o
Board_SetupClocking                               C:\Users\David\Desktop\MCUxpresso Projects\workspace\lpc_board_nxp_lpcxpresso_1549\Debug\liblpc_board_nxp_lpcxpresso_1549.a(board_sysinit.o)
Board_SetupMuxing                                 C:\Users\David\Desktop\MCUxpresso Projects\workspace\lpc_board_nxp_lpcxpresso_1549\Debug\liblpc_board_nxp_lpcxpresso_1549.a(board_sysinit.o)
Board_SystemInit                                  C:\Users\David\Desktop\MCUxpresso Projects\workspace\lpc_board_nxp_lpcxpresso_1549\Debug\liblpc_board_nxp_lpcxpresso_1549.a(board_sysinit.o)
                                                  ./src/sysinit.o
BusFault_Handler                                  ./src/cr_startup_lpc15xx.o
CAN_IRQHandler                                    ./src/cr_startup_lpc15xx.o
CRP_WORD                                          ./src/crp.o
Chip_Clock_DisablePeriphClock                     C:\Users\David\Desktop\MCUxpresso Projects\workspace\lpc_chip_15xx\Debug\liblpc_chip_15xx.a(clock_15xx.o)
                                                  C:\Users\David\Desktop\MCUxpresso Projects\workspace\lpc_chip_15xx\Debug\liblpc_chip_15xx.a(uart_15xx.o)
Chip_Clock_EnablePeriphClock                      C:\Users\David\Desktop\MCUxpresso Projects\workspace\lpc_chip_15xx\Debug\liblpc_chip_15xx.a(clock_15xx.o)
                                                  C:\Users\David\Desktop\MCUxpresso Projects\workspace\lpc_chip_15xx\Debug\liblpc_chip_15xx.a(uart_15xx.o)
                                                  C:\Users\David\Desktop\MCUxpresso Projects\workspace\lpc_board_nxp_lpcxpresso_1549\Debug\liblpc_board_nxp_lpcxpresso_1549.a(board_sysinit.o)
Chip_Clock_GetADCASYNCRate                        C:\Users\David\Desktop\MCUxpresso Projects\workspace\lpc_chip_15xx\Debug\liblpc_chip_15xx.a(clock_15xx.o)
Chip_Clock_GetMainClockRate                       C:\Users\David\Desktop\MCUxpresso Projects\workspace\lpc_chip_15xx\Debug\liblpc_chip_15xx.a(clock_15xx.o)
                                                  ./src/LpcUart.o
Chip_Clock_GetMainClockSource                     C:\Users\David\Desktop\MCUxpresso Projects\workspace\lpc_chip_15xx\Debug\liblpc_chip_15xx.a(clock_15xx.o)
Chip_Clock_GetMain_A_ClockRate                    C:\Users\David\Desktop\MCUxpresso Projects\workspace\lpc_chip_15xx\Debug\liblpc_chip_15xx.a(clock_15xx.o)
Chip_Clock_GetMain_B_ClockRate                    C:\Users\David\Desktop\MCUxpresso Projects\workspace\lpc_chip_15xx\Debug\liblpc_chip_15xx.a(clock_15xx.o)
Chip_Clock_GetSCTPLLInClockRate                   C:\Users\David\Desktop\MCUxpresso Projects\workspace\lpc_chip_15xx\Debug\liblpc_chip_15xx.a(clock_15xx.o)
Chip_Clock_GetSCTPLLOutClockRate                  C:\Users\David\Desktop\MCUxpresso Projects\workspace\lpc_chip_15xx\Debug\liblpc_chip_15xx.a(clock_15xx.o)
Chip_Clock_GetSysTickClockRate                    C:\Users\David\Desktop\MCUxpresso Projects\workspace\lpc_chip_15xx\Debug\liblpc_chip_15xx.a(clock_15xx.o)
Chip_Clock_GetSystemClockRate                     C:\Users\David\Desktop\MCUxpresso Projects\workspace\lpc_chip_15xx\Debug\liblpc_chip_15xx.a(clock_15xx.o)
Chip_Clock_GetSystemPLLInClockRate                C:\Users\David\Desktop\MCUxpresso Projects\workspace\lpc_chip_15xx\Debug\liblpc_chip_15xx.a(clock_15xx.o)
Chip_Clock_GetSystemPLLOutClockRate               C:\Users\David\Desktop\MCUxpresso Projects\workspace\lpc_chip_15xx\Debug\liblpc_chip_15xx.a(clock_15xx.o)
Chip_Clock_GetUARTBaseClockRate                   C:\Users\David\Desktop\MCUxpresso Projects\workspace\lpc_chip_15xx\Debug\liblpc_chip_15xx.a(clock_15xx.o)
                                                  C:\Users\David\Desktop\MCUxpresso Projects\workspace\lpc_chip_15xx\Debug\liblpc_chip_15xx.a(uart_15xx.o)
Chip_Clock_GetUSBPLLInClockRate                   C:\Users\David\Desktop\MCUxpresso Projects\workspace\lpc_chip_15xx\Debug\liblpc_chip_15xx.a(clock_15xx.o)
Chip_Clock_GetUSBPLLOutClockRate                  C:\Users\David\Desktop\MCUxpresso Projects\workspace\lpc_chip_15xx\Debug\liblpc_chip_15xx.a(clock_15xx.o)
Chip_Clock_SetCLKOUTSource                        C:\Users\David\Desktop\MCUxpresso Projects\workspace\lpc_chip_15xx\Debug\liblpc_chip_15xx.a(clock_15xx.o)
Chip_Clock_SetMainClockSource                     C:\Users\David\Desktop\MCUxpresso Projects\workspace\lpc_chip_15xx\Debug\liblpc_chip_15xx.a(clock_15xx.o)
                                                  C:\Users\David\Desktop\MCUxpresso Projects\workspace\lpc_chip_15xx\Debug\liblpc_chip_15xx.a(sysinit_15xx.o)
Chip_Clock_SetPLLBypass                           C:\Users\David\Desktop\MCUxpresso Projects\workspace\lpc_chip_15xx\Debug\liblpc_chip_15xx.a(clock_15xx.o)
Chip_Clock_SetUARTBaseClockRate                   C:\Users\David\Desktop\MCUxpresso Projects\workspace\lpc_chip_15xx\Debug\liblpc_chip_15xx.a(clock_15xx.o)
                                                  ./src/LpcUart.o
Chip_IOCON_SetPinMuxing                           C:\Users\David\Desktop\MCUxpresso Projects\workspace\lpc_chip_15xx\Debug\liblpc_chip_15xx.a(iocon_15xx.o)
                                                  C:\Users\David\Desktop\MCUxpresso Projects\workspace\lpc_board_nxp_lpcxpresso_1549\Debug\liblpc_board_nxp_lpcxpresso_1549.a(board_sysinit.o)
Chip_SWM_DisableFixedPin                          C:\Users\David\Desktop\MCUxpresso Projects\workspace\lpc_chip_15xx\Debug\liblpc_chip_15xx.a(swm_15xx.o)
Chip_SWM_EnableFixedPin                           C:\Users\David\Desktop\MCUxpresso Projects\workspace\lpc_chip_15xx\Debug\liblpc_chip_15xx.a(swm_15xx.o)
Chip_SWM_FixedPinEnable                           C:\Users\David\Desktop\MCUxpresso Projects\workspace\lpc_chip_15xx\Debug\liblpc_chip_15xx.a(swm_15xx.o)
Chip_SWM_IsFixedPinEnabled                        C:\Users\David\Desktop\MCUxpresso Projects\workspace\lpc_chip_15xx\Debug\liblpc_chip_15xx.a(swm_15xx.o)
Chip_SWM_MovablePinAssign                         C:\Users\David\Desktop\MCUxpresso Projects\workspace\lpc_chip_15xx\Debug\liblpc_chip_15xx.a(swm_15xx.o)
                                                  C:\Users\David\Desktop\MCUxpresso Projects\workspace\lpc_board_nxp_lpcxpresso_1549\Debug\liblpc_board_nxp_lpcxpresso_1549.a(board_sysinit.o)
                                                  ./src/LpcUart.o
                                                  ./src/ITM_write.o
Chip_SYSCTL_AssertPeriphReset                     C:\Users\David\Desktop\MCUxpresso Projects\workspace\lpc_chip_15xx\Debug\liblpc_chip_15xx.a(sysctl_15xx.o)
                                                  C:\Users\David\Desktop\MCUxpresso Projects\workspace\lpc_chip_15xx\Debug\liblpc_chip_15xx.a(uart_15xx.o)
                                                  C:\Users\David\Desktop\MCUxpresso Projects\workspace\lpc_board_nxp_lpcxpresso_1549\Debug\liblpc_board_nxp_lpcxpresso_1549.a(board_sysinit.o)
Chip_SYSCTL_DeassertPeriphReset                   C:\Users\David\Desktop\MCUxpresso Projects\workspace\lpc_chip_15xx\Debug\liblpc_chip_15xx.a(sysctl_15xx.o)
                                                  C:\Users\David\Desktop\MCUxpresso Projects\workspace\lpc_chip_15xx\Debug\liblpc_chip_15xx.a(uart_15xx.o)
                                                  C:\Users\David\Desktop\MCUxpresso Projects\workspace\lpc_board_nxp_lpcxpresso_1549\Debug\liblpc_board_nxp_lpcxpresso_1549.a(board_sysinit.o)
Chip_SYSCTL_GetCompFreqMeas                       C:\Users\David\Desktop\MCUxpresso Projects\workspace\lpc_chip_15xx\Debug\liblpc_chip_15xx.a(sysctl_15xx.o)
Chip_SYSCTL_PowerDown                             C:\Users\David\Desktop\MCUxpresso Projects\workspace\lpc_chip_15xx\Debug\liblpc_chip_15xx.a(sysctl_15xx.o)
                                                  C:\Users\David\Desktop\MCUxpresso Projects\workspace\lpc_chip_15xx\Debug\liblpc_chip_15xx.a(sysinit_15xx.o)
Chip_SYSCTL_PowerUp                               C:\Users\David\Desktop\MCUxpresso Projects\workspace\lpc_chip_15xx\Debug\liblpc_chip_15xx.a(sysctl_15xx.o)
                                                  C:\Users\David\Desktop\MCUxpresso Projects\workspace\lpc_chip_15xx\Debug\liblpc_chip_15xx.a(sysinit_15xx.o)
                                                  C:\Users\David\Desktop\MCUxpresso Projects\workspace\lpc_board_nxp_lpcxpresso_1549\Debug\liblpc_board_nxp_lpcxpresso_1549.a(board_sysinit.o)
Chip_SYSCTL_SetWakeup                             C:\Users\David\Desktop\MCUxpresso Projects\workspace\lpc_chip_15xx\Debug\liblpc_chip_15xx.a(sysctl_15xx.o)
Chip_SetupIrcClocking                             C:\Users\David\Desktop\MCUxpresso Projects\workspace\lpc_chip_15xx\Debug\liblpc_chip_15xx.a(sysinit_15xx.o)
Chip_SetupXtalClocking                            C:\Users\David\Desktop\MCUxpresso Projects\workspace\lpc_chip_15xx\Debug\liblpc_chip_15xx.a(sysinit_15xx.o)
                                                  C:\Users\David\Desktop\MCUxpresso Projects\workspace\lpc_board_nxp_lpcxpresso_1549\Debug\liblpc_board_nxp_lpcxpresso_1549.a(board_sysinit.o)
Chip_SystemInit                                   C:\Users\David\Desktop\MCUxpresso Projects\workspace\lpc_chip_15xx\Debug\liblpc_chip_15xx.a(sysinit_15xx.o)
Chip_UART_DeInit                                  C:\Users\David\Desktop\MCUxpresso Projects\workspace\lpc_chip_15xx\Debug\liblpc_chip_15xx.a(uart_15xx.o)
Chip_UART_IRQRBHandler                            C:\Users\David\Desktop\MCUxpresso Projects\workspace\lpc_chip_15xx\Debug\liblpc_chip_15xx.a(uart_15xx.o)
                                                  ./src/LpcUart.o
Chip_UART_Init                                    C:\Users\David\Desktop\MCUxpresso Projects\workspace\lpc_chip_15xx\Debug\liblpc_chip_15xx.a(uart_15xx.o)
                                                  ./src/LpcUart.o
Chip_UART_RXIntHandlerRB                          C:\Users\David\Desktop\MCUxpresso Projects\workspace\lpc_chip_15xx\Debug\liblpc_chip_15xx.a(uart_15xx.o)
Chip_UART_Read                                    C:\Users\David\Desktop\MCUxpresso Projects\workspace\lpc_chip_15xx\Debug\liblpc_chip_15xx.a(uart_15xx.o)
Chip_UART_ReadBlocking                            C:\Users\David\Desktop\MCUxpresso Projects\workspace\lpc_chip_15xx\Debug\liblpc_chip_15xx.a(uart_15xx.o)
Chip_UART_ReadRB                                  C:\Users\David\Desktop\MCUxpresso Projects\workspace\lpc_chip_15xx\Debug\liblpc_chip_15xx.a(uart_15xx.o)
                                                  ./src/LpcUart.o
Chip_UART_Send                                    C:\Users\David\Desktop\MCUxpresso Projects\workspace\lpc_chip_15xx\Debug\liblpc_chip_15xx.a(uart_15xx.o)
Chip_UART_SendBlocking                            C:\Users\David\Desktop\MCUxpresso Projects\workspace\lpc_chip_15xx\Debug\liblpc_chip_15xx.a(uart_15xx.o)
Chip_UART_SendRB                                  C:\Users\David\Desktop\MCUxpresso Projects\workspace\lpc_chip_15xx\Debug\liblpc_chip_15xx.a(uart_15xx.o)
                                                  ./src/LpcUart.o
Chip_UART_SetBaud                                 C:\Users\David\Desktop\MCUxpresso Projects\workspace\lpc_chip_15xx\Debug\liblpc_chip_15xx.a(uart_15xx.o)
                                                  ./src/LpcUart.o
Chip_UART_SetBaudWithRTC32K                       C:\Users\David\Desktop\MCUxpresso Projects\workspace\lpc_chip_15xx\Debug\liblpc_chip_15xx.a(uart_15xx.o)
Chip_UART_TXIntHandlerRB                          C:\Users\David\Desktop\MCUxpresso Projects\workspace\lpc_chip_15xx\Debug\liblpc_chip_15xx.a(uart_15xx.o)
CountingSemaphore::CountingSemaphore(int, int)    ./src/CountingSemaphore.o
CountingSemaphore::CountingSemaphore(int, int)    ./src/CountingSemaphore.o
CountingSemaphore::give()                         ./src/CountingSemaphore.o
CountingSemaphore::take()                         ./src/CountingSemaphore.o
CountingSemaphore::~CountingSemaphore()           ./src/CountingSemaphore.o
CountingSemaphore::~CountingSemaphore()           ./src/CountingSemaphore.o
CountingSemaphore::~CountingSemaphore()           ./src/CountingSemaphore.o
DAC_IRQHandler                                    ./src/cr_startup_lpc15xx.o
DMA_IRQHandler                                    ./src/cr_startup_lpc15xx.o
DebugMon_Handler                                  ./src/cr_startup_lpc15xx.o
DigitalIoPin::DigitalIoPin(int, int, DigitalIoPin::pinMode, bool) ./src/DigitalIoPin.o
DigitalIoPin::DigitalIoPin(int, int, DigitalIoPin::pinMode, bool) ./src/DigitalIoPin.o
DigitalIoPin::read()                              ./src/DigitalIoPin.o
DigitalIoPin::write(bool)                         ./src/DigitalIoPin.o
DigitalIoPin::~DigitalIoPin()                     ./src/DigitalIoPin.o
DigitalIoPin::~DigitalIoPin()                     ./src/DigitalIoPin.o
EEPROM_IRQHandler                                 ./src/cr_startup_lpc15xx.o
FMC_IRQHandler                                    ./src/cr_startup_lpc15xx.o
Fmutex::Fmutex()                                  ./src/Fmutex.o
                                                  ./src/LpcUart.o
Fmutex::Fmutex()                                  ./src/Fmutex.o
Fmutex::addToRegistry(char*)                      ./src/Fmutex.o
Fmutex::lock()                                    ./src/Fmutex.o
                                                  ./src/LpcUart.o
Fmutex::unlock()                                  ./src/Fmutex.o
                                                  ./src/LpcUart.o
Fmutex::~Fmutex()                                 ./src/Fmutex.o
Fmutex::~Fmutex()                                 ./src/Fmutex.o
Fmutex::~Fmutex()                                 ./src/Fmutex.o
                                                  ./src/LpcUart.o
FreeRTOSDebugConfig                               C:\Users\David\Desktop\MCUxpresso Projects\workspace\FreeRTOS\Debug\libFreeRTOS.a(tasks.o)
FreeRTOSDelay                                     C:\Users\David\Desktop\MCUxpresso Projects\workspace\FreeRTOS\Debug\libFreeRTOS.a(FreeRTOSCommonHooks.o)
GCodeItem::GCodeItem()                            ./src/GCodeItem.o
GCodeItem::GCodeItem()                            ./src/GCodeItem.o
GCodeItem::parse(char const*, GCodeItem&)         ./src/GCodeItem.o
GINT0_IRQHandler                                  ./src/cr_startup_lpc15xx.o
GINT1_IRQHandler                                  ./src/cr_startup_lpc15xx.o
HardFault_Handler                                 ./src/cr_startup_lpc15xx.o
I2C0_IRQHandler                                   ./src/cr_startup_lpc15xx.o
ITM_init                                          ./src/ITM_write.o
ITM_write                                         ./src/ITM_write.o
IntDefaultHandler                                 ./src/cr_startup_lpc15xx.o
LpcUart::LpcUart(LpcUartConfig const&)            ./src/LpcUart.o
LpcUart::LpcUart(LpcUartConfig const&)            ./src/LpcUart.o
LpcUart::free()                                   ./src/LpcUart.o
LpcUart::init                                     ./src/LpcUart.o
LpcUart::isr(long*)                               ./src/LpcUart.o
LpcUart::peek()                                   ./src/LpcUart.o
LpcUart::read(char&)                              ./src/LpcUart.o
LpcUart::read(char*, int)                         ./src/LpcUart.o
LpcUart::read(char*, int, unsigned long, unsigned long) ./src/LpcUart.o
LpcUart::rxbreak()                                ./src/LpcUart.o
LpcUart::set_on_receive(void (*)())               ./src/LpcUart.o
LpcUart::speed(int)                               ./src/LpcUart.o
LpcUart::txbreak(bool)                            ./src/LpcUart.o
LpcUart::txempty()                                ./src/LpcUart.o
LpcUart::write(char const*)                       ./src/LpcUart.o
LpcUart::write(char const*, int)                  ./src/LpcUart.o
LpcUart::write(char)                              ./src/LpcUart.o
LpcUart::~LpcUart()                               ./src/LpcUart.o
LpcUart::~LpcUart()                               ./src/LpcUart.o
LpcUart::~LpcUart()                               ./src/LpcUart.o
MRT_IRQHandler                                    ./src/cr_startup_lpc15xx.o
MemManage_Handler                                 ./src/cr_startup_lpc15xx.o
NMI_Handler                                       ./src/cr_startup_lpc15xx.o
OscRateIn                                         C:\Users\David\Desktop\MCUxpresso Projects\workspace\lpc_chip_15xx\Debug\liblpc_chip_15xx.a(clock_15xx.o)
PIN_INT0_IRQHandler                               ./src/cr_startup_lpc15xx.o
PIN_INT1_IRQHandler                               ./src/cr_startup_lpc15xx.o
PIN_INT2_IRQHandler                               ./src/cr_startup_lpc15xx.o
PIN_INT3_IRQHandler                               ./src/cr_startup_lpc15xx.o
PIN_INT4_IRQHandler                               ./src/cr_startup_lpc15xx.o
PIN_INT5_IRQHandler                               ./src/cr_startup_lpc15xx.o
PIN_INT6_IRQHandler                               ./src/cr_startup_lpc15xx.o
PIN_INT7_IRQHandler                               ./src/cr_startup_lpc15xx.o
PendSV_Handler                                    C:\Users\David\Desktop\MCUxpresso Projects\workspace\FreeRTOS\Debug\libFreeRTOS.a(port.o)
                                                  ./src/cr_startup_lpc15xx.o
QEI_IRQHandler                                    ./src/cr_startup_lpc15xx.o
RIT_IRQHandler                                    ./src/cr_startup_lpc15xx.o
RTCOscRateIn                                      C:\Users\David\Desktop\MCUxpresso Projects\workspace\lpc_chip_15xx\Debug\liblpc_chip_15xx.a(uart_15xx.o)
                                                  C:\Users\David\Desktop\MCUxpresso Projects\workspace\lpc_chip_15xx\Debug\liblpc_chip_15xx.a(clock_15xx.o)
RTC_ALARM_IRQHandler                              ./src/cr_startup_lpc15xx.o
RTC_WAKE_IRQHandler                               ./src/cr_startup_lpc15xx.o
ResetISR                                          ./src/cr_startup_lpc15xx.o
RingBuffer_Init                                   C:\Users\David\Desktop\MCUxpresso Projects\workspace\lpc_chip_15xx\Debug\liblpc_chip_15xx.a(ring_buffer.o)
                                                  ./src/LpcUart.o
RingBuffer_Insert                                 C:\Users\David\Desktop\MCUxpresso Projects\workspace\lpc_chip_15xx\Debug\liblpc_chip_15xx.a(ring_buffer.o)
                                                  C:\Users\David\Desktop\MCUxpresso Projects\workspace\lpc_chip_15xx\Debug\liblpc_chip_15xx.a(uart_15xx.o)
RingBuffer_InsertMult                             C:\Users\David\Desktop\MCUxpresso Projects\workspace\lpc_chip_15xx\Debug\liblpc_chip_15xx.a(ring_buffer.o)
                                                  C:\Users\David\Desktop\MCUxpresso Projects\workspace\lpc_chip_15xx\Debug\liblpc_chip_15xx.a(uart_15xx.o)
RingBuffer_Pop                                    C:\Users\David\Desktop\MCUxpresso Projects\workspace\lpc_chip_15xx\Debug\liblpc_chip_15xx.a(ring_buffer.o)
                                                  C:\Users\David\Desktop\MCUxpresso Projects\workspace\lpc_chip_15xx\Debug\liblpc_chip_15xx.a(uart_15xx.o)
RingBuffer_PopMult                                C:\Users\David\Desktop\MCUxpresso Projects\workspace\lpc_chip_15xx\Debug\liblpc_chip_15xx.a(ring_buffer.o)
                                                  C:\Users\David\Desktop\MCUxpresso Projects\workspace\lpc_chip_15xx\Debug\liblpc_chip_15xx.a(uart_15xx.o)
SCT0_IRQHandler                                   ./src/cr_startup_lpc15xx.o
SCT1_IRQHandler                                   ./src/cr_startup_lpc15xx.o
SCT2_IRQHandler                                   ./src/cr_startup_lpc15xx.o
SCT3_IRQHandler                                   ./src/cr_startup_lpc15xx.o
SPI0_IRQHandler                                   ./src/cr_startup_lpc15xx.o
SPI1_IRQHandler                                   ./src/cr_startup_lpc15xx.o
SVC_Handler                                       C:\Users\David\Desktop\MCUxpresso Projects\workspace\FreeRTOS\Debug\libFreeRTOS.a(port.o)
                                                  ./src/cr_startup_lpc15xx.o
SysTick_Handler                                   C:\Users\David\Desktop\MCUxpresso Projects\workspace\FreeRTOS\Debug\libFreeRTOS.a(port.o)
                                                  ./src/cr_startup_lpc15xx.o
SystemCoreClock                                   C:\Users\David\Desktop\MCUxpresso Projects\workspace\FreeRTOS\Debug\libFreeRTOS.a(port.o)
SystemInit                                        ./src/sysinit.o
                                                  ./src/cr_startup_lpc15xx.o
UART0_IRQHandler                                  ./src/LpcUart.o
UART1_IRQHandler                                  ./src/LpcUart.o
UART2_IRQHandler                                  ./src/LpcUart.o
USBWakeup_IRQHandler                              ./src/cr_startup_lpc15xx.o
USB_FIQHandler                                    ./src/cr_startup_lpc15xx.o
USB_IRQHandler                                    ./src/cr_startup_lpc15xx.o
UsageFault_Handler                                ./src/cr_startup_lpc15xx.o
WDT_IRQHandler                                    ./src/cr_startup_lpc15xx.o
_Balloc                                           c:/nxp/mcuxpressoide_11.2.0_4120/ide/plugins/com.nxp.mcuxpresso.tools.win32_11.2.0.202001021529/tools/bin/../lib/gcc/arm-none-eabi/9.2.1/../../../../arm-none-eabi/lib/thumb/v7-m/nofp\libc.a(lib_a-mprec.o)
                                                  c:/nxp/mcuxpressoide_11.2.0_4120/ide/plugins/com.nxp.mcuxpresso.tools.win32_11.2.0.202001021529/tools/bin/../lib/gcc/arm-none-eabi/9.2.1/../../../../arm-none-eabi/lib/thumb/v7-m/nofp\libc.a(lib_a-gdtoa-gethex.o)
                                                  c:/nxp/mcuxpressoide_11.2.0_4120/ide/plugins/com.nxp.mcuxpresso.tools.win32_11.2.0.202001021529/tools/bin/../lib/gcc/arm-none-eabi/9.2.1/../../../../arm-none-eabi/lib/thumb/v7-m/nofp\libc.a(lib_a-strtod.o)
                                                  c:/nxp/mcuxpressoide_11.2.0_4120/ide/plugins/com.nxp.mcuxpresso.tools.win32_11.2.0.202001021529/tools/bin/../lib/gcc/arm-none-eabi/9.2.1/../../../../arm-none-eabi/lib/thumb/v7-m/nofp\libc.a(lib_a-dtoa.o)
_Bfree                                            c:/nxp/mcuxpressoide_11.2.0_4120/ide/plugins/com.nxp.mcuxpresso.tools.win32_11.2.0.202001021529/tools/bin/../lib/gcc/arm-none-eabi/9.2.1/../../../../arm-none-eabi/lib/thumb/v7-m/nofp\libc.a(lib_a-mprec.o)
                                                  c:/nxp/mcuxpressoide_11.2.0_4120/ide/plugins/com.nxp.mcuxpresso.tools.win32_11.2.0.202001021529/tools/bin/../lib/gcc/arm-none-eabi/9.2.1/../../../../arm-none-eabi/lib/thumb/v7-m/nofp\libc.a(lib_a-gdtoa-gethex.o)
                                                  c:/nxp/mcuxpressoide_11.2.0_4120/ide/plugins/com.nxp.mcuxpresso.tools.win32_11.2.0.202001021529/tools/bin/../lib/gcc/arm-none-eabi/9.2.1/../../../../arm-none-eabi/lib/thumb/v7-m/nofp\libc.a(lib_a-strtod.o)
                                                  c:/nxp/mcuxpressoide_11.2.0_4120/ide/plugins/com.nxp.mcuxpresso.tools.win32_11.2.0.202001021529/tools/bin/../lib/gcc/arm-none-eabi/9.2.1/../../../../arm-none-eabi/lib/thumb/v7-m/nofp\libc.a(lib_a-dtoa.o)
_C_numeric_locale                                 c:/nxp/mcuxpressoide_11.2.0_4120/ide/plugins/com.nxp.mcuxpresso.tools.win32_11.2.0.202001021529/tools/bin/../lib/gcc/arm-none-eabi/9.2.1/../../../../arm-none-eabi/lib/thumb/v7-m/nofp\libc.a(lib_a-lnumeric.o)
                                                  c:/nxp/mcuxpressoide_11.2.0_4120/ide/plugins/com.nxp.mcuxpresso.tools.win32_11.2.0.202001021529/tools/bin/../lib/gcc/arm-none-eabi/9.2.1/../../../../arm-none-eabi/lib/thumb/v7-m/nofp\libc.a(lib_a-gdtoa-gethex.o)
                                                  c:/nxp/mcuxpressoide_11.2.0_4120/ide/plugins/com.nxp.mcuxpresso.tools.win32_11.2.0.202001021529/tools/bin/../lib/gcc/arm-none-eabi/9.2.1/../../../../arm-none-eabi/lib/thumb/v7-m/nofp\libc.a(lib_a-strtod.o)
_PathLocale                                       c:/nxp/mcuxpressoide_11.2.0_4120/ide/plugins/com.nxp.mcuxpresso.tools.win32_11.2.0.202001021529/tools/bin/../lib/gcc/arm-none-eabi/9.2.1/../../../../arm-none-eabi/lib/thumb/v7-m/nofp\libc.a(lib_a-locale.o)
__adddf3                                          c:/nxp/mcuxpressoide_11.2.0_4120/ide/plugins/com.nxp.mcuxpresso.tools.win32_11.2.0.202001021529/tools/bin/../lib/gcc/arm-none-eabi/9.2.1/thumb/v7-m/nofp\libgcc.a(_arm_addsubdf3.o)
__aeabi_atexit                                    ./src/cr_cpp_config.o
__aeabi_cdcmpeq                                   c:/nxp/mcuxpressoide_11.2.0_4120/ide/plugins/com.nxp.mcuxpresso.tools.win32_11.2.0.202001021529/tools/bin/../lib/gcc/arm-none-eabi/9.2.1/thumb/v7-m/nofp\libgcc.a(_arm_cmpdf2.o)
__aeabi_cdcmple                                   c:/nxp/mcuxpressoide_11.2.0_4120/ide/plugins/com.nxp.mcuxpresso.tools.win32_11.2.0.202001021529/tools/bin/../lib/gcc/arm-none-eabi/9.2.1/thumb/v7-m/nofp\libgcc.a(_arm_cmpdf2.o)
__aeabi_cdrcmple                                  c:/nxp/mcuxpressoide_11.2.0_4120/ide/plugins/com.nxp.mcuxpresso.tools.win32_11.2.0.202001021529/tools/bin/../lib/gcc/arm-none-eabi/9.2.1/thumb/v7-m/nofp\libgcc.a(_arm_cmpdf2.o)
__aeabi_cfcmpeq                                   c:/nxp/mcuxpressoide_11.2.0_4120/ide/plugins/com.nxp.mcuxpresso.tools.win32_11.2.0.202001021529/tools/bin/../lib/gcc/arm-none-eabi/9.2.1/thumb/v7-m/nofp\libgcc.a(_arm_cmpsf2.o)
__aeabi_cfcmple                                   c:/nxp/mcuxpressoide_11.2.0_4120/ide/plugins/com.nxp.mcuxpresso.tools.win32_11.2.0.202001021529/tools/bin/../lib/gcc/arm-none-eabi/9.2.1/thumb/v7-m/nofp\libgcc.a(_arm_cmpsf2.o)
__aeabi_cfrcmple                                  c:/nxp/mcuxpressoide_11.2.0_4120/ide/plugins/com.nxp.mcuxpresso.tools.win32_11.2.0.202001021529/tools/bin/../lib/gcc/arm-none-eabi/9.2.1/thumb/v7-m/nofp\libgcc.a(_arm_cmpsf2.o)
__aeabi_d2f                                       c:/nxp/mcuxpressoide_11.2.0_4120/ide/plugins/com.nxp.mcuxpresso.tools.win32_11.2.0.202001021529/tools/bin/../lib/gcc/arm-none-eabi/9.2.1/thumb/v7-m/nofp\libgcc.a(_arm_truncdfsf2.o)
                                                  c:/nxp/mcuxpressoide_11.2.0_4120/ide/plugins/com.nxp.mcuxpresso.tools.win32_11.2.0.202001021529/tools/bin/../lib/gcc/arm-none-eabi/9.2.1/../../../../arm-none-eabi/lib/thumb/v7-m/nofp\libc.a(lib_a-strtod.o)
                                                  c:/nxp/mcuxpressoide_11.2.0_4120/ide/plugins/com.nxp.mcuxpresso.tools.win32_11.2.0.202001021529/tools/bin/../lib/gcc/arm-none-eabi/9.2.1/../../../../arm-none-eabi/lib/thumb/v7-m/nofp\libc.a(lib_a-svfscanf.o)
__aeabi_d2iz                                      c:/nxp/mcuxpressoide_11.2.0_4120/ide/plugins/com.nxp.mcuxpresso.tools.win32_11.2.0.202001021529/tools/bin/../lib/gcc/arm-none-eabi/9.2.1/thumb/v7-m/nofp\libgcc.a(_arm_fixdfsi.o)
                                                  c:/nxp/mcuxpressoide_11.2.0_4120/ide/plugins/com.nxp.mcuxpresso.tools.win32_11.2.0.202001021529/tools/bin/../lib/gcc/arm-none-eabi/9.2.1/../../../../arm-none-eabi/lib/thumb/v7-m/nofp\libc.a(lib_a-dtoa.o)
                                                  c:/nxp/mcuxpressoide_11.2.0_4120/ide/plugins/com.nxp.mcuxpresso.tools.win32_11.2.0.202001021529/tools/bin/../lib/gcc/arm-none-eabi/9.2.1/../../../../arm-none-eabi/lib/thumb/v7-m/nofp\libc.a(lib_a-svfprintf.o)
__aeabi_d2lz                                      c:/nxp/mcuxpressoide_11.2.0_4120/ide/plugins/com.nxp.mcuxpresso.tools.win32_11.2.0.202001021529/tools/bin/../lib/gcc/arm-none-eabi/9.2.1/thumb/v7-m/nofp\libgcc.a(_fixdfdi.o)
                                                  c:/nxp/mcuxpressoide_11.2.0_4120/ide/plugins/com.nxp.mcuxpresso.tools.win32_11.2.0.202001021529/tools/bin/../lib/gcc/arm-none-eabi/9.2.1/../../../../arm-none-eabi/lib/thumb/v7-m/nofp\libc.a(lib_a-strtod.o)
__aeabi_d2uiz                                     c:/nxp/mcuxpressoide_11.2.0_4120/ide/plugins/com.nxp.mcuxpresso.tools.win32_11.2.0.202001021529/tools/bin/../lib/gcc/arm-none-eabi/9.2.1/thumb/v7-m/nofp\libgcc.a(_arm_fixunsdfsi.o)
                                                  c:/nxp/mcuxpressoide_11.2.0_4120/ide/plugins/com.nxp.mcuxpresso.tools.win32_11.2.0.202001021529/tools/bin/../lib/gcc/arm-none-eabi/9.2.1/thumb/v7-m/nofp\libgcc.a(_fixunsdfdi.o)
                                                  c:/nxp/mcuxpressoide_11.2.0_4120/ide/plugins/com.nxp.mcuxpresso.tools.win32_11.2.0.202001021529/tools/bin/../lib/gcc/arm-none-eabi/9.2.1/../../../../arm-none-eabi/lib/thumb/v7-m/nofp\libc.a(lib_a-strtod.o)
__aeabi_d2ulz                                     c:/nxp/mcuxpressoide_11.2.0_4120/ide/plugins/com.nxp.mcuxpresso.tools.win32_11.2.0.202001021529/tools/bin/../lib/gcc/arm-none-eabi/9.2.1/thumb/v7-m/nofp\libgcc.a(_fixunsdfdi.o)
                                                  c:/nxp/mcuxpressoide_11.2.0_4120/ide/plugins/com.nxp.mcuxpresso.tools.win32_11.2.0.202001021529/tools/bin/../lib/gcc/arm-none-eabi/9.2.1/thumb/v7-m/nofp\libgcc.a(_fixdfdi.o)
__aeabi_dadd                                      c:/nxp/mcuxpressoide_11.2.0_4120/ide/plugins/com.nxp.mcuxpresso.tools.win32_11.2.0.202001021529/tools/bin/../lib/gcc/arm-none-eabi/9.2.1/thumb/v7-m/nofp\libgcc.a(_arm_addsubdf3.o)
                                                  c:/nxp/mcuxpressoide_11.2.0_4120/ide/plugins/com.nxp.mcuxpresso.tools.win32_11.2.0.202001021529/tools/bin/../lib/gcc/arm-none-eabi/9.2.1/../../../../arm-none-eabi/lib/thumb/v7-m/nofp\libc.a(lib_a-strtod.o)
                                                  c:/nxp/mcuxpressoide_11.2.0_4120/ide/plugins/com.nxp.mcuxpresso.tools.win32_11.2.0.202001021529/tools/bin/../lib/gcc/arm-none-eabi/9.2.1/../../../../arm-none-eabi/lib/thumb/v7-m/nofp\libc.a(lib_a-dtoa.o)
__aeabi_dcmpeq                                    c:/nxp/mcuxpressoide_11.2.0_4120/ide/plugins/com.nxp.mcuxpresso.tools.win32_11.2.0.202001021529/tools/bin/../lib/gcc/arm-none-eabi/9.2.1/thumb/v7-m/nofp\libgcc.a(_arm_cmpdf2.o)
                                                  c:/nxp/mcuxpressoide_11.2.0_4120/ide/plugins/com.nxp.mcuxpresso.tools.win32_11.2.0.202001021529/tools/bin/../lib/gcc/arm-none-eabi/9.2.1/../../../../arm-none-eabi/lib/thumb/v7-m/nofp\libc.a(lib_a-strtod.o)
                                                  c:/nxp/mcuxpressoide_11.2.0_4120/ide/plugins/com.nxp.mcuxpresso.tools.win32_11.2.0.202001021529/tools/bin/../lib/gcc/arm-none-eabi/9.2.1/../../../../arm-none-eabi/lib/thumb/v7-m/nofp\libc.a(lib_a-dtoa.o)
                                                  c:/nxp/mcuxpressoide_11.2.0_4120/ide/plugins/com.nxp.mcuxpresso.tools.win32_11.2.0.202001021529/tools/bin/../lib/gcc/arm-none-eabi/9.2.1/../../../../arm-none-eabi/lib/thumb/v7-m/nofp\libc.a(lib_a-svfprintf.o)
__aeabi_dcmpge                                    c:/nxp/mcuxpressoide_11.2.0_4120/ide/plugins/com.nxp.mcuxpresso.tools.win32_11.2.0.202001021529/tools/bin/../lib/gcc/arm-none-eabi/9.2.1/thumb/v7-m/nofp\libgcc.a(_arm_cmpdf2.o)
__aeabi_dcmpgt                                    c:/nxp/mcuxpressoide_11.2.0_4120/ide/plugins/com.nxp.mcuxpresso.tools.win32_11.2.0.202001021529/tools/bin/../lib/gcc/arm-none-eabi/9.2.1/thumb/v7-m/nofp\libgcc.a(_arm_cmpdf2.o)
                                                  c:/nxp/mcuxpressoide_11.2.0_4120/ide/plugins/com.nxp.mcuxpresso.tools.win32_11.2.0.202001021529/tools/bin/../lib/gcc/arm-none-eabi/9.2.1/../../../../arm-none-eabi/lib/thumb/v7-m/nofp\libc.a(lib_a-strtod.o)
                                                  c:/nxp/mcuxpressoide_11.2.0_4120/ide/plugins/com.nxp.mcuxpresso.tools.win32_11.2.0.202001021529/tools/bin/../lib/gcc/arm-none-eabi/9.2.1/../../../../arm-none-eabi/lib/thumb/v7-m/nofp\libc.a(lib_a-dtoa.o)