Archive member included to satisfy reference by file (symbol)

C:\Users\David\Desktop\MCUxpresso Projects\workspace\lpc_board_nxp_lpcxpresso_1549\Debug\liblpc_board_nxp_lpcxpresso_1549.a(board.o)
                              ./src/main.o (Board_LED_Set)
C:\Users\David\Desktop\MCUxpresso Projects\workspace\lpc_board_nxp_lpcxpresso_1549\Debug\liblpc_board_nxp_lpcxpresso_1549.a(board_sysinit.o)
                              ./src/sysinit.o (Board_SystemInit)
C:\Users\David\Desktop\MCUxpresso Projects\workspace\lpc_chip_15xx\Debug\liblpc_chip_15xx.a(chip_15xx.o)
                              ./src/main.o (SystemCoreClockUpdate)
C:\Users\David\Desktop\MCUxpresso Projects\workspace\lpc_chip_15xx\Debug\liblpc_chip_15xx.a(clock_15xx.o)
                              C:\Users\David\Desktop\MCUxpresso Projects\workspace\lpc_board_nxp_lpcxpresso_1549\Debug\liblpc_board_nxp_lpcxpresso_1549.a(board.o) (Chip_Clock_GetMainClockRate)
C:\Users\David\Desktop\MCUxpresso Projects\workspace\lpc_chip_15xx\Debug\liblpc_chip_15xx.a(gpio_15xx.o)
                              C:\Users\David\Desktop\MCUxpresso Projects\workspace\lpc_board_nxp_lpcxpresso_1549\Debug\liblpc_board_nxp_lpcxpresso_1549.a(board.o) (Chip_GPIO_Init)
C:\Users\David\Desktop\MCUxpresso Projects\workspace\lpc_chip_15xx\Debug\liblpc_chip_15xx.a(iocon_15xx.o)
                              C:\Users\David\Desktop\MCUxpresso Projects\workspace\lpc_board_nxp_lpcxpresso_1549\Debug\liblpc_board_nxp_lpcxpresso_1549.a(board_sysinit.o) (Chip_IOCON_SetPinMuxing)
C:\Users\David\Desktop\MCUxpresso Projects\workspace\lpc_chip_15xx\Debug\liblpc_chip_15xx.a(ritimer_15xx.o)
                              ./src/RITStep.o (Chip_RIT_SetCTRL)
C:\Users\David\Desktop\MCUxpresso Projects\workspace\lpc_chip_15xx\Debug\liblpc_chip_15xx.a(sct_15xx.o)
                              ./src/penControl.o (Chip_SCT_Init)
C:\Users\David\Desktop\MCUxpresso Projects\workspace\lpc_chip_15xx\Debug\liblpc_chip_15xx.a(swm_15xx.o)
                              ./src/ITM_write.o (Chip_SWM_MovablePinAssign)
C:\Users\David\Desktop\MCUxpresso Projects\workspace\lpc_chip_15xx\Debug\liblpc_chip_15xx.a(sysctl_15xx.o)
                              ./src/main.o (Chip_SYSCTL_AssertPeriphReset)
C:\Users\David\Desktop\MCUxpresso Projects\workspace\lpc_chip_15xx\Debug\liblpc_chip_15xx.a(sysinit_15xx.o)
                              C:\Users\David\Desktop\MCUxpresso Projects\workspace\lpc_board_nxp_lpcxpresso_1549\Debug\liblpc_board_nxp_lpcxpresso_1549.a(board_sysinit.o) (Chip_SetupXtalClocking)
C:\Users\David\Desktop\MCUxpresso Projects\workspace\lpc_chip_15xx\Debug\liblpc_chip_15xx.a(uart_15xx.o)
                              C:\Users\David\Desktop\MCUxpresso Projects\workspace\lpc_board_nxp_lpcxpresso_1549\Debug\liblpc_board_nxp_lpcxpresso_1549.a(board.o) (Chip_UART_Init)
C:\Users\David\Desktop\MCUxpresso Projects\workspace\lpc_chip_15xx\Debug\liblpc_chip_15xx.a(ring_buffer.o)
                              C:\Users\David\Desktop\MCUxpresso Projects\workspace\lpc_chip_15xx\Debug\liblpc_chip_15xx.a(uart_15xx.o) (RingBuffer_Insert)
C:\Users\David\Desktop\MCUxpresso Projects\workspace\FreeRTOS\Debug\libFreeRTOS.a(queue.o)
                              ./src/BinarySemaphore.o (xQueueGenericCreate)
C:\Users\David\Desktop\MCUxpresso Projects\workspace\FreeRTOS\Debug\libFreeRTOS.a(tasks.o)
                              ./src/main.o (xTaskCreate)
C:\Users\David\Desktop\MCUxpresso Projects\workspace\FreeRTOS\Debug\libFreeRTOS.a(heap_3.o)
                              C:\Users\David\Desktop\MCUxpresso Projects\workspace\FreeRTOS\Debug\libFreeRTOS.a(queue.o) (pvPortMalloc)
C:\Users\David\Desktop\MCUxpresso Projects\workspace\FreeRTOS\Debug\libFreeRTOS.a(port.o)
                              C:\Users\David\Desktop\MCUxpresso Projects\workspace\FreeRTOS\Debug\libFreeRTOS.a(tasks.o) (pxPortInitialiseStack)
C:\Users\David\Desktop\MCUxpresso Projects\workspace\FreeRTOS\Debug\libFreeRTOS.a(FreeRTOSCommonHooks.o)
                              C:\Users\David\Desktop\MCUxpresso Projects\workspace\FreeRTOS\Debug\libFreeRTOS.a(heap_3.o) (vApplicationMallocFailedHook)
C:\Users\David\Desktop\MCUxpresso Projects\workspace\FreeRTOS\Debug\libFreeRTOS.a(list.o)
                              C:\Users\David\Desktop\MCUxpresso Projects\workspace\FreeRTOS\Debug\libFreeRTOS.a(queue.o) (vListInitialise)
c:/nxp/mcuxpressoide_11.2.0_4120/ide/plugins/com.nxp.mcuxpresso.tools.win32_11.2.0.202001021529/tools/bin/../lib/gcc/arm-none-eabi/9.2.1/thumb/v7-m/nofp\libgcc.a(_arm_mulsf3.o)
                              ./src/PlotterController.o (__aeabi_fmul)
c:/nxp/mcuxpressoide_11.2.0_4120/ide/plugins/com.nxp.mcuxpresso.tools.win32_11.2.0.202001021529/tools/bin/../lib/gcc/arm-none-eabi/9.2.1/thumb/v7-m/nofp\libgcc.a(_arm_addsubsf3.o)
                              ./src/penControl.o (__aeabi_fadd)
[...]
Memory Configuration

Name             Origin             Length             Attributes
MFlash256        0x00000000         0x00040000         xr
Ram0_16_32       0x02000000         0x00008000         xrw
Ram2_4           0x02008000         0x00001000         xrw
*default*        0x00000000         0xffffffff

Linker script and memory map

LOAD ./src/BinarySemaphore.o
LOAD ./src/DigitalIoPin.o
LOAD ./src/GCodeItem.o
LOAD ./src/ITM_write.o
LOAD ./src/PlotterController.o
LOAD ./src/RITStep.o
LOAD ./src/StepperController.o
LOAD ./src/cdc_desc.o
LOAD ./src/cdc_main.o
LOAD ./src/cdc_vcom.o
LOAD ./src/cr_cpp_config.o
LOAD ./src/cr_startup_lpc15xx.o
LOAD ./src/crp.o
LOAD ./src/main.o
LOAD ./src/penControl.o
LOAD ./src/sysinit.o
LOAD C:\Users\David\Desktop\MCUxpresso Projects\workspace\lpc_board_nxp_lpcxpresso_1549\Debug\liblpc_board_nxp_lpcxpresso_1549.a
LOAD C:\Users\David\Desktop\MCUxpresso Projects\workspace\lpc_chip_15xx\Debug\liblpc_chip_15xx.a
LOAD C:\Users\David\Desktop\MCUxpresso Projects\workspace\FreeRTOS\Debug\libFreeRTOS.a
START GROUP
LOAD c:/nxp/mcuxpressoide_11.2.0_4120/ide/plugins/com.nxp.mcuxpresso.tools.win32_11.2.0.202001021529/tools/bin/../lib/gcc/arm-none-eabi/9.2.1/thumb/v7-m/nofp\libgcc.a
LOAD c:/nxp/mcuxpressoide_11.2.0_4120/ide/plugins/com.nxp.mcuxpresso.tools.win32_11.2.0.202001021529/tools/bin/../lib/gcc/arm-none-eabi/9.2.1/../../../../arm-none-eabi/lib/thumb/v7-m/nofp\libc.a
LOAD c:/nxp/mcuxpressoide_11.2.0_4120/ide/plugins/com.nxp.mcuxpresso.tools.win32_11.2.0.202001021529/tools/bin/../lib/gcc/arm-none-eabi/9.2.1/../../../../arm-none-eabi/lib/thumb/v7-m/nofp\libstdc++.a
LOAD c:/nxp/mcuxpressoide_11.2.0_4120/ide/plugins/com.nxp.mcuxpresso.tools.win32_11.2.0.202001021529/tools/bin/../lib/gcc/arm-none-eabi/9.2.1/../../../../arm-none-eabi/lib/thumb/v7-m/nofp\libm.a
LOAD c:/nxp/mcuxpressoide_11.2.0_4120/ide/plugins/com.nxp.mcuxpresso.tools.win32_11.2.0.202001021529/tools/bin/../lib/gcc/arm-none-eabi/9.2.1/../../../../arm-none-eabi/lib/thumb/v7-m/nofp\libcr_newlib_nohost.a
LOAD c:/nxp/mcuxpressoide_11.2.0_4120/ide/plugins/com.nxp.mcuxpresso.tools.win32_11.2.0.202001021529/tools/bin/../lib/gcc/arm-none-eabi/9.2.1/thumb/v7-m/nofp\crti.o
LOAD c:/nxp/mcuxpressoide_11.2.0_4120/ide/plugins/com.nxp.mcuxpresso.tools.win32_11.2.0.202001021529/tools/bin/../lib/gcc/arm-none-eabi/9.2.1/thumb/v7-m/nofp\crtn.o
LOAD c:/nxp/mcuxpressoide_11.2.0_4120/ide/plugins/com.nxp.mcuxpresso.tools.win32_11.2.0.202001021529/tools/bin/../lib/gcc/arm-none-eabi/9.2.1/thumb/v7-m/nofp\crtbegin.o
LOAD c:/nxp/mcuxpressoide_11.2.0_4120/ide/plugins/com.nxp.mcuxpresso.tools.win32_11.2.0.202001021529/tools/bin/../lib/gcc/arm-none-eabi/9.2.1/thumb/v7-m/nofp\crtend.o
END GROUP
                0x00000000                __base_MFlash256 = 0x0
                0x00000000                __base_Flash = 0x0
                0x00040000                __top_MFlash256 = 0x40000
                0x00040000                __top_Flash = 0x40000
                0x02000000                __base_Ram0_16_32 = 0x2000000
                0x02000000                __base_RAM = 0x2000000
                0x02008000                __top_Ram0_16_32 = 0x2008000
                0x02008000                __top_RAM = 0x2008000
                0x02008000                __base_Ram2_4 = 0x2008000
                0x02008000                __base_RAM2 = 0x2008000
                0x02009000                __top_Ram2_4 = 0x2009000
                0x02009000                __top_RAM2 = 0x2009000

.text           0x00000000     0xf2a8
 FILL mask 0xff
                0x00000000                __vectors_start__ = ABSOLUTE (.)
 *(.isr_vector)
 .isr_vector    0x00000000       0xfc ./src/cr_startup_lpc15xx.o
                0x00000000                g_pfnVectors
                0x000000fc                . = ALIGN (0x4)
                0x000000fc                __section_table_start = .
                0x000000fc                __data_section_table = .
                0x000000fc        0x4 LONG 0xf2b0 LOADADDR (.data)
                0x00000100        0x4 LONG 0x2000000 ADDR (.data)
                0x00000104        0x4 LONG 0xa04 SIZEOF (.data)
                0x00000108        0x4 LONG 0xf2b0 LOADADDR (.data_RAM2)
                0x0000010c        0x4 LONG 0x2008000 ADDR (.data_RAM2)
                0x00000110        0x4 LONG 0x0 SIZEOF (.data_RAM2)
                0x00000114                __data_section_table_end = .
                0x00000114                __bss_section_table = .
                0x00000114        0x4 LONG 0x2000a04 ADDR (.bss)
                0x00000118        0x4 LONG 0x680 SIZEOF (.bss)
                0x0000011c        0x4 LONG 0x2008000 ADDR (.bss_RAM2)
                0x00000120        0x4 LONG 0x0 SIZEOF (.bss_RAM2)
                0x00000124                __bss_section_table_end = .
                0x00000124                __section_table_end = .
 *(.after_vectors*)
 .after_vectors
                0x00000124      0x140 ./src/cr_startup_lpc15xx.o
                0x00000124                data_init(unsigned int, unsigned int, unsigned int)
                0x00000166                bss_init(unsigned int, unsigned int)
                0x0000019c                ResetISR
                0x00000228                NMI_Handler
                0x0000022e                HardFault_Handler
                0x00000234                MemManage_Handler
                0x0000023a                BusFault_Handler
                0x00000240                UsageFault_Handler
                0x0000024c                DebugMon_Handler
                0x0000025e                RTC_WAKE_IRQHandler
                0x0000025e                UART0_IRQHandler
                0x0000025e                UART1_IRQHandler
                0x0000025e                MRT_IRQHandler
                0x0000025e                SPI1_IRQHandler
                0x0000025e                PIN_INT6_IRQHandler
                0x0000025e                IntDefaultHandler
                0x0000025e                CAN_IRQHandler
                0x0000025e                RTC_ALARM_IRQHandler
                0x0000025e                ADC1B_IRQHandler
                0x0000025e                ADC1_OVR_IRQHandler
                0x0000025e                USBWakeup_IRQHandler
                0x0000025e                ADC1_THCMP_IRQHandler
                0x0000025e                PIN_INT5_IRQHandler
                0x0000025e                SCT1_IRQHandler
                0x0000025e                USB_FIQHandler
                0x0000025e                SCT3_IRQHandler
                0x0000025e                PIN_INT7_IRQHandler
                0x0000025e                ADC0_OVR_IRQHandler
                0x0000025e                BOD_IRQHandler
                0x0000025e                ADC0B_IRQHandler
                0x0000025e                ACMP0_IRQHandler
                0x0000025e                I2C0_IRQHandler
                0x0000025e                SCT2_IRQHandler
                0x0000025e                WDT_IRQHandler
                0x0000025e                QEI_IRQHandler
                0x0000025e                ACMP3_IRQHandler
                0x0000025e                GINT0_IRQHandler
                0x0000025e                DAC_IRQHandler
                0x0000025e                SPI0_IRQHandler
                0x0000025e                EEPROM_IRQHandler
                0x0000025e                ACMP2_IRQHandler
                0x0000025e                UART2_IRQHandler
                0x0000025e                ADC1A_IRQHandler
                0x0000025e                DMA_IRQHandler
                0x0000025e                ACMP1_IRQHandler
                0x0000025e                SCT0_IRQHandler
                0x0000025e                ADC0A_IRQHandler
                0x0000025e                FMC_IRQHandler
                0x0000025e                GINT1_IRQHandler
                0x0000025e                ADC0_THCMP_IRQHandler
 *(.text*)
 .text._ZN15BinarySemaphoreC2Ev
                0x00000264       0x2c ./src/BinarySemaphore.o
                0x00000264                BinarySemaphore::BinarySemaphore()
                0x00000264                BinarySemaphore::BinarySemaphore()
 .text._ZN15BinarySemaphoreD2Ev
                0x00000290       0x20 ./src/BinarySemaphore.o
                0x00000290                BinarySemaphore::~BinarySemaphore()
                0x00000290                BinarySemaphore::~BinarySemaphore()
 .text._ZN15BinarySemaphoreD0Ev
                0x000002b0       0x1e ./src/BinarySemaphore.o
                0x000002b0                BinarySemaphore::~BinarySemaphore()
 .text._ZN15BinarySemaphore11giveFromISREPl
                0x000002ce       0x1e ./src/BinarySemaphore.o
                0x000002ce                BinarySemaphore::giveFromISR(long*)
 .text._ZN15BinarySemaphore4takeEv
                0x000002ec       0x2a ./src/BinarySemaphore.o
                0x000002ec                BinarySemaphore::take()
 .text.Chip_IOCON_PinMuxSet
                0x00000316       0x2c ./src/DigitalIoPin.o
 .text.Chip_GPIO_SetPinState
                0x00000342       0x36 ./src/DigitalIoPin.o
 .text.Chip_GPIO_GetPinState
                0x00000378       0x34 ./src/DigitalIoPin.o
 .text.Chip_GPIO_SetPinDIROutput
                0x000003ac       0x3c ./src/DigitalIoPin.o
 .text.Chip_GPIO_SetPinDIRInput
                0x000003e8       0x3e ./src/DigitalIoPin.o
 *fill*         0x00000426        0x2 ff
 .text._ZN12DigitalIoPinC2EiiNS_7pinModeEb
                0x00000428       0xb8 ./src/DigitalIoPin.o
                0x00000428                DigitalIoPin::DigitalIoPin(int, int, DigitalIoPin::pinMode, bool)
                0x00000428                DigitalIoPin::DigitalIoPin(int, int, DigitalIoPin::pinMode, bool)
 .text._ZN12DigitalIoPin4readEv
                0x000004e0       0x28 ./src/DigitalIoPin.o
                0x000004e0                DigitalIoPin::read()
 .text._ZN12DigitalIoPin5writeEb
                0x00000508       0x2a ./src/DigitalIoPin.o
                0x00000508                DigitalIoPin::write(bool)
 .text._ZN9GCodeItemC2Ev
                0x00000532       0x6a ./src/GCodeItem.o
                0x00000532                GCodeItem::GCodeItem()
                0x00000532                GCodeItem::GCodeItem()
 .text._ZN9GCodeItem5parseEPKcRS_
                0x0000059c      0x314 ./src/GCodeItem.o
                0x0000059c                GCodeItem::parse(char const*, GCodeItem&)
 .text.Chip_SWM_MovablePortPinAssign
                0x000008b0       0x30 ./src/ITM_write.o
 .text.ITM_init
                0x000008e0       0x12 ./src/ITM_write.o
                0x000008e0                ITM_init
 *fill*         0x000008f2        0x2 ff
 .text.ITM_write
                0x000008f4       0x7c ./src/ITM_write.o
                0x000008f4                ITM_write
 .text._ZN17PlotterControllerC2Ev
                0x00000970       0x90 ./src/PlotterController.o
                0x00000970                PlotterController::PlotterController()
                0x00000970                PlotterController::PlotterController()
 .text._ZN17PlotterController10findBoundsEv
                0x00000a00      0x30c ./src/PlotterController.o
                0x00000a00                PlotterController::findBounds()
 .text._ZN17PlotterController12findMaxSpeedEv
                0x00000d0c      0x150 ./src/PlotterController.o
                0x00000d0c                PlotterController::findMaxSpeed()
 .text._ZN17PlotterController12setAreaWidthEi
                0x00000e5c       0x1a ./src/PlotterController.o
                0x00000e5c                PlotterController::setAreaWidth(int)
 .text._ZN17PlotterController13setAreaHeightEi
                0x00000e76       0x1a ./src/PlotterController.o
                0x00000e76                PlotterController::setAreaHeight(int)
 .text._ZNK17PlotterController12getAreaWidthEv
                0x00000e90       0x16 ./src/PlotterController.o
                0x00000e90                PlotterController::getAreaWidth() const
 .text._ZNK17PlotterController13getAreaHeightEv
                0x00000ea6       0x16 ./src/PlotterController.o
                0x00000ea6                PlotterController::getAreaHeight() const
 .text._ZN17PlotterController14setStepperXDirEb
                0x00000ebc       0x1e ./src/PlotterController.o
                0x00000ebc                PlotterController::setStepperXDir(bool)
 .text._ZN17PlotterController14setStepperYDirEb
                0x00000eda       0x1e ./src/PlotterController.o
                0x00000eda                PlotterController::setStepperYDir(bool)
 .text._ZNK17PlotterController14getStepperXDirEv
                0x00000ef8       0x18 ./src/PlotterController.o
                0x00000ef8                PlotterController::getStepperXDir() const
 .text._ZNK17PlotterController14getStepperYDirEv
                0x00000f10       0x18 ./src/PlotterController.o
                0x00000f10                PlotterController::getStepperYDir() const
 .text._ZN17PlotterController23setPlottingSpeedPercentEi
                0x00000f28       0x1a ./src/PlotterController.o
                0x00000f28                PlotterController::setPlottingSpeedPercent(int)
 .text._ZNK17PlotterController23getPlottingSpeedPercentEv
                0x00000f42       0x16 ./src/PlotterController.o
                0x00000f42                PlotterController::getPlottingSpeedPercent() const
 .text._ZN17PlotterController11setPenUpValEi
                0x00000f58       0x1a ./src/PlotterController.o
                0x00000f58                PlotterController::setPenUpVal(int)
 .text._ZN17PlotterController13setPenDownValEi
                0x00000f72       0x1a ./src/PlotterController.o
                0x00000f72                PlotterController::setPenDownVal(int)
 .text._ZNK17PlotterController11getPenUpValEv
                0x00000f8c       0x16 ./src/PlotterController.o
                0x00000f8c                PlotterController::getPenUpVal() const
 .text._ZNK17PlotterController13getPenDownValEv
                0x00000fa2       0x16 ./src/PlotterController.o
                0x00000fa2                PlotterController::getPenDownVal() const
 .text._ZN17PlotterController15anyLimitsClosedEv
                0x00000fb8       0x56 ./src/PlotterController.o
                0x00000fb8                PlotterController::anyLimitsClosed()
 .text._ZN17PlotterController14readLimitRightEv
                0x0000100e       0x1c ./src/PlotterController.o
                0x0000100e                PlotterController::readLimitRight()
 .text._ZN17PlotterController13readLimitLeftEv
                0x0000102a       0x1c ./src/PlotterController.o
                0x0000102a                PlotterController::readLimitLeft()
 .text._ZN17PlotterController12readLimitTopEv
                0x00001046       0x1c ./src/PlotterController.o
                0x00001046                PlotterController::readLimitTop()
 .text._ZN17PlotterController15readLimitBottomEv
                0x00001062       0x1c ./src/PlotterController.o
                0x00001062                PlotterController::readLimitBottom()
 *fill*         0x0000107e        0x2 ff
 .text._ZN17PlotterController8drawLineEff
                0x00001080       0xd0 ./src/PlotterController.o
                0x00001080                PlotterController::drawLine(float, float)
 .text._ZN17PlotterController14stepMultiplierEff
                0x00001150       0x74 ./src/PlotterController.o
                0x00001150                PlotterController::stepMultiplier(float, float)
 .text._ZN17PlotterController14setPenPositionEi
                0x000011c4       0x22 ./src/PlotterController.o
                0x000011c4                PlotterController::setPenPosition(int)
 *fill*         0x000011e6        0x2 ff
 .text.NVIC_EnableIRQ
                0x000011e8       0x30 ./src/RITStep.o
 .text.NVIC_DisableIRQ
                0x00001218       0x34 ./src/RITStep.o
 .text.NVIC_ClearPendingIRQ
                0x0000124c       0x34 ./src/RITStep.o
 .text.NVIC_SetPriority
                0x00001280       0x54 ./src/RITStep.o
 .text.Chip_PININT_SetPinModeEdge
                0x000012d4       0x22 ./src/RITStep.o
 .text.Chip_PININT_EnableIntLow
                0x000012f6       0x1a ./src/RITStep.o
 .text.Chip_PININT_ClearIntStatus
                0x00001310       0x1a ./src/RITStep.o
 .text.Chip_RIT_Enable
                0x0000132a       0x18 ./src/RITStep.o
 .text.Chip_RIT_Disable
                0x00001342       0x18 ./src/RITStep.o
 .text.Chip_RIT_EnableCompClear
                0x0000135a       0x18 ./src/RITStep.o
 .text.Chip_RIT_ClearIntStatus
                0x00001372       0x18 ./src/RITStep.o
 *fill*         0x0000138a        0x2 ff
 .text.Chip_INMUX_PinIntSel
                0x0000138c       0x34 ./src/RITStep.o
 .text._Z11RITStepInitv
                0x000013c0       0x1c ./src/RITStep.o
                0x000013c0                RITStepInit()
 .text.RIT_IRQHandler
                0x000013dc      0x244 ./src/RITStep.o
                0x000013dc                RIT_IRQHandler
 .text._Z7RITStepiiiiP17StepperController
                0x00001620      0x18c ./src/RITStep.o
                0x00001620                RITStep(int, int, int, int, StepperController*)
 .text.PIN_INT0_IRQHandler
                0x000017ac       0x4c ./src/RITStep.o
                0x000017ac                PIN_INT0_IRQHandler
 .text.PIN_INT1_IRQHandler
                0x000017f8       0x4c ./src/RITStep.o
                0x000017f8                PIN_INT1_IRQHandler
 .text.PIN_INT2_IRQHandler
                0x00001844       0x4c ./src/RITStep.o
                0x00001844                PIN_INT2_IRQHandler
 .text.PIN_INT3_IRQHandler
                0x00001890       0x4c ./src/RITStep.o
                0x00001890                PIN_INT3_IRQHandler
 .text._Z19initLimitInterruptsv
                0x000018dc       0x94 ./src/RITStep.o
                0x000018dc                initLimitInterrupts()
 .text._Z22disableLimitInterruptsv
                0x00001970       0x20 ./src/RITStep.o
                0x00001970                disableLimitInterrupts()
 .text._Z21enableLimitInterruptsv
                0x00001990       0x5c ./src/RITStep.o
                0x00001990                enableLimitInterrupts()
 .text._Z41__static_initialization_and_destruction_0ii
                0x000019ec       0x40 ./src/RITStep.o
 .text._GLOBAL__sub_I__Z11RITStepInitv
                0x00001a2c       0x10 ./src/RITStep.o
 .text._ZN17StepperControllerC2Ev
                0x00001a3c       0xae ./src/StepperController.o
                0x00001a3c                StepperController::StepperController()
                0x00001a3c                StepperController::StepperController()
 .text._ZN17StepperController16setStepperMotorXEb
                0x00001aea       0x20 ./src/StepperController.o
                0x00001aea                StepperController::setStepperMotorX(bool)
 .text._ZN17StepperController16setStepperMotorYEb
                0x00001b0a       0x22 ./src/StepperController.o
                0x00001b0a                StepperController::setStepperMotorY(bool)
 .text._ZN17StepperController18setMotorXDirectionEb
                0x00001b2c       0x22 ./src/StepperController.o
                0x00001b2c                StepperController::setMotorXDirection(bool)
 .text._ZN17StepperController18setMotorYDirectionEb
                0x00001b4e       0x22 ./src/StepperController.o
                0x00001b4e                StepperController::setMotorYDirection(bool)
 .text._ZN17StepperController14readLimitRightEv
                0x00001b70       0x1c ./src/StepperController.o
                0x00001b70                StepperController::readLimitRight()
 .text._ZN17StepperController13readLimitLeftEv
                0x00001b8c       0x1c ./src/StepperController.o
                0x00001b8c                StepperController::readLimitLeft()
 .text._ZN17StepperController12readLimitTopEv
                0x00001ba8       0x1c ./src/StepperController.o
                0x00001ba8                StepperController::readLimitTop()
 .text._ZN17StepperController15readLimitBottomEv
                0x00001bc4       0x1c ./src/StepperController.o
                0x00001bc4                StepperController::readLimitBottom()
 .text.NVIC_EnableIRQ
                0x00001be0       0x30 ./src/cdc_main.o
 .text.NVIC_SetPriority
                0x00001c10       0x54 ./src/cdc_main.o
 .text.vcom_connected
                0x00001c64       0x1c ./src/cdc_main.o
 .text.USB_send
                0x00001c80       0x74 ./src/cdc_main.o
                0x00001c80                USB_send
 .text.USB_receive
                0x00001cf4       0x5c ./src/cdc_main.o
                0x00001cf4                USB_receive
 .text.USB_IRQHandler
                0x00001d50       0x58 ./src/cdc_main.o
                0x00001d50                USB_IRQHandler
 .text.find_IntfDesc
                0x00001da8       0x5c ./src/cdc_main.o
                0x00001da8                find_IntfDesc
 .text.cdc_task
                0x00001e04      0x2ec ./src/cdc_main.o
                0x00001e04                cdc_task
 .text.USB_wait_for_connect
                0x000020f0       0x28 ./src/cdc_main.o
                0x000020f0                USB_wait_for_connect
 .text.NVIC_EnableIRQ
                0x00002118       0x30 ./src/cdc_vcom.o
 .text.NVIC_DisableIRQ
                0x00002148       0x34 ./src/cdc_vcom.o
 .text.VCOM_bulk_in_hdlr
                0x0000217c       0x32 ./src/cdc_vcom.o
 *fill*         0x000021ae        0x2 ff
 .text.VCOM_bulk_out_hdlr
                0x000021b0       0xec ./src/cdc_vcom.o
 .text.VCOM_SetLineCode
                0x0000229c       0x28 ./src/cdc_vcom.o
 .text.vcom_init
                0x000022c4       0xec ./src/cdc_vcom.o
                0x000022c4                vcom_init
 .text.vcom_bread
                0x000023b0       0x8c ./src/cdc_vcom.o
                0x000023b0                vcom_bread
 .text.vcom_write
                0x0000243c       0x74 ./src/cdc_vcom.o
                0x0000243c                vcom_write
 .text._ZdlPv   0x000024b0       0x16 ./src/cr_cpp_config.o
                0x000024b0                operator delete(void*)
 .text.__aeabi_atexit
                0x000024c6       0x18 ./src/cr_cpp_config.o
                0x000024c6                __aeabi_atexit
 *fill*         0x000024de        0x2 ff
 .text.NVIC_EnableIRQ
                0x000024e0       0x30 ./src/main.o
 .text.NVIC_ClearPendingIRQ
                0x00002510       0x34 ./src/main.o
 .text.NVIC_SetPriority
                0x00002544       0x54 ./src/main.o
 .text.Chip_SYSCTL_PeriphReset
                0x00002598       0x22 ./src/main.o
 .text.Chip_PININT_Init
                0x000025ba       0x1c ./src/main.o
 .text.Chip_PININT_SetPinModeEdge
                0x000025d6       0x22 ./src/main.o
 .text.Chip_PININT_EnableIntLow
                0x000025f8       0x1a ./src/main.o
 .text.Chip_PININT_ClearIntStatus
                0x00002612       0x1a ./src/main.o
 .text.Chip_INMUX_PinIntSel
                0x0000262c       0x34 ./src/main.o
 .text._ZL5setupv
                0x00002660       0x20 ./src/main.o
 .text.PIN_INT4_IRQHandler
                0x00002680       0x48 ./src/main.o
                0x00002680                PIN_INT4_IRQHandler
 .text._ZL6vTask1Pv
                0x000026c8      0x4a0 ./src/main.o
 .text.main     0x00002b68       0x54 ./src/main.o
                0x00002b68                main
 .text._Z41__static_initialization_and_destruction_0ii
                0x00002bbc       0x40 ./src/main.o
 .text._GLOBAL__sub_I_resetSemaphore
                0x00002bfc       0x10 ./src/main.o
 .text.Chip_SWM_MovablePortPinAssign
                0x00002c0c       0x30 ./src/penControl.o
 .text._ZN10penControlC2EP9LPC_SCT_T20CHIP_SWM_PIN_MOVABLEii
                0x00002c3c      0x16c ./src/penControl.o
                0x00002c3c                penControl::penControl(LPC_SCT_T*, CHIP_SWM_PIN_MOVABLE, int, int)
                0x00002c3c                penControl::penControl(LPC_SCT_T*, CHIP_SWM_PIN_MOVABLE, int, int)
 .text._ZN10penControlD2Ev
                0x00002da8       0x20 ./src/penControl.o
                0x00002da8                penControl::~penControl()
                0x00002da8                penControl::~penControl()
 .text._ZN10penControlD0Ev
                0x00002dc8       0x1e ./src/penControl.o
                0x00002dc8                penControl::~penControl()
 *fill*         0x00002de6        0x2 ff
 .text._ZN10penControl14setPenPositionEh
                0x00002de8       0x5c ./src/penControl.o
                0x00002de8                penControl::setPenPosition(unsigned char)
 .text.SystemInit
                0x00002e44        0xc ./src/sysinit.o
                0x00002e44                SystemInit
 .text.Chip_IOCON_PinMuxSet
                0x00002e50       0x2c C:\Users\David\Desktop\MCUxpresso Projects\workspace\lpc_board_nxp_lpcxpresso_1549\Debug\liblpc_board_nxp_lpcxpresso_1549.a(board.o)
 .text.Chip_SWM_MovablePortPinAssign
                0x00002e7c       0x30 C:\Users\David\Desktop\MCUxpresso Projects\workspace\lpc_board_nxp_lpcxpresso_1549\Debug\liblpc_board_nxp_lpcxpresso_1549.a(board.o)
 .text.Chip_GPIO_SetPinState
                0x00002eac       0x36 C:\Users\David\Desktop\MCUxpresso Projects\workspace\lpc_board_nxp_lpcxpresso_1549\Debug\liblpc_board_nxp_lpcxpresso_1549.a(board.o)
 .text.Chip_GPIO_SetPinDIROutput
                0x00002ee2       0x3c C:\Users\David\Desktop\MCUxpresso Projects\workspace\lpc_board_nxp_lpcxpresso_1549\Debug\liblpc_board_nxp_lpcxpresso_1549.a(board.o)
 .text.Chip_UART_Enable
                0x00002f1e       0x1e C:\Users\David\Desktop\MCUxpresso Projects\workspace\lpc_board_nxp_lpcxpresso_1549\Debug\liblpc_board_nxp_lpcxpresso_1549.a(board.o)
 .text.Chip_UART_TXEnable
                0x00002f3c       0x1e C:\Users\David\Desktop\MCUxpresso Projects\workspace\lpc_board_nxp_lpcxpresso_1549\Debug\liblpc_board_nxp_lpcxpresso_1549.a(board.o)
 .text.Chip_UART_ConfigData
                0x00002f5a       0x28 C:\Users\David\Desktop\MCUxpresso Projects\workspace\lpc_board_nxp_lpcxpresso_1549\Debug\liblpc_board_nxp_lpcxpresso_1549.a(board.o)
 *fill*         0x00002f82        0x2 ff
 .text.Board_Debug_Init
                0x00002f84       0x70 C:\Users\David\Desktop\MCUxpresso Projects\workspace\lpc_board_nxp_lpcxpresso_1549\Debug\liblpc_board_nxp_lpcxpresso_1549.a(board.o)
                0x00002f84                Board_Debug_Init
 .text.Board_LED_Init
                0x00002ff4       0x60 C:\Users\David\Desktop\MCUxpresso Projects\workspace\lpc_board_nxp_lpcxpresso_1549\Debug\liblpc_board_nxp_lpcxpresso_1549.a(board.o)
 .text.Board_LED_Set
                0x00003054       0x54 C:\Users\David\Desktop\MCUxpresso Projects\workspace\lpc_board_nxp_lpcxpresso_1549\Debug\liblpc_board_nxp_lpcxpresso_1549.a(board.o)
                0x00003054                Board_LED_Set
 .text.Board_Init
                0x000030a8       0x18 C:\Users\David\Desktop\MCUxpresso Projects\workspace\lpc_board_nxp_lpcxpresso_1549\Debug\liblpc_board_nxp_lpcxpresso_1549.a(board.o)
                0x000030a8                Board_Init
 .text.Chip_SYSCTL_PeriphReset
                0x000030c0       0x22 C:\Users\David\Desktop\MCUxpresso Projects\workspace\lpc_board_nxp_lpcxpresso_1549\Debug\liblpc_board_nxp_lpcxpresso_1549.a(board_sysinit.o)
 *fill*         0x000030e2        0x2 ff
 .text.Chip_Clock_SetUSBPLLSource
                0x000030e4       0x20 C:\Users\David\Desktop\MCUxpresso Projects\workspace\lpc_board_nxp_lpcxpresso_1549\Debug\liblpc_board_nxp_lpcxpresso_1549.a(board_sysinit.o)
 .text.Chip_Clock_SetupUSBPLL
                0x00003104       0x34 C:\Users\David\Desktop\MCUxpresso Projects\workspace\lpc_board_nxp_lpcxpresso_1549\Debug\liblpc_board_nxp_lpcxpresso_1549.a(board_sysinit.o)
 .text.Chip_Clock_IsUSBPLLLocked
                0x00003138       0x24 C:\Users\David\Desktop\MCUxpresso Projects\workspace\lpc_board_nxp_lpcxpresso_1549\Debug\liblpc_board_nxp_lpcxpresso_1549.a(board_sysinit.o)
 .text.Chip_Clock_SetSysTickClockDiv
                0x0000315c       0x20 C:\Users\David\Desktop\MCUxpresso Projects\workspace\lpc_board_nxp_lpcxpresso_1549\Debug\liblpc_board_nxp_lpcxpresso_1549.a(board_sysinit.o)
 .text.Chip_SWM_MovablePortPinAssign
                0x0000317c       0x30 C:\Users\David\Desktop\MCUxpresso Projects\workspace\lpc_board_nxp_lpcxpresso_1549\Debug\liblpc_board_nxp_lpcxpresso_1549.a(board_sysinit.o)
 .text.Board_SetupMuxing
                0x000031ac       0x84 C:\Users\David\Desktop\MCUxpresso Projects\workspace\lpc_board_nxp_lpcxpresso_1549\Debug\liblpc_board_nxp_lpcxpresso_1549.a(board_sysinit.o)
                0x000031ac                Board_SetupMuxing
 .text.Board_SetupClocking
                0x00003230       0x3a C:\Users\David\Desktop\MCUxpresso Projects\workspace\lpc_board_nxp_lpcxpresso_1549\Debug\liblpc_board_nxp_lpcxpresso_1549.a(board_sysinit.o)
                0x00003230                Board_SetupClocking
 *fill*         0x0000326a        0x2 ff
 .text.Board_SystemInit
                0x0000326c       0x1c C:\Users\David\Desktop\MCUxpresso Projects\workspace\lpc_board_nxp_lpcxpresso_1549\Debug\liblpc_board_nxp_lpcxpresso_1549.a(board_sysinit.o)
                0x0000326c                Board_SystemInit
 .text.Chip_SYSCTL_PeriphReset
                0x00003288       0x22 C:\Users\David\Desktop\MCUxpresso Projects\workspace\lpc_chip_15xx\Debug\liblpc_chip_15xx.a(chip_15xx.o)
 *fill*         0x000032aa        0x2 ff
 .text.Chip_Clock_SetUSBClockSource
                0x000032ac       0x2c C:\Users\David\Desktop\MCUxpresso Projects\workspace\lpc_chip_15xx\Debug\liblpc_chip_15xx.a(chip_15xx.o)
 .text.Chip_Clock_SetUSBPLLSource
                0x000032d8       0x20 C:\Users\David\Desktop\MCUxpresso Projects\workspace\lpc_chip_15xx\Debug\liblpc_chip_15xx.a(chip_15xx.o)
 .text.Chip_Clock_SetupUSBPLL
                0x000032f8       0x34 C:\Users\David\Desktop\MCUxpresso Projects\workspace\lpc_chip_15xx\Debug\liblpc_chip_15xx.a(chip_15xx.o)
 .text.Chip_Clock_IsUSBPLLLocked
                0x0000332c       0x24 C:\Users\David\Desktop\MCUxpresso Projects\workspace\lpc_chip_15xx\Debug\liblpc_chip_15xx.a(chip_15xx.o)
 .text.SystemCoreClockUpdate
                0x00003350       0x18 C:\Users\David\Desktop\MCUxpresso Projects\workspace\lpc_chip_15xx\Debug\liblpc_chip_15xx.a(chip_15xx.o)
                0x00003350                SystemCoreClockUpdate
 .text.Chip_USB_Init
                0x00003368       0x4c C:\Users\David\Desktop\MCUxpresso Projects\workspace\lpc_chip_15xx\Debug\liblpc_chip_15xx.a(chip_15xx.o)
                0x00003368                Chip_USB_Init
 .text.Chip_Clock_SetMain_A_ClockSource
                0x000033b4       0x20 C:\Users\David\Desktop\MCUxpresso Projects\workspace\lpc_chip_15xx\Debug\liblpc_chip_15xx.a(clock_15xx.o)
 .text.Chip_Clock_GetMain_A_ClockSource
                0x000033d4       0x18 C:\Users\David\Desktop\MCUxpresso Projects\workspace\lpc_chip_15xx\Debug\liblpc_chip_15xx.a(clock_15xx.o)
 .text.Chip_Clock_SetMain_B_ClockSource
                0x000033ec       0x20 C:\Users\David\Desktop\MCUxpresso Projects\workspace\lpc_chip_15xx\Debug\liblpc_chip_15xx.a(clock_15xx.o)
 .text.Chip_Clock_GetMain_B_ClockSource
                0x0000340c       0x18 C:\Users\David\Desktop\MCUxpresso Projects\workspace\lpc_chip_15xx\Debug\liblpc_chip_15xx.a(clock_15xx.o)
 .text.Chip_Clock_SetUARTFRGDivider
                0x00003424       0x20 C:\Users\David\Desktop\MCUxpresso Projects\workspace\lpc_chip_15xx\Debug\liblpc_chip_15xx.a(clock_15xx.o)
 .text.Chip_Clock_GetUARTFRGDivider
                0x00003444       0x18 C:\Users\David\Desktop\MCUxpresso Projects\workspace\lpc_chip_15xx\Debug\liblpc_chip_15xx.a(clock_15xx.o)
 .text.Chip_Clock_GetMainOscRate
                0x0000345c       0x14 C:\Users\David\Desktop\MCUxpresso Projects\workspace\lpc_chip_15xx\Debug\liblpc_chip_15xx.a(clock_15xx.o)
 .text.Chip_Clock_GetIntOscRate
                0x00003470       0x14 C:\Users\David\Desktop\MCUxpresso Projects\workspace\lpc_chip_15xx\Debug\liblpc_chip_15xx.a(clock_15xx.o)
 .text.Chip_Clock_GetRTCOscRate
                0x00003484       0x14 C:\Users\David\Desktop\MCUxpresso Projects\workspace\lpc_chip_15xx\Debug\liblpc_chip_15xx.a(clock_15xx.o)
 .text.Chip_Clock_GetWDTOSCRate
                0x00003498       0x14 C:\Users\David\Desktop\MCUxpresso Projects\workspace\lpc_chip_15xx\Debug\liblpc_chip_15xx.a(clock_15xx.o)
 .text.Chip_Clock_GetPLLFreq
                0x000034ac       0x26 C:\Users\David\Desktop\MCUxpresso Projects\workspace\lpc_chip_15xx\Debug\liblpc_chip_15xx.a(clock_15xx.o)
 .text.Chip_Clock_GetPLLInClockRate
                0x000034d2       0x38 C:\Users\David\Desktop\MCUxpresso Projects\workspace\lpc_chip_15xx\Debug\liblpc_chip_15xx.a(clock_15xx.o)
 *fill*         0x0000350a        0x2 ff
 .text.Chip_Clock_GetSystemPLLInClockRate
                0x0000350c       0x1c C:\Users\David\Desktop\MCUxpresso Projects\workspace\lpc_chip_15xx\Debug\liblpc_chip_15xx.a(clock_15xx.o)
                0x0000350c                Chip_Clock_GetSystemPLLInClockRate
 .text.Chip_Clock_GetSystemPLLOutClockRate
                0x00003528       0x24 C:\Users\David\Desktop\MCUxpresso Projects\workspace\lpc_chip_15xx\Debug\liblpc_chip_15xx.a(clock_15xx.o)
                0x00003528                Chip_Clock_GetSystemPLLOutClockRate
 .text.Chip_Clock_GetMain_A_ClockRate
                0x0000354c       0x4a C:\Users\David\Desktop\MCUxpresso Projects\workspace\lpc_chip_15xx\Debug\liblpc_chip_15xx.a(clock_15xx.o)
                0x0000354c                Chip_Clock_GetMain_A_ClockRate
 *fill*         0x00003596        0x2 ff
 .text.Chip_Clock_GetMain_B_ClockRate
                0x00003598       0x58 C:\Users\David\Desktop\MCUxpresso Projects\workspace\lpc_chip_15xx\Debug\liblpc_chip_15xx.a(clock_15xx.o)
                0x00003598                Chip_Clock_GetMain_B_ClockRate
 .text.Chip_Clock_SetMainClockSource
                0x000035f0       0x3c C:\Users\David\Desktop\MCUxpresso Projects\workspace\lpc_chip_15xx\Debug\liblpc_chip_15xx.a(clock_15xx.o)
                0x000035f0                Chip_Clock_SetMainClockSource
 .text.Chip_Clock_GetMainClockRate
                0x0000362c       0x28 C:\Users\David\Desktop\MCUxpresso Projects\workspace\lpc_chip_15xx\Debug\liblpc_chip_15xx.a(clock_15xx.o)
                0x0000362c                Chip_Clock_GetMainClockRate
 .text.Chip_Clock_EnablePeriphClock
                0x00003654       0x58 C:\Users\David\Desktop\MCUxpresso Projects\workspace\lpc_chip_15xx\Debug\liblpc_chip_15xx.a(clock_15xx.o)
                0x00003654                Chip_Clock_EnablePeriphClock
 .text.Chip_Clock_GetUARTBaseClockRate
                0x000036ac       0x8c C:\Users\David\Desktop\MCUxpresso Projects\workspace\lpc_chip_15xx\Debug\liblpc_chip_15xx.a(clock_15xx.o)
                0x000036ac                Chip_Clock_GetUARTBaseClockRate
 .text.Chip_Clock_SetUARTBaseClockRate
                0x00003738       0xa4 C:\Users\David\Desktop\MCUxpresso Projects\workspace\lpc_chip_15xx\Debug\liblpc_chip_15xx.a(clock_15xx.o)
                0x00003738                Chip_Clock_SetUARTBaseClockRate
 .text.Chip_Clock_GetSystemClockRate
                0x000037dc       0x1c C:\Users\David\Desktop\MCUxpresso Projects\workspace\lpc_chip_15xx\Debug\liblpc_chip_15xx.a(clock_15xx.o)
                0x000037dc                Chip_Clock_GetSystemClockRate
 .text.Chip_SYSCTL_PeriphReset
                0x000037f8       0x22 C:\Users\David\Desktop\MCUxpresso Projects\workspace\lpc_chip_15xx\Debug\liblpc_chip_15xx.a(gpio_15xx.o)
 .text.Chip_GPIO_Init
                0x0000381a       0x2e C:\Users\David\Desktop\MCUxpresso Projects\workspace\lpc_chip_15xx\Debug\liblpc_chip_15xx.a(gpio_15xx.o)
                0x0000381a                Chip_GPIO_Init
 .text.Chip_IOCON_PinMuxSet
                0x00003848       0x2c C:\Users\David\Desktop\MCUxpresso Projects\workspace\lpc_chip_15xx\Debug\liblpc_chip_15xx.a(iocon_15xx.o)
 .text.Chip_IOCON_SetPinMuxing
                0x00003874       0x50 C:\Users\David\Desktop\MCUxpresso Projects\workspace\lpc_chip_15xx\Debug\liblpc_chip_15xx.a(iocon_15xx.o)
                0x00003874                Chip_IOCON_SetPinMuxing
 .text.Chip_SYSCTL_PeriphReset
                0x000038c4       0x22 C:\Users\David\Desktop\MCUxpresso Projects\workspace\lpc_chip_15xx\Debug\liblpc_chip_15xx.a(ritimer_15xx.o)
 .text.Chip_RIT_Init
                0x000038e6       0x22 C:\Users\David\Desktop\MCUxpresso Projects\workspace\lpc_chip_15xx\Debug\liblpc_chip_15xx.a(ritimer_15xx.o)
                0x000038e6                Chip_RIT_Init
 .text.Chip_RIT_SetCTRL
                0x00003908       0x28 C:\Users\David\Desktop\MCUxpresso Projects\workspace\lpc_chip_15xx\Debug\liblpc_chip_15xx.a(ritimer_15xx.o)
                0x00003908                Chip_RIT_SetCTRL
 .text.Chip_RIT_ClearCTRL
                0x00003930       0x2a C:\Users\David\Desktop\MCUxpresso Projects\workspace\lpc_chip_15xx\Debug\liblpc_chip_15xx.a(ritimer_15xx.o)
                0x00003930                Chip_RIT_ClearCTRL
 .text.Chip_RIT_SetCompareValue
                0x0000395a       0x30 C:\Users\David\Desktop\MCUxpresso Projects\workspace\lpc_chip_15xx\Debug\liblpc_chip_15xx.a(ritimer_15xx.o)
                0x0000395a                Chip_RIT_SetCompareValue
 .text.Chip_RIT_SetCounter
                0x0000398a       0x30 C:\Users\David\Desktop\MCUxpresso Projects\workspace\lpc_chip_15xx\Debug\liblpc_chip_15xx.a(ritimer_15xx.o)
                0x0000398a                Chip_RIT_SetCounter
 .text.Chip_SYSCTL_PeriphReset
                0x000039ba       0x22 C:\Users\David\Desktop\MCUxpresso Projects\workspace\lpc_chip_15xx\Debug\liblpc_chip_15xx.a(sct_15xx.o)
 .text.Chip_SCT_Init
                0x000039dc       0x3c C:\Users\David\Desktop\MCUxpresso Projects\workspace\lpc_chip_15xx\Debug\liblpc_chip_15xx.a(sct_15xx.o)
                0x000039dc                Chip_SCT_Init
 .text.Chip_SWM_MovablePinAssign
                0x00003a18       0x5c C:\Users\David\Desktop\MCUxpresso Projects\workspace\lpc_chip_15xx\Debug\liblpc_chip_15xx.a(swm_15xx.o)
                0x00003a18                Chip_SWM_MovablePinAssign
 .text.Chip_SYSCTL_AssertPeriphReset
                0x00003a74       0x4c C:\Users\David\Desktop\MCUxpresso Projects\workspace\lpc_chip_15xx\Debug\liblpc_chip_15xx.a(sysctl_15xx.o)
                0x00003a74                Chip_SYSCTL_AssertPeriphReset
 .text.Chip_SYSCTL_DeassertPeriphReset
                0x00003ac0       0x50 C:\Users\David\Desktop\MCUxpresso Projects\workspace\lpc_chip_15xx\Debug\liblpc_chip_15xx.a(sysctl_15xx.o)
                0x00003ac0                Chip_SYSCTL_DeassertPeriphReset
 .text.Chip_SYSCTL_PowerDown
                0x00003b10       0x40 C:\Users\David\Desktop\MCUxpresso Projects\workspace\lpc_chip_15xx\Debug\liblpc_chip_15xx.a(sysctl_15xx.o)
                0x00003b10                Chip_SYSCTL_PowerDown
 .text.Chip_SYSCTL_PowerUp
                0x00003b50       0x40 C:\Users\David\Desktop\MCUxpresso Projects\workspace\lpc_chip_15xx\Debug\liblpc_chip_15xx.a(sysctl_15xx.o)
                0x00003b50                Chip_SYSCTL_PowerUp
 .text.Chip_FMC_SetFLASHAccess
                0x00003b90       0x38 C:\Users\David\Desktop\MCUxpresso Projects\workspace\lpc_chip_15xx\Debug\liblpc_chip_15xx.a(sysinit_15xx.o)
 .text.Chip_Clock_SetSystemPLLSource
                0x00003bc8       0x20 C:\Users\David\Desktop\MCUxpresso Projects\workspace\lpc_chip_15xx\Debug\liblpc_chip_15xx.a(sysinit_15xx.o)
 .text.Chip_Clock_SetupSystemPLL
                0x00003be8       0x34 C:\Users\David\Desktop\MCUxpresso Projects\workspace\lpc_chip_15xx\Debug\liblpc_chip_15xx.a(sysinit_15xx.o)
 .text.Chip_Clock_IsSystemPLLLocked
                0x00003c1c       0x24 C:\Users\David\Desktop\MCUxpresso Projects\workspace\lpc_chip_15xx\Debug\liblpc_chip_15xx.a(sysinit_15xx.o)
 .text.Chip_Clock_SetSysClockDiv
                0x00003c40       0x20 C:\Users\David\Desktop\MCUxpresso Projects\workspace\lpc_chip_15xx\Debug\liblpc_chip_15xx.a(sysinit_15xx.o)
 .text.Chip_SetupXtalClocking
                0x00003c60       0x6c C:\Users\David\Desktop\MCUxpresso Projects\workspace\lpc_chip_15xx\Debug\liblpc_chip_15xx.a(sysinit_15xx.o)
                0x00003c60                Chip_SetupXtalClocking
 .text.Chip_SYSCTL_PeriphReset
                0x00003ccc       0x22 C:\Users\David\Desktop\MCUxpresso Projects\workspace\lpc_chip_15xx\Debug\liblpc_chip_15xx.a(uart_15xx.o)
 *fill*         0x00003cee        0x2 ff
 .text.getUARTClockID
                0x00003cf0       0x34 C:\Users\David\Desktop\MCUxpresso Projects\workspace\lpc_chip_15xx\Debug\liblpc_chip_15xx.a(uart_15xx.o)
 .text.Chip_UART_Init
                0x00003d24       0x4c C:\Users\David\Desktop\MCUxpresso Projects\workspace\lpc_chip_15xx\Debug\liblpc_chip_15xx.a(uart_15xx.o)
                0x00003d24                Chip_UART_Init
 .text.Chip_UART_SetBaud
                0x00003d70       0x2a C:\Users\David\Desktop\MCUxpresso Projects\workspace\lpc_chip_15xx\Debug\liblpc_chip_15xx.a(uart_15xx.o)
                0x00003d70                Chip_UART_SetBaud
 *fill*         0x00003d9a        0x2 ff
 .text.xQueueGenericReset
                0x00003d9c       0xb4 C:\Users\David\Desktop\MCUxpresso Projects\workspace\FreeRTOS\Debug\libFreeRTOS.a(queue.o)
                0x00003d9c                xQueueGenericReset
 .text.xQueueGenericCreate
                0x00003e50       0x5c C:\Users\David\Desktop\MCUxpresso Projects\workspace\FreeRTOS\Debug\libFreeRTOS.a(queue.o)
                0x00003e50                xQueueGenericCreate
 .text.prvInitialiseNewQueue
                0x00003eac       0x46 C:\Users\David\Desktop\MCUxpresso Projects\workspace\FreeRTOS\Debug\libFreeRTOS.a(queue.o)
 .text.prvInitialiseMutex
                0x00003ef2       0x34 C:\Users\David\Desktop\MCUxpresso Projects\workspace\FreeRTOS\Debug\libFreeRTOS.a(queue.o)
 .text.xQueueCreateMutex
                0x00003f26       0x30 C:\Users\David\Desktop\MCUxpresso Projects\workspace\FreeRTOS\Debug\libFreeRTOS.a(queue.o)
                0x00003f26                xQueueCreateMutex
 *fill*         0x00003f56        0x2 ff
 .text.xQueueGenericSend
                0x00003f58      0x154 C:\Users\David\Desktop\MCUxpresso Projects\workspace\FreeRTOS\Debug\libFreeRTOS.a(queue.o)
                0x00003f58                xQueueGenericSend
 .text.xQueueGiveFromISR
                0x000040ac       0xa8 C:\Users\David\Desktop\MCUxpresso Projects\workspace\FreeRTOS\Debug\libFreeRTOS.a(queue.o)
                0x000040ac                xQueueGiveFromISR
 .text.xQueueReceive
                0x00004154      0x144 C:\Users\David\Desktop\MCUxpresso Projects\workspace\FreeRTOS\Debug\libFreeRTOS.a(queue.o)
                0x00004154                xQueueReceive
 .text.xQueueSemaphoreTake
                0x00004298      0x190 C:\Users\David\Desktop\MCUxpresso Projects\workspace\FreeRTOS\Debug\libFreeRTOS.a(queue.o)
                0x00004298                xQueueSemaphoreTake
 .text.prvGetDisinheritPriorityAfterTimeout
                0x00004428       0x2e C:\Users\David\Desktop\MCUxpresso Projects\workspace\FreeRTOS\Debug\libFreeRTOS.a(queue.o)
 .text.prvCopyDataToQueue
                0x00004456       0xd4 C:\Users\David\Desktop\MCUxpresso Projects\workspace\FreeRTOS\Debug\libFreeRTOS.a(queue.o)
 .text.prvCopyDataFromQueue
                0x0000452a       0x4c C:\Users\David\Desktop\MCUxpresso Projects\workspace\FreeRTOS\Debug\libFreeRTOS.a(queue.o)
 .text.prvUnlockQueue
                0x00004576       0xa4 C:\Users\David\Desktop\MCUxpresso Projects\workspace\FreeRTOS\Debug\libFreeRTOS.a(queue.o)
 .text.prvIsQueueEmpty
                0x0000461a       0x2c C:\Users\David\Desktop\MCUxpresso Projects\workspace\FreeRTOS\Debug\libFreeRTOS.a(queue.o)
 .text.prvIsQueueFull
                0x00004646       0x30 C:\Users\David\Desktop\MCUxpresso Projects\workspace\FreeRTOS\Debug\libFreeRTOS.a(queue.o)
 *fill*         0x00004676        0x2 ff
 .text.vQueueAddToRegistry
                0x00004678       0x50 C:\Users\David\Desktop\MCUxpresso Projects\workspace\FreeRTOS\Debug\libFreeRTOS.a(queue.o)
                0x00004678                vQueueAddToRegistry
 .text.xTaskCreate
                0x000046c8       0x84 C:\Users\David\Desktop\MCUxpresso Projects\workspace\FreeRTOS\Debug\libFreeRTOS.a(tasks.o)
                0x000046c8                xTaskCreate
 .text.prvInitialiseNewTask
                0x0000474c      0x184 C:\Users\David\Desktop\MCUxpresso Projects\workspace\FreeRTOS\Debug\libFreeRTOS.a(tasks.o)
 .text.prvAddNewTaskToReadyList
                0x000048d0       0xdc C:\Users\David\Desktop\MCUxpresso Projects\workspace\FreeRTOS\Debug\libFreeRTOS.a(tasks.o)
 .text.vTaskDelay
                0x000049ac       0x48 C:\Users\David\Desktop\MCUxpresso Projects\workspace\FreeRTOS\Debug\libFreeRTOS.a(tasks.o)
                0x000049ac                vTaskDelay
 .text.vTaskStartScheduler
                0x000049f4       0xa0 C:\Users\David\Desktop\MCUxpresso Projects\workspace\FreeRTOS\Debug\libFreeRTOS.a(tasks.o)
                0x000049f4                vTaskStartScheduler
 .text.vTaskSuspendAll
                0x00004a94       0x1c C:\Users\David\Desktop\MCUxpresso Projects\workspace\FreeRTOS\Debug\libFreeRTOS.a(tasks.o)
                0x00004a94                vTaskSuspendAll
 .text.xTaskResumeAll
                0x00004ab0      0x11c C:\Users\David\Desktop\MCUxpresso Projects\workspace\FreeRTOS\Debug\libFreeRTOS.a(tasks.o)
                0x00004ab0                xTaskResumeAll
 .text.xTaskIncrementTick
                0x00004bcc      0x150 C:\Users\David\Desktop\MCUxpresso Projects\workspace\FreeRTOS\Debug\libFreeRTOS.a(tasks.o)
                0x00004bcc                xTaskIncrementTick
 .text.vTaskSwitchContext
                0x00004d1c       0xe4 C:\Users\David\Desktop\MCUxpresso Projects\workspace\FreeRTOS\Debug\libFreeRTOS.a(tasks.o)
                0x00004d1c                vTaskSwitchContext
 .text.vTaskPlaceOnEventList
                0x00004e00       0x2c C:\Users\David\Desktop\MCUxpresso Projects\workspace\FreeRTOS\Debug\libFreeRTOS.a(tasks.o)
                0x00004e00                vTaskPlaceOnEventList
 .text.xTaskRemoveFromEventList
                0x00004e2c       0xa8 C:\Users\David\Desktop\MCUxpresso Projects\workspace\FreeRTOS\Debug\libFreeRTOS.a(tasks.o)
                0x00004e2c                xTaskRemoveFromEventList
 .text.vTaskInternalSetTimeOutState
                0x00004ed4       0x2c C:\Users\David\Desktop\MCUxpresso Projects\workspace\FreeRTOS\Debug\libFreeRTOS.a(tasks.o)
                0x00004ed4                vTaskInternalSetTimeOutState
 .text.xTaskCheckForTimeOut
                0x00004f00       0x8c C:\Users\David\Desktop\MCUxpresso Projects\workspace\FreeRTOS\Debug\libFreeRTOS.a(tasks.o)
                0x00004f00                xTaskCheckForTimeOut
 .text.vTaskMissedYield
                0x00004f8c       0x18 C:\Users\David\Desktop\MCUxpresso Projects\workspace\FreeRTOS\Debug\libFreeRTOS.a(tasks.o)
                0x00004f8c                vTaskMissedYield
 .text.prvIdleTask
                0x00004fa4        0xe C:\Users\David\Desktop\MCUxpresso Projects\workspace\FreeRTOS\Debug\libFreeRTOS.a(tasks.o)
 *fill*         0x00004fb2        0x2 ff
 .text.prvInitialiseTaskLists
                0x00004fb4       0x80 C:\Users\David\Desktop\MCUxpresso Projects\workspace\FreeRTOS\Debug\libFreeRTOS.a(tasks.o)
 .text.prvCheckTasksWaitingTermination
                0x00005034       0x5c C:\Users\David\Desktop\MCUxpresso Projects\workspace\FreeRTOS\Debug\libFreeRTOS.a(tasks.o)
 .text.prvDeleteTCB
                0x00005090       0x2a C:\Users\David\Desktop\MCUxpresso Projects\workspace\FreeRTOS\Debug\libFreeRTOS.a(tasks.o)
 *fill*         0x000050ba        0x2 ff
 .text.prvResetNextTaskUnblockTime
                0x000050bc       0x40 C:\Users\David\Desktop\MCUxpresso Projects\workspace\FreeRTOS\Debug\libFreeRTOS.a(tasks.o)
 .text.xTaskPriorityInherit
                0x000050fc      0x100 C:\Users\David\Desktop\MCUxpresso Projects\workspace\FreeRTOS\Debug\libFreeRTOS.a(tasks.o)
                0x000050fc                xTaskPriorityInherit
 .text.xTaskPriorityDisinherit
                0x000051fc       0xc8 C:\Users\David\Desktop\MCUxpresso Projects\workspace\FreeRTOS\Debug\libFreeRTOS.a(tasks.o)
                0x000051fc                xTaskPriorityDisinherit
 .text.vTaskPriorityDisinheritAfterTimeout
                0x000052c4       0xf0 C:\Users\David\Desktop\MCUxpresso Projects\workspace\FreeRTOS\Debug\libFreeRTOS.a(tasks.o)
                0x000052c4                vTaskPriorityDisinheritAfterTimeout
 .text.pvTaskIncrementMutexHeldCount
                0x000053b4       0x28 C:\Users\David\Desktop\MCUxpresso Projects\workspace\FreeRTOS\Debug\libFreeRTOS.a(tasks.o)
                0x000053b4                pvTaskIncrementMutexHeldCount
 .text.prvAddCurrentTaskToDelayedList
                0x000053dc       0xcc C:\Users\David\Desktop\MCUxpresso Projects\workspace\FreeRTOS\Debug\libFreeRTOS.a(tasks.o)
 .text.pvPortMalloc
                0x000054a8       0x2e C:\Users\David\Desktop\MCUxpresso Projects\workspace\FreeRTOS\Debug\libFreeRTOS.a(heap_3.o)
                0x000054a8                pvPortMalloc
 .text.vPortFree
                0x000054d6       0x24 C:\Users\David\Desktop\MCUxpresso Projects\workspace\FreeRTOS\Debug\libFreeRTOS.a(heap_3.o)
                0x000054d6                vPortFree
 *fill*         0x000054fa        0x2 ff
 .text.pxPortInitialiseStack
                0x000054fc       0x58 C:\Users\David\Desktop\MCUxpresso Projects\workspace\FreeRTOS\Debug\libFreeRTOS.a(port.o)
                0x000054fc                pxPortInitialiseStack
 .text.prvTaskExitError
                0x00005554       0x32 C:\Users\David\Desktop\MCUxpresso Projects\workspace\FreeRTOS\Debug\libFreeRTOS.a(port.o)
 *fill*         0x00005586        0xa ff
 .text.SVC_Handler
                0x00005590       0x28 C:\Users\David\Desktop\MCUxpresso Projects\workspace\FreeRTOS\Debug\libFreeRTOS.a(port.o)
                0x00005590                SVC_Handler
 .text.prvPortStartFirstTask
                0x000055b8       0x20 C:\Users\David\Desktop\MCUxpresso Projects\workspace\FreeRTOS\Debug\libFreeRTOS.a(port.o)
 .text.xPortStartScheduler
                0x000055d8       0x40 C:\Users\David\Desktop\MCUxpresso Projects\workspace\FreeRTOS\Debug\libFreeRTOS.a(port.o)
                0x000055d8                xPortStartScheduler
 .text.vPortEnterCritical
                0x00005618       0x34 C:\Users\David\Desktop\MCUxpresso Projects\workspace\FreeRTOS\Debug\libFreeRTOS.a(port.o)
                0x00005618                vPortEnterCritical
 .text.vPortExitCritical
                0x0000564c       0x34 C:\Users\David\Desktop\MCUxpresso Projects\workspace\FreeRTOS\Debug\libFreeRTOS.a(port.o)
                0x0000564c                vPortExitCritical
 .text.PendSV_Handler
                0x00005680       0x48 C:\Users\David\Desktop\MCUxpresso Projects\workspace\FreeRTOS\Debug\libFreeRTOS.a(port.o)
                0x00005680                PendSV_Handler
 .text.SysTick_Handler
                0x000056c8       0x44 C:\Users\David\Desktop\MCUxpresso Projects\workspace\FreeRTOS\Debug\libFreeRTOS.a(port.o)
                0x000056c8                SysTick_Handler
 .text.vPortSetupTimerInterrupt
                0x0000570c       0x44 C:\Users\David\Desktop\MCUxpresso Projects\workspace\FreeRTOS\Debug\libFreeRTOS.a(port.o)
                0x0000570c                vPortSetupTimerInterrupt
 .text.vApplicationMallocFailedHook
                0x00005750       0x1e C:\Users\David\Desktop\MCUxpresso Projects\workspace\FreeRTOS\Debug\libFreeRTOS.a(FreeRTOSCommonHooks.o)
                0x00005750                vApplicationMallocFailedHook
 .text.vApplicationStackOverflowHook
                0x0000576e       0x22 C:\Users\David\Desktop\MCUxpresso Projects\workspace\FreeRTOS\Debug\libFreeRTOS.a(FreeRTOSCommonHooks.o)
                0x0000576e                vApplicationStackOverflowHook
 .text.vListInitialise
                0x00005790       0x3e C:\Users\David\Desktop\MCUxpresso Projects\workspace\FreeRTOS\Debug\libFreeRTOS.a(list.o)
                0x00005790                vListInitialise
 .text.vListInitialiseItem
                0x000057ce       0x18 C:\Users\David\Desktop\MCUxpresso Projects\workspace\FreeRTOS\Debug\libFreeRTOS.a(list.o)
                0x000057ce                vListInitialiseItem
 .text.vListInsertEnd
                0x000057e6       0x46 C:\Users\David\Desktop\MCUxpresso Projects\workspace\FreeRTOS\Debug\libFreeRTOS.a(list.o)
                0x000057e6                vListInsertEnd
 .text.vListInsert
                0x0000582c       0x70 C:\Users\David\Desktop\MCUxpresso Projects\workspace\FreeRTOS\Debug\libFreeRTOS.a(list.o)
                0x0000582c                vListInsert
 .text.uxListRemove
                0x0000589c       0x52 C:\Users\David\Desktop\MCUxpresso Projects\workspace\FreeRTOS\Debug\libFreeRTOS.a(list.o)
                0x0000589c                uxListRemove
 *fill*         0x000058ee        0x2 ff
 .text          0x000058f0      0x21c c:/nxp/mcuxpressoide_11.2.0_4120/ide/plugins/com.nxp.mcuxpresso.tools.win32_11.2.0.202001021529/tools/bin/../lib/gcc/arm-none-eabi/9.2.1/thumb/v7-m/nofp\libgcc.a(_arm_addsubsf3.o)
                0x000058f0                __aeabi_frsub
                0x000058f8                __subsf3
                0x000058f8                __aeabi_fsub
                0x000058fc                __aeabi_fadd
                0x000058fc                __addsf3
                0x00005a5c                __aeabi_ui2f
                0x00005a5c                __floatunsisf
                0x00005a64                __aeabi_i2f
                0x00005a64                __floatsisf
                0x00005a80                __aeabi_ul2f
                0x00005a80                __floatundisf
                0x00005a90                __aeabi_l2f
                0x00005a90                __floatdisf
 .text          0x00005b0c      0x2a0 c:/nxp/mcuxpressoide_11.2.0_4120/ide/plugins/com.nxp.mcuxpresso.tools.win32_11.2.0.202001021529/tools/bin/../lib/gcc/arm-none-eabi/9.2.1/thumb/v7-m/nofp\libgcc.a(_arm_muldivsf3.o)
                0x00005b0c                __mulsf3
                0x00005b0c                __aeabi_fmul
                0x00005c74                __aeabi_fdiv
                0x00005c74                __divsf3
 .text          0x00005dac       0x4c c:/nxp/mcuxpressoide_11.2.0_4120/ide/plugins/com.nxp.mcuxpresso.tools.win32_11.2.0.202001021529/tools/bin/../lib/gcc/arm-none-eabi/9.2.1/thumb/v7-m/nofp\libgcc.a(_arm_fixsfsi.o)
                0x00005dac                __aeabi_f2iz
                0x00005dac                __fixsfsi
 .text          0x00005df8       0x40 c:/nxp/mcuxpressoide_11.2.0_4120/ide/plugins/com.nxp.mcuxpresso.tools.win32_11.2.0.202001021529/tools/bin/../lib/gcc/arm-none-eabi/9.2.1/thumb/v7-m/nofp\libgcc.a(_arm_fixunssfsi.o)
                0x00005df8                __fixunssfsi
                0x00005df8                __aeabi_f2uiz
 .text          0x00005e38       0x30 c:/nxp/mcuxpressoide_11.2.0_4120/ide/plugins/com.nxp.mcuxpresso.tools.win32_11.2.0.202001021529/tools/bin/../lib/gcc/arm-none-eabi/9.2.1/thumb/v7-m/nofp\libgcc.a(_aeabi_uldivmod.o)
                0x00005e38                __aeabi_uldivmod
 .text          0x00005e68      0x2c4 c:/nxp/mcuxpressoide_11.2.0_4120/ide/plugins/com.nxp.mcuxpresso.tools.win32_11.2.0.202001021529/tools/bin/../lib/gcc/arm-none-eabi/9.2.1/thumb/v7-m/nofp\libgcc.a(_udivmoddi4.o)
                0x00005e68                __udivmoddi4
 .text          0x0000612c        0x4 c:/nxp/mcuxpressoide_11.2.0_4120/ide/plugins/com.nxp.mcuxpresso.tools.win32_11.2.0.202001021529/tools/bin/../lib/gcc/arm-none-eabi/9.2.1/thumb/v7-m/nofp\libgcc.a(_dvmd_tls.o)
                0x0000612c                __aeabi_idiv0
                0x0000612c                __aeabi_ldiv0
 .text.abs      0x00006130        0x8 c:/nxp/mcuxpressoide_11.2.0_4120/ide/plugins/com.nxp.mcuxpresso.tools.win32_11.2.0.202001021529/tools/bin/../lib/gcc/arm-none-eabi/9.2.1/../../../../arm-none-eabi/lib/thumb/v7-m/nofp\libc.a(lib_a-abs.o)
                0x00006130                abs
 .text.__libc_init_array
                0x00006138       0x48 c:/nxp/mcuxpressoide_11.2.0_4120/ide/plugins/com.nxp.mcuxpresso.tools.win32_11.2.0.202001021529/tools/bin/../lib/gcc/arm-none-eabi/9.2.1/../../../../arm-none-eabi/lib/thumb/v7-m/nofp\libc.a(lib_a-init.o)
                0x00006138                __libc_init_array
 .text.malloc   0x00006180       0x10 c:/nxp/mcuxpressoide_11.2.0_4120/ide/plugins/com.nxp.mcuxpresso.tools.win32_11.2.0.202001021529/tools/bin/../lib/gcc/arm-none-eabi/9.2.1/../../../../arm-none-eabi/lib/thumb/v7-m/nofp\libc.a(lib_a-malloc.o)
                0x00006180                malloc
 .text.free     0x00006190       0x10 c:/nxp/mcuxpressoide_11.2.0_4120/ide/plugins/com.nxp.mcuxpresso.tools.win32_11.2.0.202001021529/tools/bin/../lib/gcc/arm-none-eabi/9.2.1/../../../../arm-none-eabi/lib/thumb/v7-m/nofp\libc.a(lib_a-malloc.o)
                0x00006190                free
 .text._malloc_r
                0x000061a0      0x55c c:/nxp/mcuxpressoide_11.2.0_4120/ide/plugins/com.nxp.mcuxpresso.tools.win32_11.2.0.202001021529/tools/bin/../lib/gcc/arm-none-eabi/9.2.1/../../../../arm-none-eabi/lib/thumb/v7-m/nofp\libc.a(lib_a-mallocr.o)
                0x000061a0                _malloc_r
 .text          0x000066fc       0xec c:/nxp/mcuxpressoide_11.2.0_4120/ide/plugins/com.nxp.mcuxpresso.tools.win32_11.2.0.202001021529/tools/bin/../lib/gcc/arm-none-eabi/9.2.1/../../../../arm-none-eabi/lib/thumb/v7-m/nofp\libc.a(lib_a-memcpy.o)
                0x000066fc                memcpy
 .text.memset   0x000067e8       0xa0 c:/nxp/mcuxpressoide_11.2.0_4120/ide/plugins/com.nxp.mcuxpresso.tools.win32_11.2.0.202001021529/tools/bin/../lib/gcc/arm-none-eabi/9.2.1/../../../../arm-none-eabi/lib/thumb/v7-m/nofp\libc.a(lib_a-memset.o)
                0x000067e8                memset
 .text.__malloc_lock
                0x00006888        0xc c:/nxp/mcuxpressoide_11.2.0_4120/ide/plugins/com.nxp.mcuxpresso.tools.win32_11.2.0.202001021529/tools/bin/../lib/gcc/arm-none-eabi/9.2.1/../../../../arm-none-eabi/lib/thumb/v7-m/nofp\libc.a(lib_a-mlock.o)
                0x00006888                __malloc_lock
 .text.__malloc_unlock
                0x00006894        0xc c:/nxp/mcuxpressoide_11.2.0_4120/ide/plugins/com.nxp.mcuxpresso.tools.win32_11.2.0.202001021529/tools/bin/../lib/gcc/arm-none-eabi/9.2.1/../../../../arm-none-eabi/lib/thumb/v7-m/nofp\libc.a(lib_a-mlock.o)
                0x00006894                __malloc_unlock
 .text.cleanup_glue
                0x000068a0       0x1c c:/nxp/mcuxpressoide_11.2.0_4120/ide/plugins/com.nxp.mcuxpresso.tools.win32_11.2.0.202001021529/tools/bin/../lib/gcc/arm-none-eabi/9.2.1/../../../../arm-none-eabi/lib/thumb/v7-m/nofp\libc.a(lib_a-reent.o)
                0x000068a0                cleanup_glue
 .text._reclaim_reent
                0x000068bc       0x84 c:/nxp/mcuxpressoide_11.2.0_4120/ide/plugins/com.nxp.mcuxpresso.tools.win32_11.2.0.202001021529/tools/bin/../lib/gcc/arm-none-eabi/9.2.1/../../../../arm-none-eabi/lib/thumb/v7-m/nofp\libc.a(lib_a-reent.o)
                0x000068bc                _reclaim_reent
 .text._sbrk_r  0x00006940       0x24 c:/nxp/mcuxpressoide_11.2.0_4120/ide/plugins/com.nxp.mcuxpresso.tools.win32_11.2.0.202001021529/tools/bin/../lib/gcc/arm-none-eabi/9.2.1/../../../../arm-none-eabi/lib/thumb/v7-m/nofp\libc.a(lib_a-sbrkr.o)
                0x00006940                _sbrk_r
 .text.sprintf  0x00006964       0x44 c:/nxp/mcuxpressoide_11.2.0_4120/ide/plugins/com.nxp.mcuxpresso.tools.win32_11.2.0.202001021529/tools/bin/../lib/gcc/arm-none-eabi/9.2.1/../../../../arm-none-eabi/lib/thumb/v7-m/nofp\libc.a(lib_a-sprintf.o)
                0x00006964                sprintf
 .text.sscanf   0x000069a8       0x58 c:/nxp/mcuxpressoide_11.2.0_4120/ide/plugins/com.nxp.mcuxpresso.tools.win32_11.2.0.202001021529/tools/bin/../lib/gcc/arm-none-eabi/9.2.1/../../../../arm-none-eabi/lib/thumb/v7-m/nofp\libc.a(lib_a-sscanf.o)
                0x000069a8                sscanf
 .text.__seofread
                0x00006a00        0x4 c:/nxp/mcuxpressoide_11.2.0_4120/ide/plugins/com.nxp.mcuxpresso.tools.win32_11.2.0.202001021529/tools/bin/../lib/gcc/arm-none-eabi/9.2.1/../../../../arm-none-eabi/lib/thumb/v7-m/nofp\libc.a(lib_a-stdio.o)
                0x00006a00                __seofread
 .text          0x00006a04      0x1bc c:/nxp/mcuxpressoide_11.2.0_4120/ide/plugins/com.nxp.mcuxpresso.tools.win32_11.2.0.202001021529/tools/bin/../lib/gcc/arm-none-eabi/9.2.1/../../../../arm-none-eabi/lib/thumb/v7-m/nofp\libc.a(lib_a-strcmp.o)
                0x00006a04                strcmp
 .text.strlen   0x00006bc0       0x5c c:/nxp/mcuxpressoide_11.2.0_4120/ide/plugins/com.nxp.mcuxpresso.tools.win32_11.2.0.202001021529/tools/bin/../lib/gcc/arm-none-eabi/9.2.1/../../../../arm-none-eabi/lib/thumb/v7-m/nofp\libc.a(lib_a-strlen-stub.o)
                0x00006bc0                strlen
 .text.strncmp  0x00006c1c       0x7c c:/nxp/mcuxpressoide_11.2.0_4120/ide/plugins/com.nxp.mcuxpresso.tools.win32_11.2.0.202001021529/tools/bin/../lib/gcc/arm-none-eabi/9.2.1/../../../../arm-none-eabi/lib/thumb/v7-m/nofp\libc.a(lib_a-strncmp.o)
                0x00006c1c                strncmp
 .text._svfprintf_r
                0x00006c98     0x1b50 c:/nxp/mcuxpressoide_11.2.0_4120/ide/plugins/com.nxp.mcuxpresso.tools.win32_11.2.0.202001021529/tools/bin/../lib/gcc/arm-none-eabi/9.2.1/../../../../arm-none-eabi/lib/thumb/v7-m/nofp\libc.a(lib_a-svfprintf.o)
                0x00006c98                _svfprintf_r
 .text.__ssvfscanf_r
                0x000087e8     0x16a4 c:/nxp/mcuxpressoide_11.2.0_4120/ide/plugins/com.nxp.mcuxpresso.tools.win32_11.2.0.202001021529/tools/bin/../lib/gcc/arm-none-eabi/9.2.1/../../../../arm-none-eabi/lib/thumb/v7-m/nofp\libc.a(lib_a-svfscanf.o)
                0x000087e8                __ssvfscanf_r
 .text.quorem   0x00009e8c      0x120 c:/nxp/mcuxpressoide_11.2.0_4120/ide/plugins/com.nxp.mcuxpresso.tools.win32_11.2.0.202001021529/tools/bin/../lib/gcc/arm-none-eabi/9.2.1/../../../../arm-none-eabi/lib/thumb/v7-m/nofp\libc.a(lib_a-dtoa.o)
 *fill*         0x00009fac        0x4 ff
 .text._dtoa_r  0x00009fb0      0xe8c c:/nxp/mcuxpressoide_11.2.0_4120/ide/plugins/com.nxp.mcuxpresso.tools.win32_11.2.0.202001021529/tools/bin/../lib/gcc/arm-none-eabi/9.2.1/../../../../arm-none-eabi/lib/thumb/v7-m/nofp\libc.a(lib_a-dtoa.o)
                0x00009fb0                _dtoa_r
 .text._malloc_trim_r
                0x0000ae3c       0xa0 c:/nxp/mcuxpressoide_11.2.0_4120/ide/plugins/com.nxp.mcuxpresso.tools.win32_11.2.0.202001021529/tools/bin/../lib/gcc/arm-none-eabi/9.2.1/../../../../arm-none-eabi/lib/thumb/v7-m/nofp\libc.a(lib_a-freer.o)
                0x0000ae3c                _malloc_trim_r
 .text._free_r  0x0000aedc      0x20c c:/nxp/mcuxpressoide_11.2.0_4120/ide/plugins/com.nxp.mcuxpresso.tools.win32_11.2.0.202001021529/tools/bin/../lib/gcc/arm-none-eabi/9.2.1/../../../../arm-none-eabi/lib/thumb/v7-m/nofp\libc.a(lib_a-freer.o)
                0x0000aedc                _free_r
 .text.iswspace
                0x0000b0e8        0x8 c:/nxp/mcuxpressoide_11.2.0_4120/ide/plugins/com.nxp.mcuxpresso.tools.win32_11.2.0.202001021529/tools/bin/../lib/gcc/arm-none-eabi/9.2.1/../../../../arm-none-eabi/lib/thumb/v7-m/nofp\libc.a(lib_a-iswspace.o)
                0x0000b0e8                iswspace
 .text.iswspace_l
                0x0000b0f0       0x14 c:/nxp/mcuxpressoide_11.2.0_4120/ide/plugins/com.nxp.mcuxpresso.tools.win32_11.2.0.202001021529/tools/bin/../lib/gcc/arm-none-eabi/9.2.1/../../../../arm-none-eabi/lib/thumb/v7-m/nofp\libc.a(lib_a-iswspace_l.o)
                0x0000b0f0                iswspace_l
 .text.__locale_mb_cur_max
                0x0000b104        0xc c:/nxp/mcuxpressoide_11.2.0_4120/ide/plugins/com.nxp.mcuxpresso.tools.win32_11.2.0.202001021529/tools/bin/../lib/gcc/arm-none-eabi/9.2.1/../../../../arm-none-eabi/lib/thumb/v7-m/nofp\libc.a(lib_a-locale.o)
                0x0000b104                __locale_mb_cur_max
 .text._localeconv_r
                0x0000b110        0x8 c:/nxp/mcuxpressoide_11.2.0_4120/ide/plugins/com.nxp.mcuxpresso.tools.win32_11.2.0.202001021529/tools/bin/../lib/gcc/arm-none-eabi/9.2.1/../../../../arm-none-eabi/lib/thumb/v7-m/nofp\libc.a(lib_a-localeconv.o)
                0x0000b110                _localeconv_r
 .text.__retarget_lock_acquire_recursive
                0x0000b118        0x4 c:/nxp/mcuxpressoide_11.2.0_4120/ide/plugins/com.nxp.mcuxpresso.tools.win32_11.2.0.202001021529/tools/bin/../lib/gcc/arm-none-eabi/9.2.1/../../../../arm-none-eabi/lib/thumb/v7-m/nofp\libc.a(lib_a-lock.o)
                0x0000b118                __retarget_lock_acquire_recursive
 .text.__retarget_lock_release_recursive
                0x0000b11c        0x4 c:/nxp/mcuxpressoide_11.2.0_4120/ide/plugins/com.nxp.mcuxpresso.tools.win32_11.2.0.202001021529/tools/bin/../lib/gcc/arm-none-eabi/9.2.1/../../../../arm-none-eabi/lib/thumb/v7-m/nofp\libc.a(lib_a-lock.o)
                0x0000b11c                __retarget_lock_release_recursive
 .text._mbrtowc_r
                0x0000b120       0x44 c:/nxp/mcuxpressoide_11.2.0_4120/ide/plugins/com.nxp.mcuxpresso.tools.win32_11.2.0.202001021529/tools/bin/../lib/gcc/arm-none-eabi/9.2.1/../../../../arm-none-eabi/lib/thumb/v7-m/nofp\libc.a(lib_a-mbrtowc.o)
                0x0000b120                _mbrtowc_r
 .text.__ascii_mbtowc
                0x0000b164       0x2c c:/nxp/mcuxpressoide_11.2.0_4120/ide/plugins/com.nxp.mcuxpresso.tools.win32_11.2.0.202001021529/tools/bin/../lib/gcc/arm-none-eabi/9.2.1/../../../../arm-none-eabi/lib/thumb/v7-m/nofp\libc.a(lib_a-mbtowc_r.o)
                0x0000b164                __ascii_mbtowc
 .text.memchr   0x0000b190       0x80 c:/nxp/mcuxpressoide_11.2.0_4120/ide/plugins/com.nxp.mcuxpresso.tools.win32_11.2.0.202001021529/tools/bin/../lib/gcc/arm-none-eabi/9.2.1/../../../../arm-none-eabi/lib/thumb/v7-m/nofp\libc.a(lib_a-memchr-stub.o)
                0x0000b190                memchr
 .text._Balloc  0x0000b210       0x4c c:/nxp/mcuxpressoide_11.2.0_4120/ide/plugins/com.nxp.mcuxpresso.tools.win32_11.2.0.202001021529/tools/bin/../lib/gcc/arm-none-eabi/9.2.1/../../../../arm-none-eabi/lib/thumb/v7-m/nofp\libc.a(lib_a-mprec.o)
                0x0000b210                _Balloc
 .text._Bfree   0x0000b25c       0x14 c:/nxp/mcuxpressoide_11.2.0_4120/ide/plugins/com.nxp.mcuxpresso.tools.win32_11.2.0.202001021529/tools/bin/../lib/gcc/arm-none-eabi/9.2.1/../../../../arm-none-eabi/lib/thumb/v7-m/nofp\libc.a(lib_a-mprec.o)
                0x0000b25c                _Bfree
 .text.__multadd
                0x0000b270       0x7c c:/nxp/mcuxpressoide_11.2.0_4120/ide/plugins/com.nxp.mcuxpresso.tools.win32_11.2.0.202001021529/tools/bin/../lib/gcc/arm-none-eabi/9.2.1/../../../../arm-none-eabi/lib/thumb/v7-m/nofp\libc.a(lib_a-mprec.o)
                0x0000b270                __multadd
 .text.__s2b    0x0000b2ec       0xa0 c:/nxp/mcuxpressoide_11.2.0_4120/ide/plugins/com.nxp.mcuxpresso.tools.win32_11.2.0.202001021529/tools/bin/../lib/gcc/arm-none-eabi/9.2.1/../../../../arm-none-eabi/lib/thumb/v7-m/nofp\libc.a(lib_a-mprec.o)
                0x0000b2ec                __s2b
 .text.__hi0bits
                0x0000b38c       0x40 c:/nxp/mcuxpressoide_11.2.0_4120/ide/plugins/com.nxp.mcuxpresso.tools.win32_11.2.0.202001021529/tools/bin/../lib/gcc/arm-none-eabi/9.2.1/../../../../arm-none-eabi/lib/thumb/v7-m/nofp\libc.a(lib_a-mprec.o)
                0x0000b38c                __hi0bits
 .text.__lo0bits
                0x0000b3cc       0x60 c:/nxp/mcuxpressoide_11.2.0_4120/ide/plugins/com.nxp.mcuxpresso.tools.win32_11.2.0.202001021529/tools/bin/../lib/gcc/arm-none-eabi/9.2.1/../../../../arm-none-eabi/lib/thumb/v7-m/nofp\libc.a(lib_a-mprec.o)
                0x0000b3cc                __lo0bits
 .text.__i2b    0x0000b42c       0x14 c:/nxp/mcuxpressoide_11.2.0_4120/ide/plugins/com.nxp.mcuxpresso.tools.win32_11.2.0.202001021529/tools/bin/../lib/gcc/arm-none-eabi/9.2.1/../../../../arm-none-eabi/lib/thumb/v7-m/nofp\libc.a(lib_a-mprec.o)
                0x0000b42c                __i2b
 .text.__multiply
                0x0000b440      0x144 c:/nxp/mcuxpressoide_11.2.0_4120/ide/plugins/com.nxp.mcuxpresso.tools.win32_11.2.0.202001021529/tools/bin/../lib/gcc/arm-none-eabi/9.2.1/../../../../arm-none-eabi/lib/thumb/v7-m/nofp\libc.a(lib_a-mprec.o)
                0x0000b440                __multiply
 .text.__pow5mult
                0x0000b584       0xa0 c:/nxp/mcuxpressoide_11.2.0_4120/ide/plugins/com.nxp.mcuxpresso.tools.win32_11.2.0.202001021529/tools/bin/../lib/gcc/arm-none-eabi/9.2.1/../../../../arm-none-eabi/lib/thumb/v7-m/nofp\libc.a(lib_a-mprec.o)
                0x0000b584                __pow5mult
 .text.__lshift
                0x0000b624       0xd0 c:/nxp/mcuxpressoide_11.2.0_4120/ide/plugins/com.nxp.mcuxpresso.tools.win32_11.2.0.202001021529/tools/bin/../lib/gcc/arm-none-eabi/9.2.1/../../../../arm-none-eabi/lib/thumb/v7-m/nofp\libc.a(lib_a-mprec.o)
                0x0000b624                __lshift
 .text.__mcmp   0x0000b6f4       0x3c c:/nxp/mcuxpressoide_11.2.0_4120/ide/plugins/com.nxp.mcuxpresso.tools.win32_11.2.0.202001021529/tools/bin/../lib/gcc/arm-none-eabi/9.2.1/../../../../arm-none-eabi/lib/thumb/v7-m/nofp\libc.a(lib_a-mprec.o)
                0x0000b6f4                __mcmp
 .text.__mdiff  0x0000b730      0x138 c:/nxp/mcuxpressoide_11.2.0_4120/ide/plugins/com.nxp.mcuxpresso.tools.win32_11.2.0.202001021529/tools/bin/../lib/gcc/arm-none-eabi/9.2.1/../../../../arm-none-eabi/lib/thumb/v7-m/nofp\libc.a(lib_a-mprec.o)
                0x0000b730                __mdiff
 .text.__ulp    0x0000b868       0x44 c:/nxp/mcuxpressoide_11.2.0_4120/ide/plugins/com.nxp.mcuxpresso.tools.win32_11.2.0.202001021529/tools/bin/../lib/gcc/arm-none-eabi/9.2.1/../../../../arm-none-eabi/lib/thumb/v7-m/nofp\libc.a(lib_a-mprec.o)
                0x0000b868                __ulp
 .text.__b2d    0x0000b8ac       0xd4 c:/nxp/mcuxpressoide_11.2.0_4120/ide/plugins/com.nxp.mcuxpresso.tools.win32_11.2.0.202001021529/tools/bin/../lib/gcc/arm-none-eabi/9.2.1/../../../../arm-none-eabi/lib/thumb/v7-m/nofp\libc.a(lib_a-mprec.o)
                0x0000b8ac                __b2d
 .text.__d2b    0x0000b980       0xa8 c:/nxp/mcuxpressoide_11.2.0_4120/ide/plugins/com.nxp.mcuxpresso.tools.win32_11.2.0.202001021529/tools/bin/../lib/gcc/arm-none-eabi/9.2.1/../../../../arm-none-eabi/lib/thumb/v7-m/nofp\libc.a(lib_a-mprec.o)
                0x0000b980                __d2b
 .text.__ratio  0x0000ba28       0x5c c:/nxp/mcuxpressoide_11.2.0_4120/ide/plugins/com.nxp.mcuxpresso.tools.win32_11.2.0.202001021529/tools/bin/../lib/gcc/arm-none-eabi/9.2.1/../../../../arm-none-eabi/lib/thumb/v7-m/nofp\libc.a(lib_a-mprec.o)
                0x0000ba28                __ratio
 .text.__copybits
                0x0000ba84       0x48 c:/nxp/mcuxpressoide_11.2.0_4120/ide/plugins/com.nxp.mcuxpresso.tools.win32_11.2.0.202001021529/tools/bin/../lib/gcc/arm-none-eabi/9.2.1/../../../../arm-none-eabi/lib/thumb/v7-m/nofp\libc.a(lib_a-mprec.o)
                0x0000ba84                __copybits
 .text.__any_on
                0x0000bacc       0x60 c:/nxp/mcuxpressoide_11.2.0_4120/ide/plugins/com.nxp.mcuxpresso.tools.win32_11.2.0.202001021529/tools/bin/../lib/gcc/arm-none-eabi/9.2.1/../../../../arm-none-eabi/lib/thumb/v7-m/nofp\libc.a(lib_a-mprec.o)
                0x0000bacc                __any_on
 .text.realloc  0x0000bb2c       0x10 c:/nxp/mcuxpressoide_11.2.0_4120/ide/plugins/com.nxp.mcuxpresso.tools.win32_11.2.0.202001021529/tools/bin/../lib/gcc/arm-none-eabi/9.2.1/../../../../arm-none-eabi/lib/thumb/v7-m/nofp\libc.a(lib_a-realloc.o)
                0x0000bb2c                realloc
 .text._realloc_r
                0x0000bb3c      0x3e0 c:/nxp/mcuxpressoide_11.2.0_4120/ide/plugins/com.nxp.mcuxpresso.tools.win32_11.2.0.202001021529/tools/bin/../lib/gcc/arm-none-eabi/9.2.1/../../../../arm-none-eabi/lib/thumb/v7-m/nofp\libc.a(lib_a-reallocr.o)
                0x0000bb3c                _realloc_r
 .text.frexp    0x0000bf1c       0x70 c:/nxp/mcuxpressoide_11.2.0_4120/ide/plugins/com.nxp.mcuxpresso.tools.win32_11.2.0.202001021529/tools/bin/../lib/gcc/arm-none-eabi/9.2.1/../../../../arm-none-eabi/lib/thumb/v7-m/nofp\libc.a(lib_a-s_frexp.o)
                0x0000bf1c                frexp
 .text.__sccl   0x0000bf8c       0x88 c:/nxp/mcuxpressoide_11.2.0_4120/ide/plugins/com.nxp.mcuxpresso.tools.win32_11.2.0.202001021529/tools/bin/../lib/gcc/arm-none-eabi/9.2.1/../../../../arm-none-eabi/lib/thumb/v7-m/nofp\libc.a(lib_a-sccl.o)
                0x0000bf8c                __sccl
 .text.nanf     0x0000c014        0x8 c:/nxp/mcuxpressoide_11.2.0_4120/ide/plugins/com.nxp.mcuxpresso.tools.win32_11.2.0.202001021529/tools/bin/../lib/gcc/arm-none-eabi/9.2.1/../../../../arm-none-eabi/lib/thumb/v7-m/nofp\libc.a(lib_a-sf_nan.o)
                0x0000c014                nanf
 .text.strncpy  0x0000c01c       0x68 c:/nxp/mcuxpressoide_11.2.0_4120/ide/plugins/com.nxp.mcuxpresso.tools.win32_11.2.0.202001021529/tools/bin/../lib/gcc/arm-none-eabi/9.2.1/../../../../arm-none-eabi/lib/thumb/v7-m/nofp\libc.a(lib_a-strncpy.o)
                0x0000c01c                strncpy
 .text.sulp     0x0000c084       0x44 c:/nxp/mcuxpressoide_11.2.0_4120/ide/plugins/com.nxp.mcuxpresso.tools.win32_11.2.0.202001021529/tools/bin/../lib/gcc/arm-none-eabi/9.2.1/../../../../arm-none-eabi/lib/thumb/v7-m/nofp\libc.a(lib_a-strtod.o)
 .text._strtod_l
                0x0000c0c8      0xf2c c:/nxp/mcuxpressoide_11.2.0_4120/ide/plugins/com.nxp.mcuxpresso.tools.win32_11.2.0.202001021529/tools/bin/../lib/gcc/arm-none-eabi/9.2.1/../../../../arm-none-eabi/lib/thumb/v7-m/nofp\libc.a(lib_a-strtod.o)
                0x0000c0c8                _strtod_l
 .text._strtod_r
                0x0000cff4        0xc c:/nxp/mcuxpressoide_11.2.0_4120/ide/plugins/com.nxp.mcuxpresso.tools.win32_11.2.0.202001021529/tools/bin/../lib/gcc/arm-none-eabi/9.2.1/../../../../arm-none-eabi/lib/thumb/v7-m/nofp\libc.a(lib_a-strtod.o)
                0x0000cff4                _strtod_r
 .text._strtol_l.isra.0
                0x0000d000      0x110 c:/nxp/mcuxpressoide_11.2.0_4120/ide/plugins/com.nxp.mcuxpresso.tools.win32_11.2.0.202001021529/tools/bin/../lib/gcc/arm-none-eabi/9.2.1/../../../../arm-none-eabi/lib/thumb/v7-m/nofp\libc.a(lib_a-strtol.o)
 .text._strtol_r
                0x0000d110        0x4 c:/nxp/mcuxpressoide_11.2.0_4120/ide/plugins/com.nxp.mcuxpresso.tools.win32_11.2.0.202001021529/tools/bin/../lib/gcc/arm-none-eabi/9.2.1/../../../../arm-none-eabi/lib/thumb/v7-m/nofp\libc.a(lib_a-strtol.o)
                0x0000d110                _strtol_r
 .text._strtoll_l.isra.0
                0x0000d114      0x17c c:/nxp/mcuxpressoide_11.2.0_4120/ide/plugins/com.nxp.mcuxpresso.tools.win32_11.2.0.202001021529/tools/bin/../lib/gcc/arm-none-eabi/9.2.1/../../../../arm-none-eabi/lib/thumb/v7-m/nofp\libc.a(lib_a-strtoll.o)
 .text._strtoll_r
                0x0000d290        0x4 c:/nxp/mcuxpressoide_11.2.0_4120/ide/plugins/com.nxp.mcuxpresso.tools.win32_11.2.0.202001021529/tools/bin/../lib/gcc/arm-none-eabi/9.2.1/../../../../arm-none-eabi/lib/thumb/v7-m/nofp\libc.a(lib_a-strtoll.o)
                0x0000d290                _strtoll_r
 .text._strtoul_l.isra.0
                0x0000d294      0x13c c:/nxp/mcuxpressoide_11.2.0_4120/ide/plugins/com.nxp.mcuxpresso.tools.win32_11.2.0.202001021529/tools/bin/../lib/gcc/arm-none-eabi/9.2.1/../../../../arm-none-eabi/lib/thumb/v7-m/nofp\libc.a(lib_a-strtoul.o)
 .text._strtoul_r
                0x0000d3d0        0x4 c:/nxp/mcuxpressoide_11.2.0_4120/ide/plugins/com.nxp.mcuxpresso.tools.win32_11.2.0.202001021529/tools/bin/../lib/gcc/arm-none-eabi/9.2.1/../../../../arm-none-eabi/lib/thumb/v7-m/nofp\libc.a(lib_a-strtoul.o)
                0x0000d3d0                _strtoul_r
 .text._strtoull_l.isra.0
                0x0000d3d4      0x1b8 c:/nxp/mcuxpressoide_11.2.0_4120/ide/plugins/com.nxp.mcuxpresso.tools.win32_11.2.0.202001021529/tools/bin/../lib/gcc/arm-none-eabi/9.2.1/../../../../arm-none-eabi/lib/thumb/v7-m/nofp\libc.a(lib_a-strtoull.o)
 .text._strtoull_r
                0x0000d58c        0x4 c:/nxp/mcuxpressoide_11.2.0_4120/ide/plugins/com.nxp.mcuxpresso.tools.win32_11.2.0.202001021529/tools/bin/../lib/gcc/arm-none-eabi/9.2.1/../../../../arm-none-eabi/lib/thumb/v7-m/nofp\libc.a(lib_a-strtoull.o)
                0x0000d58c                _strtoull_r
 .text.__ssprint_r
                0x0000d590       0xf8 c:/nxp/mcuxpressoide_11.2.0_4120/ide/plugins/com.nxp.mcuxpresso.tools.win32_11.2.0.202001021529/tools/bin/../lib/gcc/arm-none-eabi/9.2.1/../../../../arm-none-eabi/lib/thumb/v7-m/nofp\libc.a(lib_a-svfiprintf.o)
                0x0000d590                __ssprint_r
 .text._sungetc_r
                0x0000d688       0x80 c:/nxp/mcuxpressoide_11.2.0_4120/ide/plugins/com.nxp.mcuxpresso.tools.win32_11.2.0.202001021529/tools/bin/../lib/gcc/arm-none-eabi/9.2.1/../../../../arm-none-eabi/lib/thumb/v7-m/nofp\libc.a(lib_a-svfiscanf.o)
                0x0000d688                _sungetc_r
 .text.__ssrefill_r
                0x0000d708       0x3c c:/nxp/mcuxpressoide_11.2.0_4120/ide/plugins/com.nxp.mcuxpresso.tools.win32_11.2.0.202001021529/tools/bin/../lib/gcc/arm-none-eabi/9.2.1/../../../../arm-none-eabi/lib/thumb/v7-m/nofp\libc.a(lib_a-svfiscanf.o)
                0x0000d708                __ssrefill_r
 .text._sfread_r
                0x0000d744       0x80 c:/nxp/mcuxpressoide_11.2.0_4120/ide/plugins/com.nxp.mcuxpresso.tools.win32_11.2.0.202001021529/tools/bin/../lib/gcc/arm-none-eabi/9.2.1/../../../../arm-none-eabi/lib/thumb/v7-m/nofp\libc.a(lib_a-svfiscanf.o)
                0x0000d744                _sfread_r
 .text.__submore
                0x0000d7c4       0x78 c:/nxp/mcuxpressoide_11.2.0_4120/ide/plugins/com.nxp.mcuxpresso.tools.win32_11.2.0.202001021529/tools/bin/../lib/gcc/arm-none-eabi/9.2.1/../../../../arm-none-eabi/lib/thumb/v7-m/nofp\libc.a(lib_a-ungetc.o)
                0x0000d7c4                __submore
 .text.__ascii_wctomb
                0x0000d83c       0x1c c:/nxp/mcuxpressoide_11.2.0_4120/ide/plugins/com.nxp.mcuxpresso.tools.win32_11.2.0.202001021529/tools/bin/../lib/gcc/arm-none-eabi/9.2.1/../../../../arm-none-eabi/lib/thumb/v7-m/nofp\libc.a(lib_a-wctomb_r.o)
                0x0000d83c                __ascii_wctomb
 .text._calloc_r
                0x0000d858       0x60 c:/nxp/mcuxpressoide_11.2.0_4120/ide/plugins/com.nxp.mcuxpresso.tools.win32_11.2.0.202001021529/tools/bin/../lib/gcc/arm-none-eabi/9.2.1/../../../../arm-none-eabi/lib/thumb/v7-m/nofp\libc.a(lib_a-callocr.o)
                0x0000d858                _calloc_r
 .text.rshift   0x0000d8b8       0xa4 c:/nxp/mcuxpressoide_11.2.0_4120/ide/plugins/com.nxp.mcuxpresso.tools.win32_11.2.0.202001021529/tools/bin/../lib/gcc/arm-none-eabi/9.2.1/../../../../arm-none-eabi/lib/thumb/v7-m/nofp\libc.a(lib_a-gdtoa-gethex.o)
 .text.__gethex
                0x0000d95c      0x524 c:/nxp/mcuxpressoide_11.2.0_4120/ide/plugins/com.nxp.mcuxpresso.tools.win32_11.2.0.202001021529/tools/bin/../lib/gcc/arm-none-eabi/9.2.1/../../../../arm-none-eabi/lib/thumb/v7-m/nofp\libc.a(lib_a-gdtoa-gethex.o)
                0x0000d95c                __gethex
 .text.__match  0x0000de80       0x30 c:/nxp/mcuxpressoide_11.2.0_4120/ide/plugins/com.nxp.mcuxpresso.tools.win32_11.2.0.202001021529/tools/bin/../lib/gcc/arm-none-eabi/9.2.1/../../../../arm-none-eabi/lib/thumb/v7-m/nofp\libc.a(lib_a-gdtoa-hexnan.o)
                0x0000de80                __match
 .text.__hexnan
                0x0000deb0      0x1a0 c:/nxp/mcuxpressoide_11.2.0_4120/ide/plugins/com.nxp.mcuxpresso.tools.win32_11.2.0.202001021529/tools/bin/../lib/gcc/arm-none-eabi/9.2.1/../../../../arm-none-eabi/lib/thumb/v7-m/nofp\libc.a(lib_a-gdtoa-hexnan.o)
                0x0000deb0                __hexnan
 .text.memmove  0x0000e050       0xd4 c:/nxp/mcuxpressoide_11.2.0_4120/ide/plugins/com.nxp.mcuxpresso.tools.win32_11.2.0.202001021529/tools/bin/../lib/gcc/arm-none-eabi/9.2.1/../../../../arm-none-eabi/lib/thumb/v7-m/nofp\libc.a(lib_a-memmove.o)
                0x0000e050                memmove
 .text.nan      0x0000e124        0xc c:/nxp/mcuxpressoide_11.2.0_4120/ide/plugins/com.nxp.mcuxpresso.tools.win32_11.2.0.202001021529/tools/bin/../lib/gcc/arm-none-eabi/9.2.1/../../../../arm-none-eabi/lib/thumb/v7-m/nofp\libc.a(lib_a-s_nan.o)
                0x0000e124                nan
 .text._sbrk    0x0000e130       0x3c c:/nxp/mcuxpressoide_11.2.0_4120/ide/plugins/com.nxp.mcuxpresso.tools.win32_11.2.0.202001021529/tools/bin/../lib/gcc/arm-none-eabi/9.2.1/../../../../arm-none-eabi/lib/thumb/v7-m/nofp\libcr_newlib_nohost.a(_cr_sbrk.o)
                0x0000e130                _sbrk
 .text.__check_heap_overflow
                0x0000e16c       0x14 c:/nxp/mcuxpressoide_11.2.0_4120/ide/plugins/com.nxp.mcuxpresso.tools.win32_11.2.0.202001021529/tools/bin/../lib/gcc/arm-none-eabi/9.2.1/../../../../arm-none-eabi/lib/thumb/v7-m/nofp\libcr_newlib_nohost.a(_cr_check_heap.o)
                0x0000e16c                __check_heap_overflow
 .text          0x0000e180       0x40 c:/nxp/mcuxpressoide_11.2.0_4120/ide/plugins/com.nxp.mcuxpresso.tools.win32_11.2.0.202001021529/tools/bin/../lib/gcc/arm-none-eabi/9.2.1/thumb/v7-m/nofp\crtbegin.o
 .text          0x0000e1c0      0x378 c:/nxp/mcuxpressoide_11.2.0_4120/ide/plugins/com.nxp.mcuxpresso.tools.win32_11.2.0.202001021529/tools/bin/../lib/gcc/arm-none-eabi/9.2.1/thumb/v7-m/nofp\libgcc.a(_arm_addsubdf3.o)
                0x0000e1c0                __aeabi_drsub
                0x0000e1c8                __aeabi_dsub
                0x0000e1c8                __subdf3
                0x0000e1cc                __aeabi_dadd
                0x0000e1cc                __adddf3
                0x0000e444                __floatunsidf
                0x0000e444                __aeabi_ui2d
                0x0000e464                __floatsidf
                0x0000e464                __aeabi_i2d
                0x0000e488                __aeabi_f2d
                0x0000e488                __extendsfdf2
                0x0000e4cc                __floatundidf
                0x0000e4cc                __aeabi_ul2d
                0x0000e4dc                __floatdidf
                0x0000e4dc                __aeabi_l2d
 .text          0x0000e538      0x424 c:/nxp/mcuxpressoide_11.2.0_4120/ide/plugins/com.nxp.mcuxpresso.tools.win32_11.2.0.202001021529/tools/bin/../lib/gcc/arm-none-eabi/9.2.1/thumb/v7-m/nofp\libgcc.a(_arm_muldivdf3.o)
                0x0000e538                __aeabi_dmul
                0x0000e538                __muldf3
                0x0000e78c                __divdf3
                0x0000e78c                __aeabi_ddiv
 .text          0x0000e95c      0x110 c:/nxp/mcuxpressoide_11.2.0_4120/ide/plugins/com.nxp.mcuxpresso.tools.win32_11.2.0.202001021529/tools/bin/../lib/gcc/arm-none-eabi/9.2.1/thumb/v7-m/nofp\libgcc.a(_arm_cmpdf2.o)
                0x0000e95c                __gtdf2
                0x0000e95c                __gedf2
                0x0000e964                __ltdf2
                0x0000e964                __ledf2
                0x0000e96c                __nedf2
                0x0000e96c                __eqdf2
                0x0000e96c                __cmpdf2
                0x0000e9e8                __aeabi_cdrcmple
                0x0000e9f8                __aeabi_cdcmpeq
                0x0000e9f8                __aeabi_cdcmple
                0x0000ea08                __aeabi_dcmpeq
                0x0000ea1c                __aeabi_dcmplt
                0x0000ea30                __aeabi_dcmple
                0x0000ea44                __aeabi_dcmpge
                0x0000ea58                __aeabi_dcmpgt
 .text          0x0000ea6c       0x2c c:/nxp/mcuxpressoide_11.2.0_4120/ide/plugins/com.nxp.mcuxpresso.tools.win32_11.2.0.202001021529/tools/bin/../lib/gcc/arm-none-eabi/9.2.1/thumb/v7-m/nofp\libgcc.a(_arm_unorddf2.o)
                0x0000ea6c                __unorddf2
                0x0000ea6c                __aeabi_dcmpun
 .text          0x0000ea98       0x50 c:/nxp/mcuxpressoide_11.2.0_4120/ide/plugins/com.nxp.mcuxpresso.tools.win32_11.2.0.202001021529/tools/bin/../lib/gcc/arm-none-eabi/9.2.1/thumb/v7-m/nofp\libgcc.a(_arm_fixdfsi.o)
                0x0000ea98                __aeabi_d2iz
                0x0000ea98                __fixdfsi
 .text          0x0000eae8       0x40 c:/nxp/mcuxpressoide_11.2.0_4120/ide/plugins/com.nxp.mcuxpresso.tools.win32_11.2.0.202001021529/tools/bin/../lib/gcc/arm-none-eabi/9.2.1/thumb/v7-m/nofp\libgcc.a(_arm_fixunsdfsi.o)
                0x0000eae8                __aeabi_d2uiz
                0x0000eae8                __fixunsdfsi
 .text          0x0000eb28       0xa0 c:/nxp/mcuxpressoide_11.2.0_4120/ide/plugins/com.nxp.mcuxpresso.tools.win32_11.2.0.202001021529/tools/bin/../lib/gcc/arm-none-eabi/9.2.1/thumb/v7-m/nofp\libgcc.a(_arm_truncdfsf2.o)
                0x0000eb28                __truncdfsf2
                0x0000eb28                __aeabi_d2f
 .text          0x0000ebc8       0x34 c:/nxp/mcuxpressoide_11.2.0_4120/ide/plugins/com.nxp.mcuxpresso.tools.win32_11.2.0.202001021529/tools/bin/../lib/gcc/arm-none-eabi/9.2.1/thumb/v7-m/nofp\libgcc.a(_fixdfdi.o)
                0x0000ebc8                __fixdfdi
                0x0000ebc8                __aeabi_d2lz
 .text          0x0000ebfc       0x3c c:/nxp/mcuxpressoide_11.2.0_4120/ide/plugins/com.nxp.mcuxpresso.tools.win32_11.2.0.202001021529/tools/bin/../lib/gcc/arm-none-eabi/9.2.1/thumb/v7-m/nofp\libgcc.a(_fixunsdfdi.o)
                0x0000ebfc                __fixunsdfdi
                0x0000ebfc                __aeabi_d2ulz
 .text.__errno  0x0000ec38        0xc c:/nxp/mcuxpressoide_11.2.0_4120/ide/plugins/com.nxp.mcuxpresso.tools.win32_11.2.0.202001021529/tools/bin/../lib/gcc/arm-none-eabi/9.2.1/../../../../arm-none-eabi/lib/thumb/v7-m/nofp\libc.a(lib_a-errno.o)
                0x0000ec38                __errno
 *(.rodata .rodata.* .constdata .constdata.*)
 .rodata._ZTV15BinarySemaphore
                0x0000ec44       0x10 ./src/BinarySemaphore.o
                0x0000ec44                vtable for BinarySemaphore
 .rodata._ZN9GCodeItem5parseEPKcRS_.str1.4
                0x0000ec54       0x4c ./src/GCodeItem.o
 .rodata.USB_DeviceDescriptor
                0x0000eca0       0x12 ./src/cdc_desc.o
                0x0000eca0                USB_DeviceDescriptor
 *fill*         0x0000ecb2        0x2 ff
 .rodata.USB_StringDescriptor
                0x0000ecb4       0x38 ./src/cdc_desc.o
                0x0000ecb4                USB_StringDescriptor
 .rodata.cdc_task.str1.4
                0x0000ecec       0x7c ./src/cdc_main.o
 .rodata._ZL6vTask1Pv.str1.4
                0x0000ed68       0x49 ./src/main.o
 *fill*         0x0000edb1        0x3 ff
 .rodata.main.str1.4
                0x0000edb4        0xa ./src/main.o
 *fill*         0x0000edbe        0x2 ff
 .rodata._ZTV10penControl
                0x0000edc0       0x10 ./src/penControl.o
                0x0000edc0                vtable for penControl
 .rodata.OscRateIn
                0x0000edd0        0x4 C:\Users\David\Desktop\MCUxpresso Projects\workspace\lpc_board_nxp_lpcxpresso_1549\Debug\liblpc_board_nxp_lpcxpresso_1549.a(board.o)
                0x0000edd0                OscRateIn
 .rodata.RTCOscRateIn
                0x0000edd4        0x4 C:\Users\David\Desktop\MCUxpresso Projects\workspace\lpc_board_nxp_lpcxpresso_1549\Debug\liblpc_board_nxp_lpcxpresso_1549.a(board.o)
                0x0000edd4                RTCOscRateIn
 .rodata.ledpins
                0x0000edd8        0x3 C:\Users\David\Desktop\MCUxpresso Projects\workspace\lpc_board_nxp_lpcxpresso_1549\Debug\liblpc_board_nxp_lpcxpresso_1549.a(board.o)
 *fill*         0x0000eddb        0x1 ff
 .rodata.ledports
                0x0000eddc        0x3 C:\Users\David\Desktop\MCUxpresso Projects\workspace\lpc_board_nxp_lpcxpresso_1549\Debug\liblpc_board_nxp_lpcxpresso_1549.a(board.o)
 *fill*         0x0000eddf        0x1 ff
 .rodata.ioconSetup
                0x0000ede0       0x74 C:\Users\David\Desktop\MCUxpresso Projects\workspace\lpc_board_nxp_lpcxpresso_1549\Debug\liblpc_board_nxp_lpcxpresso_1549.a(board_sysinit.o)
 .rodata.swmSetup
                0x0000ee54        0x6 C:\Users\David\Desktop\MCUxpresso Projects\workspace\lpc_board_nxp_lpcxpresso_1549\Debug\liblpc_board_nxp_lpcxpresso_1549.a(board_sysinit.o)
 *fill*         0x0000ee5a        0x2 ff
 .rodata.vTaskStartScheduler.str1.4
                0x0000ee5c        0x5 C:\Users\David\Desktop\MCUxpresso Projects\workspace\FreeRTOS\Debug\libFreeRTOS.a(tasks.o)
 *fill*         0x0000ee61        0x3 ff
 .rodata._svfprintf_r.str1.4
                0x0000ee64       0x42 c:/nxp/mcuxpressoide_11.2.0_4120/ide/plugins/com.nxp.mcuxpresso.tools.win32_11.2.0.202001021529/tools/bin/../lib/gcc/arm-none-eabi/9.2.1/../../../../arm-none-eabi/lib/thumb/v7-m/nofp\libc.a(lib_a-svfprintf.o)
 *fill*         0x0000eea6        0x2 ff
 .rodata.blanks.7345
                0x0000eea8       0x10 c:/nxp/mcuxpressoide_11.2.0_4120/ide/plugins/com.nxp.mcuxpresso.tools.win32_11.2.0.202001021529/tools/bin/../lib/gcc/arm-none-eabi/9.2.1/../../../../arm-none-eabi/lib/thumb/v7-m/nofp\libc.a(lib_a-svfprintf.o)
 .rodata.zeroes.7346
                0x0000eeb8       0x10 c:/nxp/mcuxpressoide_11.2.0_4120/ide/plugins/com.nxp.mcuxpresso.tools.win32_11.2.0.202001021529/tools/bin/../lib/gcc/arm-none-eabi/9.2.1/../../../../arm-none-eabi/lib/thumb/v7-m/nofp\libc.a(lib_a-svfprintf.o)
 .rodata.__ssvfscanf_r.str1.4
                0x0000eec8        0x5 c:/nxp/mcuxpressoide_11.2.0_4120/ide/plugins/com.nxp.mcuxpresso.tools.win32_11.2.0.202001021529/tools/bin/../lib/gcc/arm-none-eabi/9.2.1/../../../../arm-none-eabi/lib/thumb/v7-m/nofp\libc.a(lib_a-svfscanf.o)
                                  0x9 (size before relaxing)
 *fill*         0x0000eecd        0x3 ff
 .rodata.basefix.7414
                0x0000eed0       0x22 c:/nxp/mcuxpressoide_11.2.0_4120/ide/plugins/com.nxp.mcuxpresso.tools.win32_11.2.0.202001021529/tools/bin/../lib/gcc/arm-none-eabi/9.2.1/../../../../arm-none-eabi/lib/thumb/v7-m/nofp\libc.a(lib_a-svfscanf.o)
 *fill*         0x0000eef2        0x2 ff
 .rodata._ctype_
                0x0000eef4      0x101 c:/nxp/mcuxpressoide_11.2.0_4120/ide/plugins/com.nxp.mcuxpresso.tools.win32_11.2.0.202001021529/tools/bin/../lib/gcc/arm-none-eabi/9.2.1/../../../../arm-none-eabi/lib/thumb/v7-m/nofp\libc.a(lib_a-ctype_.o)
                0x0000eef4                _ctype_
 *fill*         0x0000eff5        0x3 ff
 .rodata._dtoa_r.str1.4
                0x0000eff8        0xd c:/nxp/mcuxpressoide_11.2.0_4120/ide/plugins/com.nxp.mcuxpresso.tools.win32_11.2.0.202001021529/tools/bin/../lib/gcc/arm-none-eabi/9.2.1/../../../../arm-none-eabi/lib/thumb/v7-m/nofp\libc.a(lib_a-dtoa.o)
                                 0x12 (size before relaxing)
 *fill*         0x0000f005        0x3 ff
 .rodata._setlocale_r.str1.4
                0x0000f008        0xa c:/nxp/mcuxpressoide_11.2.0_4120/ide/plugins/com.nxp.mcuxpresso.tools.win32_11.2.0.202001021529/tools/bin/../lib/gcc/arm-none-eabi/9.2.1/../../../../arm-none-eabi/lib/thumb/v7-m/nofp\libc.a(lib_a-locale.o)
                                  0xd (size before relaxing)
 *fill*         0x0000f012        0x2 ff
 .rodata.str1.4
                0x0000f014        0x2 c:/nxp/mcuxpressoide_11.2.0_4120/ide/plugins/com.nxp.mcuxpresso.tools.win32_11.2.0.202001021529/tools/bin/../lib/gcc/arm-none-eabi/9.2.1/../../../../arm-none-eabi/lib/thumb/v7-m/nofp\libc.a(lib_a-locale.o)
 .rodata._mbrtowc_r.str1.4
                0x0000f016        0x1 c:/nxp/mcuxpressoide_11.2.0_4120/ide/plugins/com.nxp.mcuxpresso.tools.win32_11.2.0.202001021529/tools/bin/../lib/gcc/arm-none-eabi/9.2.1/../../../../arm-none-eabi/lib/thumb/v7-m/nofp\libc.a(lib_a-mbrtowc.o)
 *fill*         0x0000f016        0x2 ff
 .rodata.__mprec_bigtens
                0x0000f018       0x28 c:/nxp/mcuxpressoide_11.2.0_4120/ide/plugins/com.nxp.mcuxpresso.tools.win32_11.2.0.202001021529/tools/bin/../lib/gcc/arm-none-eabi/9.2.1/../../../../arm-none-eabi/lib/thumb/v7-m/nofp\libc.a(lib_a-mprec.o)
                0x0000f018                __mprec_bigtens
 .rodata.__mprec_tens
                0x0000f040       0xc8 c:/nxp/mcuxpressoide_11.2.0_4120/ide/plugins/com.nxp.mcuxpresso.tools.win32_11.2.0.202001021529/tools/bin/../lib/gcc/arm-none-eabi/9.2.1/../../../../arm-none-eabi/lib/thumb/v7-m/nofp\libc.a(lib_a-mprec.o)
                0x0000f040                __mprec_tens
 .rodata.p05.6115
                0x0000f108        0xc c:/nxp/mcuxpressoide_11.2.0_4120/ide/plugins/com.nxp.mcuxpresso.tools.win32_11.2.0.202001021529/tools/bin/../lib/gcc/arm-none-eabi/9.2.1/../../../../arm-none-eabi/lib/thumb/v7-m/nofp\libc.a(lib_a-mprec.o)
 .rodata._strtod_l.str1.4
                0x0000f114        0xf c:/nxp/mcuxpressoide_11.2.0_4120/ide/plugins/com.nxp.mcuxpresso.tools.win32_11.2.0.202001021529/tools/bin/../lib/gcc/arm-none-eabi/9.2.1/../../../../arm-none-eabi/lib/thumb/v7-m/nofp\libc.a(lib_a-strtod.o)
                                 0x11 (size before relaxing)